// Vitest Snapshot v1, https://vitest.dev/guide/snapshot.html

exports[`compatible-ir-versions > simple failure 1`] = `
[
  {
    "message": "baz has content-type, but the request is not multipart",
    "nodePath": [
      "service",
      "endpoints",
      "json",
    ],
    "relativeFilepath": "simple.yml",
    "severity": "fatal",
  },
]
`;
