{
  "types": {
    "RequestOne": {
      "description": "A generic request type used throughout the API.\n",
      "name": "RequestOne",
      "shape": {
        "type": "object",
        "extends": [],
        "properties": [
          {
            "key": "variant",
            "valueType": {
              "type": "optional",
              "itemType": {
                "type": "literal",
                "value": {
                  "type": "stringLiteral",
                  "value": "request"
                }
              }
            }
          },
          {
            "key": "foo",
            "valueType": {
              "type": "optional",
              "itemType": {
                "type": "primitive",
                "value": {
                  "type": "integer"
                }
              }
            }
          }
        ]
      }
    },
    "RequestTwo": {
      "description": "A generic response type used throughout the API.\n",
      "name": "RequestTwo",
      "shape": {
        "type": "object",
        "extends": [],
        "properties": [
          {
            "key": "variant",
            "valueType": {
              "type": "optional",
              "itemType": {
                "type": "literal",
                "value": {
                  "type": "stringLiteral",
                  "value": "response"
                }
              }
            }
          },
          {
            "key": "bar",
            "valueType": {
              "type": "optional",
              "itemType": {
                "type": "primitive",
                "value": {
                  "type": "integer"
                }
              }
            }
          }
        ]
      }
    },
    "SampleUnion": {
      "name": "SampleUnion",
      "shape": {
        "type": "undiscriminatedUnion",
        "variants": [
          {
            "typeName": "RequestOne",
            "type": {
              "type": "id",
              "value": "RequestOne"
            }
          },
          {
            "typeName": "RequestTwo",
            "type": {
              "type": "id",
              "value": "RequestTwo"
            }
          }
        ]
      }
    }
  },
  "subpackages": {},
  "rootPackage": {
    "endpoints": [
      {
        "auth": false,
        "method": "GET",
        "id": "Get",
        "originalEndpointId": "Get",
        "name": "Get",
        "path": {
          "pathParameters": [],
          "parts": [
            {
              "type": "literal",
              "value": ""
            },
            {
              "type": "literal",
              "value": "/test"
            }
          ]
        },
        "queryParameters": [],
        "headers": [],
        "request": {
          "type": {
            "type": "json",
            "contentType": "application/json",
            "shape": {
              "type": "reference",
              "value": {
                "type": "id",
                "value": "RequestOne"
              }
            },
            "description": "A simple API request."
          },
          "description": "A simple API request."
        },
        "response": {
          "type": {
            "type": "reference",
            "value": {
              "type": "primitive",
              "value": {
                "type": "string"
              }
            }
          },
          "statusCode": 200,
          "description": "A simple API response."
        },
        "errorsV2": [],
        "examples": [
          {
            "name": "",
            "description": "",
            "path": "/test",
            "pathParameters": {},
            "queryParameters": {},
            "headers": {},
            "requestBody": {},
            "requestBodyV3": {
              "type": "json",
              "value": {}
            },
            "responseStatusCode": 200,
            "responseBody": {
              "type": "json",
              "value": "foo"
            },
            "responseBodyV3": {
              "type": "json",
              "value": "foo"
            }
          }
        ],
        "protocol": {
          "type": "rest"
        }
      },
      {
        "auth": false,
        "method": "POST",
        "id": "Post",
        "originalEndpointId": "Post",
        "name": "Post",
        "path": {
          "pathParameters": [],
          "parts": [
            {
              "type": "literal",
              "value": ""
            },
            {
              "type": "literal",
              "value": "/test"
            }
          ]
        },
        "queryParameters": [],
        "headers": [],
        "request": {
          "type": {
            "type": "json",
            "contentType": "application/json",
            "shape": {
              "type": "reference",
              "value": {
                "type": "id",
                "value": "SampleUnion"
              }
            },
            "description": "A simple API request."
          },
          "description": "A simple API request."
        },
        "response": {
          "type": {
            "type": "reference",
            "value": {
              "type": "primitive",
              "value": {
                "type": "string"
              }
            }
          },
          "statusCode": 200,
          "description": "A simple API response."
        },
        "errorsV2": [],
        "examples": [
          {
            "name": "",
            "description": "",
            "path": "/test",
            "pathParameters": {},
            "queryParameters": {},
            "headers": {},
            "requestBody": {},
            "requestBodyV3": {
              "type": "json",
              "value": {}
            },
            "responseStatusCode": 200,
            "responseBody": {
              "type": "json",
              "value": "foo"
            },
            "responseBodyV3": {
              "type": "json",
              "value": "foo"
            }
          }
        ],
        "protocol": {
          "type": "rest"
        }
      }
    ],
    "webhooks": [],
    "websockets": [],
    "types": [
      "RequestOne",
      "RequestTwo",
      "SampleUnion"
    ],
    "subpackages": []
  },
  "snippetsConfiguration": {},
  "globalHeaders": []
}