{
  "types": {
    "type_a/d/types:Foo": {
      "name": "Foo",
      "shape": {
        "type": "alias",
        "value": {
          "type": "primitive",
          "value": {
            "type": "string"
          }
        }
      }
    }
  },
  "subpackages": {
    "subpackage_a": {
      "subpackageId": "subpackage_a",
      "name": "a",
      "endpoints": [],
      "webhooks": [],
      "websockets": [],
      "types": [],
      "subpackages": [
        "subpackage_a/b",
        "subpackage_a/c",
        "subpackage_a/d"
      ]
    },
    "subpackage_a/b": {
      "subpackageId": "subpackage_a/b",
      "name": "b",
      "endpoints": [
        {
          "auth": false,
          "method": "POST",
          "id": "foo",
          "originalEndpointId": "endpoint_a/b.foo",
          "name": "Foo",
          "path": {
            "pathParameters": [],
            "parts": [
              {
                "type": "literal",
                "value": "/"
              },
              {
                "type": "literal",
                "value": ""
              }
            ]
          },
          "queryParameters": [],
          "headers": [],
          "errorsV2": [],
          "examples": [
            {
              "path": "",
              "pathParameters": {},
              "queryParameters": {},
              "headers": {},
              "responseStatusCode": 204,
              "codeSamples": []
            }
          ]
        }
      ],
      "webhooks": [],
      "websockets": [],
      "types": [],
      "subpackages": []
    },
    "subpackage_a/c": {
      "subpackageId": "subpackage_a/c",
      "name": "c",
      "endpoints": [
        {
          "auth": false,
          "method": "POST",
          "id": "foo",
          "originalEndpointId": "endpoint_a/c.foo",
          "name": "Foo",
          "path": {
            "pathParameters": [],
            "parts": [
              {
                "type": "literal",
                "value": "/"
              },
              {
                "type": "literal",
                "value": ""
              }
            ]
          },
          "queryParameters": [],
          "headers": [],
          "errorsV2": [],
          "examples": [
            {
              "path": "",
              "pathParameters": {},
              "queryParameters": {},
              "headers": {},
              "responseStatusCode": 204,
              "codeSamples": []
            }
          ]
        }
      ],
      "webhooks": [],
      "websockets": [],
      "types": [],
      "subpackages": []
    },
    "subpackage_folder": {
      "subpackageId": "subpackage_folder",
      "name": "folder",
      "endpoints": [
        {
          "auth": false,
          "method": "POST",
          "id": "foo",
          "originalEndpointId": "endpoint_folder.foo",
          "name": "Foo",
          "path": {
            "pathParameters": [],
            "parts": [
              {
                "type": "literal",
                "value": "/"
              },
              {
                "type": "literal",
                "value": ""
              }
            ]
          },
          "queryParameters": [],
          "headers": [],
          "errorsV2": [],
          "examples": [
            {
              "path": "",
              "pathParameters": {},
              "queryParameters": {},
              "headers": {},
              "responseStatusCode": 204,
              "codeSamples": []
            }
          ]
        }
      ],
      "webhooks": [],
      "websockets": [],
      "types": [],
      "subpackages": [
        "subpackage_folder/service"
      ]
    },
    "subpackage_a/d": {
      "subpackageId": "subpackage_a/d",
      "name": "d",
      "endpoints": [],
      "webhooks": [],
      "websockets": [],
      "types": [],
      "subpackages": [
        "subpackage_a/d/types"
      ]
    },
    "subpackage_a/d/types": {
      "subpackageId": "subpackage_a/d/types",
      "name": "types",
      "endpoints": [],
      "webhooks": [],
      "websockets": [],
      "types": [
        "type_a/d/types:Foo"
      ],
      "subpackages": []
    },
    "subpackage_folder/service": {
      "subpackageId": "subpackage_folder/service",
      "name": "service",
      "endpoints": [
        {
          "auth": false,
          "method": "GET",
          "id": "endpoint",
          "originalEndpointId": "endpoint_folder/service.endpoint",
          "name": "Endpoint",
          "path": {
            "pathParameters": [],
            "parts": [
              {
                "type": "literal",
                "value": "/service"
              },
              {
                "type": "literal",
                "value": ""
              }
            ]
          },
          "queryParameters": [],
          "headers": [],
          "errorsV2": [],
          "examples": [
            {
              "path": "/service",
              "pathParameters": {},
              "queryParameters": {},
              "headers": {},
              "responseStatusCode": 204,
              "codeSamples": []
            }
          ]
        },
        {
          "auth": false,
          "method": "POST",
          "id": "unknownRequest",
          "originalEndpointId": "endpoint_folder/service.unknownRequest",
          "name": "Unknown Request",
          "path": {
            "pathParameters": [],
            "parts": [
              {
                "type": "literal",
                "value": "/service"
              },
              {
                "type": "literal",
                "value": ""
              }
            ]
          },
          "queryParameters": [],
          "headers": [],
          "request": {
            "type": {
              "type": "json",
              "contentType": "application/json",
              "shape": {
                "type": "reference",
                "value": {
                  "type": "unknown"
                }
              }
            }
          },
          "errorsV2": [
            {
              "type": {
                "type": "alias",
                "value": {
                  "type": "primitive",
                  "value": {
                    "type": "string"
                  }
                }
              },
              "statusCode": 404,
              "name": "NotFoundError",
              "examples": []
            }
          ],
          "examples": [
            {
              "path": "/service",
              "pathParameters": {},
              "queryParameters": {},
              "headers": {},
              "requestBody": {
                "key": "value"
              },
              "requestBodyV3": {
                "type": "json",
                "value": {
                  "key": "value"
                }
              },
              "responseStatusCode": 204,
              "codeSamples": []
            }
          ]
        }
      ],
      "webhooks": [],
      "websockets": [],
      "types": [],
      "subpackages": []
    }
  },
  "rootPackage": {
    "endpoints": [
      {
        "auth": false,
        "method": "POST",
        "id": "foo",
        "originalEndpointId": "endpoint_.foo",
        "name": "Foo",
        "path": {
          "pathParameters": [],
          "parts": [
            {
              "type": "literal",
              "value": "/"
            },
            {
              "type": "literal",
              "value": ""
            }
          ]
        },
        "queryParameters": [],
        "headers": [],
        "errorsV2": [],
        "examples": [
          {
            "path": "",
            "pathParameters": {},
            "queryParameters": {},
            "headers": {},
            "responseStatusCode": 204,
            "codeSamples": []
          }
        ]
      }
    ],
    "webhooks": [],
    "websockets": [],
    "types": [],
    "subpackages": [
      "subpackage_a",
      "subpackage_folder"
    ]
  },
  "snippetsConfiguration": {},
  "globalHeaders": []
}