{
  "types": {},
  "subpackages": {
    "subpackage_service": {
      "subpackageId": "subpackage_service",
      "name": "service",
      "endpoints": [
        {
          "auth": false,
          "method": "GET",
          "id": "get",
          "originalEndpointId": "endpoint_service.get",
          "name": "Get",
          "path": {
            "pathParameters": [],
            "parts": [
              {
                "type": "literal",
                "value": "/"
              },
              {
                "type": "literal",
                "value": "/helloworld.txt"
              }
            ]
          },
          "queryParameters": [],
          "headers": [],
          "response": {
            "type": {
              "type": "fileDownload"
            }
          },
          "errorsV2": [],
          "examples": [
            {
              "path": "/helloworld.txt",
              "pathParameters": {},
              "queryParameters": {},
              "headers": {},
              "responseStatusCode": 204,
              "responseBodyV3": {
                "type": "filename",
                "value": "<bytes>"
              },
              "codeSamples": []
            }
          ]
        }
      ],
      "webhooks": [],
      "websockets": [],
      "types": [],
      "subpackages": []
    }
  },
  "rootPackage": {
    "endpoints": [],
    "webhooks": [],
    "websockets": [],
    "types": [],
    "subpackages": [
      "subpackage_service"
    ]
  },
  "snippetsConfiguration": {},
  "globalHeaders": []
}