{
  "types": {
    "type_user:User": {
      "name": "User",
      "shape": {
        "type": "object",
        "extends": [],
        "properties": [
          {
            "key": "name",
            "valueType": {
              "type": "primitive",
              "value": {
                "type": "string"
              }
            }
          },
          {
            "key": "tags",
            "valueType": {
              "type": "list",
              "itemType": {
                "type": "primitive",
                "value": {
                  "type": "string"
                }
              }
            }
          }
        ]
      }
    },
    "type_user:NestedUser": {
      "name": "NestedUser",
      "shape": {
        "type": "object",
        "extends": [],
        "properties": [
          {
            "key": "name",
            "valueType": {
              "type": "primitive",
              "value": {
                "type": "string"
              }
            }
          },
          {
            "key": "user",
            "valueType": {
              "type": "id",
              "value": "type_user:User"
            }
          }
        ]
      }
    }
  },
  "subpackages": {
    "subpackage_user": {
      "subpackageId": "subpackage_user",
      "name": "user",
      "endpoints": [
        {
          "auth": false,
          "method": "GET",
          "id": "getUsername",
          "originalEndpointId": "endpoint_user.getUsername",
          "name": "Get Username",
          "path": {
            "pathParameters": [],
            "parts": [
              {
                "type": "literal",
                "value": "/user"
              },
              {
                "type": "literal",
                "value": ""
              }
            ]
          },
          "queryParameters": [
            {
              "key": "limit",
              "type": {
                "type": "primitive",
                "value": {
                  "type": "integer"
                }
              }
            },
            {
              "key": "id",
              "type": {
                "type": "primitive",
                "value": {
                  "type": "uuid"
                }
              }
            },
            {
              "key": "date",
              "type": {
                "type": "primitive",
                "value": {
                  "type": "date"
                }
              }
            },
            {
              "key": "deadline",
              "type": {
                "type": "primitive",
                "value": {
                  "type": "datetime"
                }
              }
            },
            {
              "key": "bytes",
              "type": {
                "type": "primitive",
                "value": {
                  "type": "base64"
                }
              }
            },
            {
              "key": "user",
              "type": {
                "type": "id",
                "value": "type_user:User"
              }
            },
            {
              "key": "userList",
              "type": {
                "type": "list",
                "itemType": {
                  "type": "id",
                  "value": "type_user:User"
                }
              }
            },
            {
              "key": "optionalDeadline",
              "type": {
                "type": "optional",
                "itemType": {
                  "type": "primitive",
                  "value": {
                    "type": "datetime"
                  }
                }
              }
            },
            {
              "key": "keyValue",
              "type": {
                "type": "map",
                "keyType": {
                  "type": "primitive",
                  "value": {
                    "type": "string"
                  }
                },
                "valueType": {
                  "type": "primitive",
                  "value": {
                    "type": "string"
                  }
                }
              }
            },
            {
              "key": "optionalString",
              "type": {
                "type": "optional",
                "itemType": {
                  "type": "primitive",
                  "value": {
                    "type": "string"
                  }
                }
              }
            },
            {
              "key": "nestedUser",
              "type": {
                "type": "id",
                "value": "type_user:NestedUser"
              }
            },
            {
              "key": "optionalUser",
              "type": {
                "type": "optional",
                "itemType": {
                  "type": "id",
                  "value": "type_user:User"
                }
              }
            },
            {
              "key": "excludeUser",
              "type": {
                "type": "id",
                "value": "type_user:User"
              }
            },
            {
              "key": "filter",
              "type": {
                "type": "primitive",
                "value": {
                  "type": "string"
                }
              }
            }
          ],
          "headers": [],
          "response": {
            "type": {
              "type": "reference",
              "value": {
                "type": "id",
                "value": "type_user:User"
              }
            }
          },
          "errorsV2": [],
          "examples": [
            {
              "path": "/user",
              "pathParameters": {},
              "queryParameters": {
                "limit": 1,
                "id": "d5e9c84f-c2b2-4bf4-b4b0-7ffd7a9ffc32",
                "date": "2023-01-15",
                "deadline": "2024-01-15T09:30:00Z",
                "bytes": "SGVsbG8gd29ybGQh",
                "user": {
                  "name": "name",
                  "tags": [
                    "tags",
                    "tags"
                  ]
                },
                "userList": [
                  {
                    "name": "name",
                    "tags": [
                      "tags",
                      "tags"
                    ]
                  },
                  {
                    "name": "name",
                    "tags": [
                      "tags",
                      "tags"
                    ]
                  }
                ],
                "keyValue": {
                  "keyValue": "keyValue"
                },
                "nestedUser": {
                  "name": "name",
                  "user": {
                    "name": "name",
                    "tags": [
                      "tags",
                      "tags"
                    ]
                  }
                },
                "excludeUser": {
                  "name": "name",
                  "tags": [
                    "tags",
                    "tags"
                  ]
                },
                "filter": "filter"
              },
              "headers": {},
              "responseStatusCode": 200,
              "responseBody": {
                "name": "name",
                "tags": [
                  "tags",
                  "tags"
                ]
              },
              "responseBodyV3": {
                "type": "json",
                "value": {
                  "name": "name",
                  "tags": [
                    "tags",
                    "tags"
                  ]
                }
              },
              "codeSamples": []
            }
          ]
        }
      ],
      "webhooks": [],
      "websockets": [],
      "types": [
        "type_user:User",
        "type_user:NestedUser"
      ],
      "subpackages": []
    }
  },
  "rootPackage": {
    "endpoints": [],
    "webhooks": [],
    "websockets": [],
    "types": [],
    "subpackages": [
      "subpackage_user"
    ]
  },
  "snippetsConfiguration": {},
  "globalHeaders": []
}