{
  "types": {},
  "subpackages": {
    "subpackage_service": {
      "subpackageId": "subpackage_service",
      "name": "service",
      "endpoints": [
        {
          "auth": false,
          "method": "POST",
          "id": "post",
          "originalEndpointId": "endpoint_service.post",
          "name": "Post",
          "path": {
            "pathParameters": [
              {
                "key": "endpointParam",
                "type": {
                  "type": "primitive",
                  "value": {
                    "type": "string"
                  }
                }
              }
            ],
            "parts": [
              {
                "type": "literal",
                "value": "/"
              },
              {
                "type": "literal",
                "value": "/"
              },
              {
                "type": "pathParameter",
                "value": "endpointParam"
              },
              {
                "type": "literal",
                "value": ""
              }
            ]
          },
          "queryParameters": [],
          "headers": [],
          "errorsV2": [],
          "examples": [
            {
              "path": "/endpointParam",
              "pathParameters": {
                "endpointParam": "endpointParam"
              },
              "queryParameters": {},
              "headers": {},
              "responseStatusCode": 204,
              "codeSamples": []
            }
          ]
        }
      ],
      "webhooks": [],
      "websockets": [],
      "types": [],
      "subpackages": []
    }
  },
  "rootPackage": {
    "endpoints": [],
    "webhooks": [],
    "websockets": [],
    "types": [],
    "subpackages": [
      "subpackage_service"
    ]
  },
  "snippetsConfiguration": {},
  "globalHeaders": []
}