{
  "type": "openapi",
  "value": {
    "openapi": "3.0.0",
    "info": {
      "title": "Sample API",
      "version": "1.0.0"
    },
    "paths": {
      "/example": {
        "get": {
          "summary": "Get Example",
          "responses": {
            "200": {
              "description": "Successful response",
              "content": {
                "application/json": {
                  "schema": {
                    "oneOf": [
                      {
                        "$ref": "#/components/responses/NotFound/content/application~1json/schema"
                      },
                      {
                        "$ref": "#/components/schemas/Schema1"
                      },
                      {
                        "$ref": "#/components/schemas/Schema2"
                      },
                      {
                        "type": "object",
                        "properties": {
                          "message": {
                            "type": "string"
                          }
                        }
                      }
                    ]
                  }
                }
              }
            }
          }
        }
      }
    },
    "components": {
      "responses": {
        "NotFound": {
          "description": "Resource not found",
          "content": {
            "application/json": {
              "schema": {
                "type": "object",
                "properties": {
                  "message": {
                    "type": "string"
                  }
                }
              }
            }
          }
        }
      },
      "schemas": {
        "Schema1": {
          "type": "object",
          "properties": {
            "id": {
              "type": "integer"
            },
            "name": {
              "type": "string"
            }
          }
        },
        "Schema2": {
          "type": "object",
          "properties": {
            "email": {
              "type": "string"
            },
            "age": {
              "type": "integer"
            }
          }
        }
      }
    }
  },
  "settings": {
    "disableExamples": false,
    "discriminatedUnionV2": false,
    "useTitlesAsName": true,
    "optionalAdditionalProperties": true,
    "coerceEnumsToLiterals": true,
    "respectReadonlySchemas": false,
    "respectNullableSchemas": false,
    "onlyIncludeReferencedSchemas": false,
    "inlinePathParameters": false,
    "preserveSchemaIds": false,
    "shouldUseUndiscriminatedUnionsWithLiterals": false,
    "shouldUseIdiomaticRequestNames": false,
    "objectQueryParameters": false,
    "asyncApiNaming": "v1",
    "useBytesForBinaryResponse": false,
    "respectForwardCompatibleEnums": false,
    "additionalPropertiesDefaultsTo": false,
    "typeDatesAsStrings": true,
    "preserveSingleSchemaOneOf": false
  }
}