{
  "type": "openapi",
  "value": {
    "openapi": "3.1.0",
    "info": {
      "title": "Test `json-string` example",
      "version": "1.0.0"
    },
    "paths": {},
    "components": {
      "schemas": {
        "User": {
          "type": "object",
          "properties": {
            "id": {
              "type": "string",
              "format": "uuid"
            },
            "metadata": {
              "type": "string",
              "format": "json-string"
            }
          }
        }
      }
    }
  },
  "settings": {
    "disableExamples": false,
    "discriminatedUnionV2": false,
    "useTitlesAsName": true,
    "optionalAdditionalProperties": true,
    "coerceEnumsToLiterals": true,
    "respectReadonlySchemas": false,
    "respectNullableSchemas": false,
    "onlyIncludeReferencedSchemas": false,
    "inlinePathParameters": false,
    "preserveSchemaIds": false,
    "shouldUseUndiscriminatedUnionsWithLiterals": false,
    "shouldUseIdiomaticRequestNames": false,
    "objectQueryParameters": false,
    "asyncApiNaming": "v1",
    "useBytesForBinaryResponse": false,
    "respectForwardCompatibleEnums": false,
    "additionalPropertiesDefaultsTo": false,
    "typeDatesAsStrings": true,
    "preserveSingleSchemaOneOf": false
  }
}