{
  "type": "openapi",
  "value": {
    "openapi": "3.0.0",
    "info": {
      "title": "Sample API",
      "version": "1.0.0"
    },
    "paths": {
      "/example": {
        "get": {
          "summary": "Get Example",
          "responses": {
            "200": {
              "description": "Successful response",
              "content": {
                "application/json": {
                  "schema": {
                    "oneOf": [
                      {
                        "$ref": "#/components/schemas/Schema1"
                      }
                    ]
                  }
                }
              }
            }
          }
        }
      }
    },
    "components": {
      "schemas": {
        "Schema1": {
          "type": "object",
          "description": "Schema 1 description",
          "properties": {
            "id": {
              "type": "integer"
            },
            "name": {
              "type": "string"
            }
          }
        }
      }
    }
  }
}