{
  "types": {
    "type_commons:Imported": {
      "name": "Imported",
      "shape": {
        "type": "alias",
        "value": {
          "type": "primitive",
          "value": {
            "type": "string"
          }
        }
      }
    },
    "type_folder-a/service:Response": {
      "name": "Response",
      "shape": {
        "type": "object",
        "extends": [],
        "properties": [
          {
            "key": "foo",
            "valueType": {
              "type": "optional",
              "itemType": {
                "type": "id",
                "value": "type_folder-b/common:Foo"
              }
            }
          }
        ]
      }
    },
    "type_folder-b/common:Foo": {
      "name": "Foo",
      "shape": {
        "type": "object",
        "extends": [],
        "properties": [
          {
            "key": "foo",
            "valueType": {
              "type": "optional",
              "itemType": {
                "type": "id",
                "value": "type_folder-c/common:Foo"
              }
            }
          }
        ]
      }
    },
    "type_folder-c/common:Foo": {
      "name": "Foo",
      "shape": {
        "type": "object",
        "extends": [],
        "properties": [
          {
            "key": "bar_property",
            "valueType": {
              "type": "primitive",
              "value": {
                "type": "uuid"
              }
            }
          }
        ]
      }
    },
    "type_folder-d/service:Response": {
      "name": "Response",
      "shape": {
        "type": "object",
        "extends": [],
        "properties": [
          {
            "key": "foo",
            "valueType": {
              "type": "optional",
              "itemType": {
                "type": "id",
                "value": "type_folder-b/common:Foo"
              }
            }
          }
        ]
      }
    },
    "type_foo:ImportingType": {
      "name": "ImportingType",
      "shape": {
        "type": "object",
        "extends": [],
        "properties": [
          {
            "key": "imported",
            "valueType": {
              "type": "id",
              "value": "type_commons:Imported"
            }
          }
        ]
      }
    },
    "type_foo:OptionalString": {
      "name": "OptionalString",
      "shape": {
        "type": "alias",
        "value": {
          "type": "optional",
          "itemType": {
            "type": "primitive",
            "value": {
              "type": "string"
            }
          }
        }
      }
    }
  },
  "subpackages": {
    "subpackage_commons": {
      "subpackageId": "subpackage_commons",
      "name": "commons",
      "endpoints": [],
      "webhooks": [],
      "websockets": [],
      "types": [
        "type_commons:Imported"
      ],
      "subpackages": []
    },
    "subpackage_folder-a": {
      "subpackageId": "subpackage_folder-a",
      "name": "folder-a",
      "endpoints": [],
      "webhooks": [],
      "websockets": [],
      "types": [],
      "subpackages": [
        "subpackage_folder-a/service"
      ]
    },
    "subpackage_folder-a/service": {
      "subpackageId": "subpackage_folder-a/service",
      "name": "service",
      "endpoints": [
        {
          "auth": false,
          "method": "GET",
          "id": "getDirectThread",
          "originalEndpointId": "endpoint_folder-a/service.getDirectThread",
          "name": "Get Direct Thread",
          "path": {
            "pathParameters": [],
            "parts": [
              {
                "type": "literal",
                "value": "/"
              },
              {
                "type": "literal",
                "value": ""
              }
            ]
          },
          "queryParameters": [],
          "headers": [],
          "response": {
            "type": {
              "type": "reference",
              "value": {
                "type": "id",
                "value": "type_folder-a/service:Response"
              }
            }
          },
          "errorsV2": [],
          "examples": [
            {
              "path": "",
              "pathParameters": {},
              "queryParameters": {},
              "headers": {},
              "responseStatusCode": 200,
              "responseBody": {
                "foo": {
                  "foo": {
                    "bar_property": "d5e9c84f-c2b2-4bf4-b4b0-7ffd7a9ffc32"
                  }
                }
              },
              "responseBodyV3": {
                "type": "json",
                "value": {
                  "foo": {
                    "foo": {
                      "bar_property": "d5e9c84f-c2b2-4bf4-b4b0-7ffd7a9ffc32"
                    }
                  }
                }
              },
              "codeSamples": []
            }
          ]
        }
      ],
      "webhooks": [],
      "websockets": [],
      "types": [
        "type_folder-a/service:Response"
      ],
      "subpackages": []
    },
    "subpackage_folder-b": {
      "subpackageId": "subpackage_folder-b",
      "name": "folder-b",
      "endpoints": [],
      "webhooks": [],
      "websockets": [],
      "types": [],
      "subpackages": [
        "subpackage_folder-b/common"
      ]
    },
    "subpackage_folder-b/common": {
      "subpackageId": "subpackage_folder-b/common",
      "name": "common",
      "endpoints": [],
      "webhooks": [],
      "websockets": [],
      "types": [
        "type_folder-b/common:Foo"
      ],
      "subpackages": []
    },
    "subpackage_folder-c": {
      "subpackageId": "subpackage_folder-c",
      "name": "folder-c",
      "endpoints": [],
      "webhooks": [],
      "websockets": [],
      "types": [],
      "subpackages": [
        "subpackage_folder-c/common"
      ]
    },
    "subpackage_folder-c/common": {
      "subpackageId": "subpackage_folder-c/common",
      "name": "common",
      "endpoints": [],
      "webhooks": [],
      "websockets": [],
      "types": [
        "type_folder-c/common:Foo"
      ],
      "subpackages": []
    },
    "subpackage_folder-d": {
      "subpackageId": "subpackage_folder-d",
      "name": "folder-d",
      "endpoints": [],
      "webhooks": [],
      "websockets": [],
      "types": [],
      "subpackages": [
        "subpackage_folder-d/service"
      ]
    },
    "subpackage_folder-d/service": {
      "subpackageId": "subpackage_folder-d/service",
      "name": "service",
      "endpoints": [
        {
          "auth": false,
          "method": "GET",
          "id": "getDirectThread",
          "originalEndpointId": "endpoint_folder-d/service.getDirectThread",
          "name": "Get Direct Thread",
          "path": {
            "pathParameters": [],
            "parts": [
              {
                "type": "literal",
                "value": "/"
              },
              {
                "type": "literal",
                "value": ""
              }
            ]
          },
          "queryParameters": [],
          "headers": [],
          "response": {
            "type": {
              "type": "reference",
              "value": {
                "type": "id",
                "value": "type_folder-d/service:Response"
              }
            }
          },
          "errorsV2": [],
          "examples": [
            {
              "path": "",
              "pathParameters": {},
              "queryParameters": {},
              "headers": {},
              "responseStatusCode": 200,
              "responseBody": {
                "foo": {
                  "foo": {
                    "bar_property": "d5e9c84f-c2b2-4bf4-b4b0-7ffd7a9ffc32"
                  }
                }
              },
              "responseBodyV3": {
                "type": "json",
                "value": {
                  "foo": {
                    "foo": {
                      "bar_property": "d5e9c84f-c2b2-4bf4-b4b0-7ffd7a9ffc32"
                    }
                  }
                }
              },
              "codeSamples": []
            }
          ]
        }
      ],
      "webhooks": [],
      "websockets": [],
      "types": [
        "type_folder-d/service:Response"
      ],
      "subpackages": []
    },
    "subpackage_foo": {
      "subpackageId": "subpackage_foo",
      "name": "foo",
      "endpoints": [
        {
          "auth": false,
          "method": "POST",
          "id": "find",
          "originalEndpointId": "endpoint_foo.find",
          "name": "Find",
          "path": {
            "pathParameters": [],
            "parts": [
              {
                "type": "literal",
                "value": "/"
              },
              {
                "type": "literal",
                "value": ""
              }
            ]
          },
          "queryParameters": [
            {
              "key": "optionalString",
              "type": {
                "type": "id",
                "value": "type_foo:OptionalString"
              }
            }
          ],
          "headers": [],
          "request": {
            "type": {
              "type": "json",
              "contentType": "application/json",
              "shape": {
                "type": "object",
                "extends": [],
                "properties": [
                  {
                    "key": "publicProperty",
                    "valueType": {
                      "type": "optional",
                      "itemType": {
                        "type": "primitive",
                        "value": {
                          "type": "string"
                        }
                      }
                    }
                  },
                  {
                    "key": "privateProperty",
                    "valueType": {
                      "type": "optional",
                      "itemType": {
                        "type": "primitive",
                        "value": {
                          "type": "integer"
                        }
                      }
                    }
                  }
                ]
              }
            }
          },
          "response": {
            "type": {
              "type": "reference",
              "value": {
                "type": "id",
                "value": "type_foo:ImportingType"
              }
            }
          },
          "errorsV2": [],
          "examples": [
            {
              "path": "",
              "pathParameters": {},
              "queryParameters": {},
              "headers": {},
              "requestBody": {},
              "requestBodyV3": {
                "type": "json",
                "value": {}
              },
              "responseStatusCode": 200,
              "responseBody": {
                "imported": "imported"
              },
              "responseBodyV3": {
                "type": "json",
                "value": {
                  "imported": "imported"
                }
              },
              "codeSamples": []
            }
          ]
        }
      ],
      "webhooks": [],
      "websockets": [],
      "types": [
        "type_foo:ImportingType",
        "type_foo:OptionalString"
      ],
      "subpackages": []
    }
  },
  "rootPackage": {
    "endpoints": [],
    "webhooks": [],
    "websockets": [],
    "types": [],
    "subpackages": [
      "subpackage_commons",
      "subpackage_folder-a",
      "subpackage_folder-b",
      "subpackage_folder-c",
      "subpackage_folder-d",
      "subpackage_foo"
    ]
  },
  "snippetsConfiguration": {},
  "globalHeaders": []
}