{
  "types": {
    "type_:Failure": {
      "name": "Failure",
      "shape": {
        "type": "object",
        "extends": [],
        "properties": [
          {
            "key": "status",
            "valueType": {
              "type": "literal",
              "value": {
                "type": "stringLiteral",
                "value": "failure"
              }
            }
          }
        ],
        "extraProperties": {
          "type": "unknown"
        }
      }
    },
    "type_user:User": {
      "name": "User",
      "shape": {
        "type": "object",
        "extends": [],
        "properties": [
          {
            "key": "name",
            "valueType": {
              "type": "primitive",
              "value": {
                "type": "string"
              }
            }
          }
        ],
        "extraProperties": {
          "type": "unknown"
        }
      }
    }
  },
  "subpackages": {
    "subpackage_user": {
      "subpackageId": "subpackage_user",
      "name": "user",
      "endpoints": [
        {
          "auth": false,
          "method": "POST",
          "id": "createUser",
          "originalEndpointId": "endpoint_user.createUser",
          "name": "Create User",
          "path": {
            "pathParameters": [],
            "parts": [
              {
                "type": "literal",
                "value": "/"
              },
              {
                "type": "literal",
                "value": "/user"
              }
            ]
          },
          "queryParameters": [],
          "headers": [],
          "request": {
            "type": {
              "type": "json",
              "contentType": "application/json",
              "shape": {
                "type": "object",
                "extends": [],
                "properties": [
                  {
                    "key": "_type",
                    "valueType": {
                      "type": "literal",
                      "value": {
                        "type": "stringLiteral",
                        "value": "CreateUserRequest"
                      }
                    }
                  },
                  {
                    "key": "_version",
                    "valueType": {
                      "type": "literal",
                      "value": {
                        "type": "stringLiteral",
                        "value": "v1"
                      }
                    }
                  },
                  {
                    "key": "name",
                    "valueType": {
                      "type": "primitive",
                      "value": {
                        "type": "string"
                      }
                    }
                  }
                ],
                "extraProperties": {
                  "type": "unknown"
                }
              }
            }
          },
          "response": {
            "type": {
              "type": "reference",
              "value": {
                "type": "id",
                "value": "type_user:User"
              }
            }
          },
          "errorsV2": [],
          "examples": [
            {
              "path": "/user",
              "pathParameters": {},
              "queryParameters": {},
              "headers": {},
              "requestBody": {
                "_type": "CreateUserRequest",
                "_version": "v1",
                "name": "name"
              },
              "requestBodyV3": {
                "type": "json",
                "value": {
                  "_type": "CreateUserRequest",
                  "_version": "v1",
                  "name": "name"
                }
              },
              "responseStatusCode": 200,
              "responseBody": {
                "name": "name"
              },
              "responseBodyV3": {
                "type": "json",
                "value": {
                  "name": "name"
                }
              },
              "codeSamples": []
            }
          ]
        }
      ],
      "webhooks": [],
      "websockets": [],
      "types": [
        "type_user:User"
      ],
      "subpackages": []
    }
  },
  "rootPackage": {
    "endpoints": [],
    "webhooks": [],
    "websockets": [],
    "types": [
      "type_:Failure"
    ],
    "subpackages": [
      "subpackage_user"
    ]
  },
  "snippetsConfiguration": {},
  "globalHeaders": []
}