{
  "absoluteFilePath": "/DUMMY_PATH",
  "importedDefinitions": {},
  "namedDefinitionFiles": {
    "__package__.yml": {
      "absoluteFilepath": "/DUMMY_PATH",
      "contents": {
        "types": {
          "Pet": {
            "docs": undefined,
            "inline": undefined,
            "properties": {
              "id": "long",
              "name": "string",
              "tag": "optional<string>",
            },
            "source": {
              "openapi": "../openapi.yml",
            },
          },
        },
        "webhooks": {
          "CreatePet": {
            "display-name": undefined,
            "examples": [
              {
                "docs": undefined,
                "name": "Example 1",
                "payload": {
                  "id": 123,
                  "name": "Scratch",
                  "tag": "Cat",
                },
              },
            ],
            "headers": {},
            "method": "POST",
            "payload": "Pet",
          },
        },
      },
      "rawContents": "webhooks:
  CreatePet:
    method: POST
    headers: {}
    payload: Pet
    examples:
      - name: Example 1
        payload:
          id: 123
          name: Scratch
          tag: Cat
types:
  Pet:
    properties:
      id: long
      name: string
      tag: optional<string>
    source:
      openapi: ../openapi.yml
",
    },
  },
  "packageMarkers": {},
  "rootApiFile": {
    "contents": {
      "display-name": "Webhooks",
      "error-discrimination": {
        "strategy": "status-code",
      },
      "name": "api",
    },
    "defaultUrl": undefined,
    "rawContents": "name: api
error-discrimination:
  strategy: status-code
display-name: Webhooks
",
  },
}