{
  "type": "object",
  "properties": {
    "myUnion": {
      "oneOf": [
        {
          "$ref": "#/definitions/union.MyUnion"
        },
        {
          "type": "null"
        }
      ]
    }
  },
  "additionalProperties": false,
  "definitions": {
    "union.MyUnion": {
      "anyOf": [
        {
          "type": "string"
        },
        {
          "type": "array",
          "items": {
            "type": "string"
          }
        },
        {
          "type": "integer"
        },
        {
          "type": "array",
          "items": {
            "type": "integer"
          }
        },
        {
          "type": "array",
          "items": {
            "type": "array",
            "items": {
              "type": "integer"
            }
          }
        },
        {
          "type": "array",
          "items": {
            "type": "string"
          },
          "uniqueItems": true
        }
      ]
    }
  }
}