{
  "selfHosted": false,
  "apiName": {
    "originalName": "api",
    "pascalCase": {
      "unsafeName": "API",
      "safeName": "API"
    }
  },
  "apiDisplayName": "Test spec for `date` and `date-time` types.",
  "auth": {
    "requirement": "ALL",
    "schemes": []
  },
  "headers": [
    {
      "name": {
        "name": "dateHeader",
        "wireValue": "date_header"
      },
      "valueType": {
        "container": {
          "optional": {
            "primitive": {
              "v1": "DATE"
            },
            "type": "primitive"
          },
          "type": "optional"
        },
        "type": "container"
      },
      "v2Examples": {
        "userSpecifiedExamples": {},
        "autogeneratedExamples": {}
      }
    },
    {
      "name": {
        "name": "dateTimeHeader",
        "wireValue": "date_time_header"
      },
      "valueType": {
        "container": {
          "optional": {
            "primitive": {
              "v1": "DATE_TIME"
            },
            "type": "primitive"
          },
          "type": "optional"
        },
        "type": "container"
      },
      "v2Examples": {
        "userSpecifiedExamples": {},
        "autogeneratedExamples": {}
      }
    }
  ],
  "idempotencyHeaders": [],
  "types": {
    "type_:Response": {
      "name": {
        "name": "Response",
        "fernFilepath": {
          "allParts": [],
          "packagePath": []
        },
        "typeId": "type_:Response"
      },
      "shape": {
        "extends": [],
        "properties": [
          {
            "name": {
              "name": "date_only",
              "wireValue": "date_only"
            },
            "valueType": {
              "container": {
                "optional": {
                  "primitive": {
                    "v1": "DATE"
                  },
                  "type": "primitive"
                },
                "type": "optional"
              },
              "type": "container"
            },
            "v2Examples": {
              "userSpecifiedExamples": {},
              "autogeneratedExamples": {}
            }
          },
          {
            "name": {
              "name": "date_time",
              "wireValue": "date_time"
            },
            "valueType": {
              "container": {
                "optional": {
                  "primitive": {
                    "v1": "DATE_TIME"
                  },
                  "type": "primitive"
                },
                "type": "optional"
              },
              "type": "container"
            },
            "v2Examples": {
              "userSpecifiedExamples": {},
              "autogeneratedExamples": {}
            }
          }
        ],
        "extraProperties": false,
        "extendedProperties": [],
        "type": "object"
      },
      "referencedTypes": {},
      "encoding": {
        "json": {}
      },
      "userProvidedExamples": [],
      "autogeneratedExamples": []
    }
  },
  "errors": {},
  "services": {
    "service_": {
      "name": {
        "fernFilepath": {
          "allParts": [],
          "packagePath": []
        }
      },
      "basePath": {
        "head": "",
        "parts": []
      },
      "headers": [],
      "pathParameters": [],
      "encoding": {
        "json": {}
      },
      "transport": {
        "type": "http"
      },
      "endpoints": [
        {
          "id": "endpoint_.Post",
          "name": "Post",
          "auth": false,
          "idempotent": false,
          "method": "POST",
          "path": {
            "head": "/post",
            "parts": []
          },
          "fullPath": {
            "head": "post",
            "parts": []
          },
          "pathParameters": [],
          "allPathParameters": [],
          "queryParameters": [
            {
              "name": {
                "name": "date_query",
                "wireValue": "date_query"
              },
              "valueType": {
                "container": {
                  "optional": {
                    "primitive": {
                      "v1": "DATE"
                    },
                    "type": "primitive"
                  },
                  "type": "optional"
                },
                "type": "container"
              },
              "allowMultiple": false,
              "v2Examples": {
                "userSpecifiedExamples": {},
                "autogeneratedExamples": {}
              }
            },
            {
              "name": {
                "name": "date_time_query",
                "wireValue": "date_time_query"
              },
              "valueType": {
                "container": {
                  "optional": {
                    "primitive": {
                      "v1": "DATE_TIME"
                    },
                    "type": "primitive"
                  },
                  "type": "optional"
                },
                "type": "container"
              },
              "allowMultiple": false,
              "v2Examples": {
                "userSpecifiedExamples": {},
                "autogeneratedExamples": {}
              }
            }
          ],
          "headers": [],
          "requestBody": {
            "name": "Request",
            "extends": [],
            "contentType": "application/json",
            "properties": [
              {
                "name": {
                  "name": "date_only",
                  "wireValue": "date_only"
                },
                "valueType": {
                  "container": {
                    "optional": {
                      "primitive": {
                        "v1": "DATE"
                      },
                      "type": "primitive"
                    },
                    "type": "optional"
                  },
                  "type": "container"
                },
                "v2Examples": {
                  "userSpecifiedExamples": {},
                  "autogeneratedExamples": {}
                }
              },
              {
                "name": {
                  "name": "date_time",
                  "wireValue": "date_time"
                },
                "valueType": {
                  "container": {
                    "optional": {
                      "primitive": {
                        "v1": "DATE_TIME"
                      },
                      "type": "primitive"
                    },
                    "type": "optional"
                  },
                  "type": "container"
                },
                "v2Examples": {
                  "userSpecifiedExamples": {},
                  "autogeneratedExamples": {}
                }
              }
            ],
            "extraProperties": false,
            "extendedProperties": [],
            "type": "inlinedRequestBody"
          },
          "sdkRequest": {
            "shape": {
              "wrapperName": "Request",
              "bodyKey": "body",
              "includePathParameters": false,
              "onlyPathParameters": false,
              "type": "wrapper"
            },
            "requestParameterName": "request"
          },
          "response": {
            "body": {
              "value": {
                "docs": "A simple API response.",
                "responseBodyType": {
                  "name": "Response",
                  "fernFilepath": {
                    "allParts": [],
                    "packagePath": []
                  },
                  "typeId": "type_:Response",
                  "type": "named"
                },
                "type": "response"
              },
              "type": "json"
            },
            "statusCode": 200
          },
          "errors": [],
          "userSpecifiedExamples": [],
          "autogeneratedExamples": []
        }
      ]
    }
  },
  "constants": {
    "errorInstanceIdKey": {
      "name": {
        "originalName": "errorInstanceId",
        "camelCase": {
          "unsafeName": "errorInstanceID",
          "safeName": "errorInstanceID"
        },
        "pascalCase": {
          "unsafeName": "ErrorInstanceID",
          "safeName": "ErrorInstanceID"
        }
      },
      "wireValue": "errorInstanceId"
    }
  },
  "errorDiscriminationStrategy": {
    "type": "statusCode"
  },
  "pathParameters": [],
  "variables": [],
  "serviceTypeReferenceInfo": {
    "typesReferencedOnlyByService": {
      "service_": [
        "type_:Response"
      ]
    },
    "sharedTypes": []
  },
  "webhookGroups": {},
  "websocketChannels": {},
  "dynamic": {
    "version": "1.0.0",
    "types": {
      "type_:Response": {
        "declaration": {
          "name": {
            "originalName": "Response",
            "camelCase": {
              "unsafeName": "response",
              "safeName": "response"
            },
            "pascalCase": {
              "unsafeName": "Response",
              "safeName": "Response"
            },
            "snakeCase": {
              "unsafeName": "response",
              "safeName": "response"
            },
            "screamingSnakeCase": {
              "unsafeName": "RESPONSE",
              "safeName": "RESPONSE"
            }
          },
          "fernFilepath": {
            "allParts": [],
            "packagePath": []
          }
        },
        "properties": [
          {
            "name": {
              "name": {
                "originalName": "date_only",
                "camelCase": {
                  "unsafeName": "dateOnly",
                  "safeName": "dateOnly"
                },
                "pascalCase": {
                  "unsafeName": "DateOnly",
                  "safeName": "DateOnly"
                },
                "snakeCase": {
                  "unsafeName": "date_only",
                  "safeName": "date_only"
                },
                "screamingSnakeCase": {
                  "unsafeName": "DATE_ONLY",
                  "safeName": "DATE_ONLY"
                }
              },
              "wireValue": "date_only"
            },
            "typeReference": {
              "value": {
                "value": "DATE",
                "type": "primitive"
              },
              "type": "optional"
            }
          },
          {
            "name": {
              "name": {
                "originalName": "date_time",
                "camelCase": {
                  "unsafeName": "dateTime",
                  "safeName": "dateTime"
                },
                "pascalCase": {
                  "unsafeName": "DateTime",
                  "safeName": "DateTime"
                },
                "snakeCase": {
                  "unsafeName": "date_time",
                  "safeName": "date_time"
                },
                "screamingSnakeCase": {
                  "unsafeName": "DATE_TIME",
                  "safeName": "DATE_TIME"
                }
              },
              "wireValue": "date_time"
            },
            "typeReference": {
              "value": {
                "value": "DATE_TIME",
                "type": "primitive"
              },
              "type": "optional"
            }
          }
        ],
        "additionalProperties": false,
        "type": "object"
      }
    },
    "headers": [
      {
        "name": {
          "name": {
            "originalName": "dateHeader",
            "camelCase": {
              "unsafeName": "dateHeader",
              "safeName": "dateHeader"
            },
            "pascalCase": {
              "unsafeName": "DateHeader",
              "safeName": "DateHeader"
            },
            "snakeCase": {
              "unsafeName": "date_header",
              "safeName": "date_header"
            },
            "screamingSnakeCase": {
              "unsafeName": "DATE_HEADER",
              "safeName": "DATE_HEADER"
            }
          },
          "wireValue": "date_header"
        },
        "typeReference": {
          "value": {
            "value": "DATE",
            "type": "primitive"
          },
          "type": "optional"
        }
      },
      {
        "name": {
          "name": {
            "originalName": "dateTimeHeader",
            "camelCase": {
              "unsafeName": "dateTimeHeader",
              "safeName": "dateTimeHeader"
            },
            "pascalCase": {
              "unsafeName": "DateTimeHeader",
              "safeName": "DateTimeHeader"
            },
            "snakeCase": {
              "unsafeName": "date_time_header",
              "safeName": "date_time_header"
            },
            "screamingSnakeCase": {
              "unsafeName": "DATE_TIME_HEADER",
              "safeName": "DATE_TIME_HEADER"
            }
          },
          "wireValue": "date_time_header"
        },
        "typeReference": {
          "value": {
            "value": "DATE_TIME",
            "type": "primitive"
          },
          "type": "optional"
        }
      }
    ],
    "endpoints": {
      "endpoint_.Post": {
        "declaration": {
          "name": {
            "originalName": "Post",
            "camelCase": {
              "unsafeName": "post",
              "safeName": "post"
            },
            "pascalCase": {
              "unsafeName": "Post",
              "safeName": "Post"
            },
            "snakeCase": {
              "unsafeName": "post",
              "safeName": "post"
            },
            "screamingSnakeCase": {
              "unsafeName": "POST",
              "safeName": "POST"
            }
          },
          "fernFilepath": {
            "allParts": [],
            "packagePath": []
          }
        },
        "location": {
          "method": "POST",
          "path": "/post"
        },
        "request": {
          "declaration": {
            "name": {
              "originalName": "Request",
              "camelCase": {
                "unsafeName": "request",
                "safeName": "request"
              },
              "pascalCase": {
                "unsafeName": "Request",
                "safeName": "Request"
              },
              "snakeCase": {
                "unsafeName": "request",
                "safeName": "request"
              },
              "screamingSnakeCase": {
                "unsafeName": "REQUEST",
                "safeName": "REQUEST"
              }
            },
            "fernFilepath": {
              "allParts": [],
              "packagePath": []
            }
          },
          "pathParameters": [],
          "queryParameters": [
            {
              "name": {
                "name": {
                  "originalName": "date_query",
                  "camelCase": {
                    "unsafeName": "dateQuery",
                    "safeName": "dateQuery"
                  },
                  "pascalCase": {
                    "unsafeName": "DateQuery",
                    "safeName": "DateQuery"
                  },
                  "snakeCase": {
                    "unsafeName": "date_query",
                    "safeName": "date_query"
                  },
                  "screamingSnakeCase": {
                    "unsafeName": "DATE_QUERY",
                    "safeName": "DATE_QUERY"
                  }
                },
                "wireValue": "date_query"
              },
              "typeReference": {
                "value": {
                  "value": "DATE",
                  "type": "primitive"
                },
                "type": "optional"
              }
            },
            {
              "name": {
                "name": {
                  "originalName": "date_time_query",
                  "camelCase": {
                    "unsafeName": "dateTimeQuery",
                    "safeName": "dateTimeQuery"
                  },
                  "pascalCase": {
                    "unsafeName": "DateTimeQuery",
                    "safeName": "DateTimeQuery"
                  },
                  "snakeCase": {
                    "unsafeName": "date_time_query",
                    "safeName": "date_time_query"
                  },
                  "screamingSnakeCase": {
                    "unsafeName": "DATE_TIME_QUERY",
                    "safeName": "DATE_TIME_QUERY"
                  }
                },
                "wireValue": "date_time_query"
              },
              "typeReference": {
                "value": {
                  "value": "DATE_TIME",
                  "type": "primitive"
                },
                "type": "optional"
              }
            }
          ],
          "headers": [],
          "body": {
            "value": [
              {
                "name": {
                  "name": {
                    "originalName": "date_only",
                    "camelCase": {
                      "unsafeName": "dateOnly",
                      "safeName": "dateOnly"
                    },
                    "pascalCase": {
                      "unsafeName": "DateOnly",
                      "safeName": "DateOnly"
                    },
                    "snakeCase": {
                      "unsafeName": "date_only",
                      "safeName": "date_only"
                    },
                    "screamingSnakeCase": {
                      "unsafeName": "DATE_ONLY",
                      "safeName": "DATE_ONLY"
                    }
                  },
                  "wireValue": "date_only"
                },
                "typeReference": {
                  "value": {
                    "value": "DATE",
                    "type": "primitive"
                  },
                  "type": "optional"
                }
              },
              {
                "name": {
                  "name": {
                    "originalName": "date_time",
                    "camelCase": {
                      "unsafeName": "dateTime",
                      "safeName": "dateTime"
                    },
                    "pascalCase": {
                      "unsafeName": "DateTime",
                      "safeName": "DateTime"
                    },
                    "snakeCase": {
                      "unsafeName": "date_time",
                      "safeName": "date_time"
                    },
                    "screamingSnakeCase": {
                      "unsafeName": "DATE_TIME",
                      "safeName": "DATE_TIME"
                    }
                  },
                  "wireValue": "date_time"
                },
                "typeReference": {
                  "value": {
                    "value": "DATE_TIME",
                    "type": "primitive"
                  },
                  "type": "optional"
                }
              }
            ],
            "type": "properties"
          },
          "metadata": {
            "includePathParameters": false,
            "onlyPathParameters": false
          },
          "type": "inlined"
        },
        "response": {
          "type": "json"
        },
        "examples": []
      }
    },
    "pathParameters": []
  },
  "subpackages": {},
  "rootPackage": {
    "fernFilepath": {
      "allParts": [],
      "packagePath": []
    },
    "service": "service_",
    "types": [
      "type_:Response"
    ],
    "errors": [],
    "subpackages": [],
    "hasEndpointsInTree": true
  },
  "sdkConfig": {
    "isAuthMandatory": false,
    "hasStreamingEndpoints": false,
    "hasPaginatedEndpoints": false,
    "hasFileDownloadEndpoints": false,
    "platformHeaders": {
      "language": "X-Fern-Language",
      "sdkName": "X-Fern-SDK-Name",
      "sdkVersion": "X-Fern-SDK-Version"
    }
  }
}