{
  "selfHosted": false,
  "apiName": {
    "originalName": "api",
    "pascalCase": {
      "unsafeName": "API",
      "safeName": "API"
    }
  },
  "apiDisplayName": "Query Parameters API",
  "auth": {
    "requirement": "ALL",
    "schemes": []
  },
  "headers": [],
  "idempotencyHeaders": [],
  "types": {
    "type_:SearchRequestFilterLocationCoordinates": {
      "inline": true,
      "name": {
        "name": "SearchRequestFilterLocationCoordinates",
        "fernFilepath": {
          "allParts": [],
          "packagePath": []
        },
        "typeId": "type_:SearchRequestFilterLocationCoordinates"
      },
      "shape": {
        "extends": [],
        "properties": [
          {
            "name": {
              "name": "latitude",
              "wireValue": "latitude"
            },
            "valueType": {
              "container": {
                "optional": {
                  "primitive": {
                    "v1": "DOUBLE",
                    "v2": {
                      "type": "double"
                    }
                  },
                  "type": "primitive"
                },
                "type": "optional"
              },
              "type": "container"
            },
            "v2Examples": {
              "userSpecifiedExamples": {},
              "autogeneratedExamples": {}
            }
          },
          {
            "name": {
              "name": "longitude",
              "wireValue": "longitude"
            },
            "valueType": {
              "container": {
                "optional": {
                  "primitive": {
                    "v1": "DOUBLE",
                    "v2": {
                      "type": "double"
                    }
                  },
                  "type": "primitive"
                },
                "type": "optional"
              },
              "type": "container"
            },
            "v2Examples": {
              "userSpecifiedExamples": {},
              "autogeneratedExamples": {}
            }
          }
        ],
        "extraProperties": false,
        "extendedProperties": [],
        "type": "object"
      },
      "referencedTypes": {},
      "encoding": {
        "json": {}
      },
      "userProvidedExamples": [],
      "autogeneratedExamples": []
    },
    "type_:SearchRequestFilterLocation": {
      "inline": true,
      "name": {
        "name": "SearchRequestFilterLocation",
        "fernFilepath": {
          "allParts": [],
          "packagePath": []
        },
        "typeId": "type_:SearchRequestFilterLocation"
      },
      "shape": {
        "extends": [],
        "properties": [
          {
            "name": {
              "name": "city",
              "wireValue": "city"
            },
            "valueType": {
              "container": {
                "optional": {
                  "primitive": {
                    "v1": "STRING",
                    "v2": {
                      "type": "string"
                    }
                  },
                  "type": "primitive"
                },
                "type": "optional"
              },
              "type": "container"
            },
            "v2Examples": {
              "userSpecifiedExamples": {},
              "autogeneratedExamples": {}
            }
          },
          {
            "name": {
              "name": "country",
              "wireValue": "country"
            },
            "valueType": {
              "container": {
                "optional": {
                  "primitive": {
                    "v1": "STRING",
                    "v2": {
                      "type": "string"
                    }
                  },
                  "type": "primitive"
                },
                "type": "optional"
              },
              "type": "container"
            },
            "v2Examples": {
              "userSpecifiedExamples": {},
              "autogeneratedExamples": {}
            }
          },
          {
            "name": {
              "name": "coordinates",
              "wireValue": "coordinates"
            },
            "valueType": {
              "container": {
                "optional": {
                  "name": "SearchRequestFilterLocationCoordinates",
                  "fernFilepath": {
                    "allParts": [],
                    "packagePath": []
                  },
                  "typeId": "type_:SearchRequestFilterLocationCoordinates",
                  "type": "named"
                },
                "type": "optional"
              },
              "type": "container"
            },
            "v2Examples": {
              "userSpecifiedExamples": {},
              "autogeneratedExamples": {}
            }
          }
        ],
        "extraProperties": false,
        "extendedProperties": [],
        "type": "object"
      },
      "referencedTypes": {},
      "encoding": {
        "json": {}
      },
      "userProvidedExamples": [],
      "autogeneratedExamples": []
    },
    "type_:SearchRequestFilter": {
      "name": {
        "name": "SearchRequestFilter",
        "fernFilepath": {
          "allParts": [],
          "packagePath": []
        },
        "typeId": "type_:SearchRequestFilter"
      },
      "shape": {
        "extends": [],
        "properties": [
          {
            "name": {
              "name": "name",
              "wireValue": "name"
            },
            "valueType": {
              "container": {
                "optional": {
                  "primitive": {
                    "v1": "STRING",
                    "v2": {
                      "type": "string"
                    }
                  },
                  "type": "primitive"
                },
                "type": "optional"
              },
              "type": "container"
            },
            "v2Examples": {
              "userSpecifiedExamples": {},
              "autogeneratedExamples": {}
            }
          },
          {
            "name": {
              "name": "age",
              "wireValue": "age"
            },
            "valueType": {
              "container": {
                "optional": {
                  "primitive": {
                    "v1": "INTEGER",
                    "v2": {
                      "type": "integer"
                    }
                  },
                  "type": "primitive"
                },
                "type": "optional"
              },
              "type": "container"
            },
            "v2Examples": {
              "userSpecifiedExamples": {},
              "autogeneratedExamples": {}
            }
          },
          {
            "name": {
              "name": "location",
              "wireValue": "location"
            },
            "valueType": {
              "container": {
                "optional": {
                  "name": "SearchRequestFilterLocation",
                  "fernFilepath": {
                    "allParts": [],
                    "packagePath": []
                  },
                  "typeId": "type_:SearchRequestFilterLocation",
                  "type": "named"
                },
                "type": "optional"
              },
              "type": "container"
            },
            "v2Examples": {
              "userSpecifiedExamples": {},
              "autogeneratedExamples": {}
            }
          }
        ],
        "extraProperties": false,
        "extendedProperties": [],
        "type": "object"
      },
      "referencedTypes": {},
      "encoding": {
        "json": {}
      },
      "userProvidedExamples": [],
      "autogeneratedExamples": []
    },
    "type_:SearchRequestSort": {
      "name": {
        "name": "SearchRequestSort",
        "fernFilepath": {
          "allParts": [],
          "packagePath": []
        },
        "typeId": "type_:SearchRequestSort"
      },
      "shape": {
        "values": [
          {
            "name": {
              "name": "asc",
              "wireValue": "asc"
            }
          },
          {
            "name": {
              "name": "desc",
              "wireValue": "desc"
            }
          }
        ],
        "type": "enum"
      },
      "referencedTypes": {},
      "encoding": {
        "json": {}
      },
      "userProvidedExamples": [],
      "autogeneratedExamples": []
    },
    "type_:SearchResponse": {
      "name": {
        "name": "SearchResponse",
        "fernFilepath": {
          "allParts": [],
          "packagePath": []
        },
        "typeId": "type_:SearchResponse"
      },
      "shape": {
        "extends": [],
        "properties": [
          {
            "name": {
              "name": "results",
              "wireValue": "results"
            },
            "valueType": {
              "container": {
                "optional": {
                  "container": {
                    "list": {
                      "primitive": {
                        "v1": "STRING",
                        "v2": {
                          "type": "string"
                        }
                      },
                      "type": "primitive"
                    },
                    "type": "list"
                  },
                  "type": "container"
                },
                "type": "optional"
              },
              "type": "container"
            },
            "v2Examples": {
              "userSpecifiedExamples": {},
              "autogeneratedExamples": {}
            }
          }
        ],
        "extraProperties": false,
        "extendedProperties": [],
        "type": "object"
      },
      "referencedTypes": {},
      "encoding": {
        "json": {}
      },
      "userProvidedExamples": [],
      "autogeneratedExamples": []
    }
  },
  "errors": {},
  "services": {
    "service_": {
      "name": {
        "fernFilepath": {
          "allParts": [],
          "packagePath": []
        }
      },
      "basePath": {
        "head": "",
        "parts": []
      },
      "headers": [],
      "pathParameters": [],
      "encoding": {
        "json": {}
      },
      "transport": {
        "type": "http"
      },
      "endpoints": [
        {
          "id": "endpoint_.search",
          "name": "search",
          "auth": false,
          "idempotent": false,
          "method": "GET",
          "path": {
            "head": "/search",
            "parts": []
          },
          "fullPath": {
            "head": "search",
            "parts": []
          },
          "pathParameters": [],
          "allPathParameters": [],
          "queryParameters": [
            {
              "name": {
                "name": "filter",
                "wireValue": "filter"
              },
              "valueType": {
                "container": {
                  "optional": {
                    "name": "SearchRequestFilter",
                    "fernFilepath": {
                      "allParts": [],
                      "packagePath": []
                    },
                    "typeId": "type_:SearchRequestFilter",
                    "type": "named"
                  },
                  "type": "optional"
                },
                "type": "container"
              },
              "allowMultiple": false,
              "v2Examples": {
                "userSpecifiedExamples": {},
                "autogeneratedExamples": {}
              }
            },
            {
              "name": {
                "name": "sort",
                "wireValue": "sort"
              },
              "valueType": {
                "container": {
                  "optional": {
                    "name": "SearchRequestSort",
                    "fernFilepath": {
                      "allParts": [],
                      "packagePath": []
                    },
                    "typeId": "type_:SearchRequestSort",
                    "type": "named"
                  },
                  "type": "optional"
                },
                "type": "container"
              },
              "allowMultiple": false,
              "v2Examples": {
                "userSpecifiedExamples": {},
                "autogeneratedExamples": {}
              }
            },
            {
              "name": {
                "name": "limit",
                "wireValue": "limit"
              },
              "valueType": {
                "container": {
                  "optional": {
                    "primitive": {
                      "v1": "INTEGER",
                      "v2": {
                        "validation": {
                          "min": 1,
                          "max": 100
                        },
                        "type": "integer"
                      }
                    },
                    "type": "primitive"
                  },
                  "type": "optional"
                },
                "type": "container"
              },
              "allowMultiple": false,
              "v2Examples": {
                "userSpecifiedExamples": {},
                "autogeneratedExamples": {}
              }
            },
            {
              "name": {
                "name": "tags",
                "wireValue": "tags"
              },
              "valueType": {
                "container": {
                  "optional": {
                    "primitive": {
                      "v1": "STRING",
                      "v2": {
                        "type": "string"
                      }
                    },
                    "type": "primitive"
                  },
                  "type": "optional"
                },
                "type": "container"
              },
              "allowMultiple": true,
              "v2Examples": {
                "userSpecifiedExamples": {},
                "autogeneratedExamples": {}
              }
            }
          ],
          "headers": [],
          "sdkRequest": {
            "shape": {
              "wrapperName": "SearchRequest",
              "bodyKey": "body",
              "includePathParameters": false,
              "onlyPathParameters": false,
              "type": "wrapper"
            },
            "requestParameterName": "request"
          },
          "response": {
            "body": {
              "value": {
                "docs": "Successful response",
                "responseBodyType": {
                  "name": "SearchResponse",
                  "fernFilepath": {
                    "allParts": [],
                    "packagePath": []
                  },
                  "typeId": "type_:SearchResponse",
                  "type": "named"
                },
                "type": "response"
              },
              "type": "json"
            },
            "statusCode": 200
          },
          "errors": [],
          "userSpecifiedExamples": [],
          "autogeneratedExamples": []
        }
      ]
    }
  },
  "constants": {
    "errorInstanceIdKey": {
      "name": {
        "originalName": "errorInstanceId",
        "camelCase": {
          "unsafeName": "errorInstanceID",
          "safeName": "errorInstanceID"
        },
        "pascalCase": {
          "unsafeName": "ErrorInstanceID",
          "safeName": "ErrorInstanceID"
        }
      },
      "wireValue": "errorInstanceId"
    }
  },
  "errorDiscriminationStrategy": {
    "type": "statusCode"
  },
  "pathParameters": [],
  "variables": [],
  "serviceTypeReferenceInfo": {
    "typesReferencedOnlyByService": {
      "service_": [
        "type_:SearchRequestFilterLocationCoordinates",
        "type_:SearchRequestFilterLocation",
        "type_:SearchRequestFilter",
        "type_:SearchRequestSort",
        "type_:SearchResponse"
      ]
    },
    "sharedTypes": []
  },
  "webhookGroups": {},
  "websocketChannels": {},
  "dynamic": {
    "version": "1.0.0",
    "types": {
      "type_:SearchRequestFilterLocationCoordinates": {
        "declaration": {
          "name": {
            "originalName": "SearchRequestFilterLocationCoordinates",
            "camelCase": {
              "unsafeName": "searchRequestFilterLocationCoordinates",
              "safeName": "searchRequestFilterLocationCoordinates"
            },
            "pascalCase": {
              "unsafeName": "SearchRequestFilterLocationCoordinates",
              "safeName": "SearchRequestFilterLocationCoordinates"
            },
            "snakeCase": {
              "unsafeName": "search_request_filter_location_coordinates",
              "safeName": "search_request_filter_location_coordinates"
            },
            "screamingSnakeCase": {
              "unsafeName": "SEARCH_REQUEST_FILTER_LOCATION_COORDINATES",
              "safeName": "SEARCH_REQUEST_FILTER_LOCATION_COORDINATES"
            }
          },
          "fernFilepath": {
            "allParts": [],
            "packagePath": []
          }
        },
        "properties": [
          {
            "name": {
              "name": {
                "originalName": "latitude",
                "camelCase": {
                  "unsafeName": "latitude",
                  "safeName": "latitude"
                },
                "pascalCase": {
                  "unsafeName": "Latitude",
                  "safeName": "Latitude"
                },
                "snakeCase": {
                  "unsafeName": "latitude",
                  "safeName": "latitude"
                },
                "screamingSnakeCase": {
                  "unsafeName": "LATITUDE",
                  "safeName": "LATITUDE"
                }
              },
              "wireValue": "latitude"
            },
            "typeReference": {
              "value": {
                "value": "DOUBLE",
                "type": "primitive"
              },
              "type": "optional"
            }
          },
          {
            "name": {
              "name": {
                "originalName": "longitude",
                "camelCase": {
                  "unsafeName": "longitude",
                  "safeName": "longitude"
                },
                "pascalCase": {
                  "unsafeName": "Longitude",
                  "safeName": "Longitude"
                },
                "snakeCase": {
                  "unsafeName": "longitude",
                  "safeName": "longitude"
                },
                "screamingSnakeCase": {
                  "unsafeName": "LONGITUDE",
                  "safeName": "LONGITUDE"
                }
              },
              "wireValue": "longitude"
            },
            "typeReference": {
              "value": {
                "value": "DOUBLE",
                "type": "primitive"
              },
              "type": "optional"
            }
          }
        ],
        "additionalProperties": false,
        "type": "object"
      },
      "type_:SearchRequestFilterLocation": {
        "declaration": {
          "name": {
            "originalName": "SearchRequestFilterLocation",
            "camelCase": {
              "unsafeName": "searchRequestFilterLocation",
              "safeName": "searchRequestFilterLocation"
            },
            "pascalCase": {
              "unsafeName": "SearchRequestFilterLocation",
              "safeName": "SearchRequestFilterLocation"
            },
            "snakeCase": {
              "unsafeName": "search_request_filter_location",
              "safeName": "search_request_filter_location"
            },
            "screamingSnakeCase": {
              "unsafeName": "SEARCH_REQUEST_FILTER_LOCATION",
              "safeName": "SEARCH_REQUEST_FILTER_LOCATION"
            }
          },
          "fernFilepath": {
            "allParts": [],
            "packagePath": []
          }
        },
        "properties": [
          {
            "name": {
              "name": {
                "originalName": "city",
                "camelCase": {
                  "unsafeName": "city",
                  "safeName": "city"
                },
                "pascalCase": {
                  "unsafeName": "City",
                  "safeName": "City"
                },
                "snakeCase": {
                  "unsafeName": "city",
                  "safeName": "city"
                },
                "screamingSnakeCase": {
                  "unsafeName": "CITY",
                  "safeName": "CITY"
                }
              },
              "wireValue": "city"
            },
            "typeReference": {
              "value": {
                "value": "STRING",
                "type": "primitive"
              },
              "type": "optional"
            }
          },
          {
            "name": {
              "name": {
                "originalName": "country",
                "camelCase": {
                  "unsafeName": "country",
                  "safeName": "country"
                },
                "pascalCase": {
                  "unsafeName": "Country",
                  "safeName": "Country"
                },
                "snakeCase": {
                  "unsafeName": "country",
                  "safeName": "country"
                },
                "screamingSnakeCase": {
                  "unsafeName": "COUNTRY",
                  "safeName": "COUNTRY"
                }
              },
              "wireValue": "country"
            },
            "typeReference": {
              "value": {
                "value": "STRING",
                "type": "primitive"
              },
              "type": "optional"
            }
          },
          {
            "name": {
              "name": {
                "originalName": "coordinates",
                "camelCase": {
                  "unsafeName": "coordinates",
                  "safeName": "coordinates"
                },
                "pascalCase": {
                  "unsafeName": "Coordinates",
                  "safeName": "Coordinates"
                },
                "snakeCase": {
                  "unsafeName": "coordinates",
                  "safeName": "coordinates"
                },
                "screamingSnakeCase": {
                  "unsafeName": "COORDINATES",
                  "safeName": "COORDINATES"
                }
              },
              "wireValue": "coordinates"
            },
            "typeReference": {
              "value": {
                "value": "type_:SearchRequestFilterLocationCoordinates",
                "type": "named"
              },
              "type": "optional"
            }
          }
        ],
        "additionalProperties": false,
        "type": "object"
      },
      "type_:SearchRequestFilter": {
        "declaration": {
          "name": {
            "originalName": "SearchRequestFilter",
            "camelCase": {
              "unsafeName": "searchRequestFilter",
              "safeName": "searchRequestFilter"
            },
            "pascalCase": {
              "unsafeName": "SearchRequestFilter",
              "safeName": "SearchRequestFilter"
            },
            "snakeCase": {
              "unsafeName": "search_request_filter",
              "safeName": "search_request_filter"
            },
            "screamingSnakeCase": {
              "unsafeName": "SEARCH_REQUEST_FILTER",
              "safeName": "SEARCH_REQUEST_FILTER"
            }
          },
          "fernFilepath": {
            "allParts": [],
            "packagePath": []
          }
        },
        "properties": [
          {
            "name": {
              "name": {
                "originalName": "name",
                "camelCase": {
                  "unsafeName": "name",
                  "safeName": "name"
                },
                "pascalCase": {
                  "unsafeName": "Name",
                  "safeName": "Name"
                },
                "snakeCase": {
                  "unsafeName": "name",
                  "safeName": "name"
                },
                "screamingSnakeCase": {
                  "unsafeName": "NAME",
                  "safeName": "NAME"
                }
              },
              "wireValue": "name"
            },
            "typeReference": {
              "value": {
                "value": "STRING",
                "type": "primitive"
              },
              "type": "optional"
            }
          },
          {
            "name": {
              "name": {
                "originalName": "age",
                "camelCase": {
                  "unsafeName": "age",
                  "safeName": "age"
                },
                "pascalCase": {
                  "unsafeName": "Age",
                  "safeName": "Age"
                },
                "snakeCase": {
                  "unsafeName": "age",
                  "safeName": "age"
                },
                "screamingSnakeCase": {
                  "unsafeName": "AGE",
                  "safeName": "AGE"
                }
              },
              "wireValue": "age"
            },
            "typeReference": {
              "value": {
                "value": "INTEGER",
                "type": "primitive"
              },
              "type": "optional"
            }
          },
          {
            "name": {
              "name": {
                "originalName": "location",
                "camelCase": {
                  "unsafeName": "location",
                  "safeName": "location"
                },
                "pascalCase": {
                  "unsafeName": "Location",
                  "safeName": "Location"
                },
                "snakeCase": {
                  "unsafeName": "location",
                  "safeName": "location"
                },
                "screamingSnakeCase": {
                  "unsafeName": "LOCATION",
                  "safeName": "LOCATION"
                }
              },
              "wireValue": "location"
            },
            "typeReference": {
              "value": {
                "value": "type_:SearchRequestFilterLocation",
                "type": "named"
              },
              "type": "optional"
            }
          }
        ],
        "additionalProperties": false,
        "type": "object"
      },
      "type_:SearchRequestSort": {
        "declaration": {
          "name": {
            "originalName": "SearchRequestSort",
            "camelCase": {
              "unsafeName": "searchRequestSort",
              "safeName": "searchRequestSort"
            },
            "pascalCase": {
              "unsafeName": "SearchRequestSort",
              "safeName": "SearchRequestSort"
            },
            "snakeCase": {
              "unsafeName": "search_request_sort",
              "safeName": "search_request_sort"
            },
            "screamingSnakeCase": {
              "unsafeName": "SEARCH_REQUEST_SORT",
              "safeName": "SEARCH_REQUEST_SORT"
            }
          },
          "fernFilepath": {
            "allParts": [],
            "packagePath": []
          }
        },
        "values": [
          {
            "name": {
              "originalName": "asc",
              "camelCase": {
                "unsafeName": "asc",
                "safeName": "asc"
              },
              "pascalCase": {
                "unsafeName": "Asc",
                "safeName": "Asc"
              },
              "snakeCase": {
                "unsafeName": "asc",
                "safeName": "asc"
              },
              "screamingSnakeCase": {
                "unsafeName": "ASC",
                "safeName": "ASC"
              }
            },
            "wireValue": "asc"
          },
          {
            "name": {
              "originalName": "desc",
              "camelCase": {
                "unsafeName": "desc",
                "safeName": "desc"
              },
              "pascalCase": {
                "unsafeName": "Desc",
                "safeName": "Desc"
              },
              "snakeCase": {
                "unsafeName": "desc",
                "safeName": "desc"
              },
              "screamingSnakeCase": {
                "unsafeName": "DESC",
                "safeName": "DESC"
              }
            },
            "wireValue": "desc"
          }
        ],
        "type": "enum"
      },
      "type_:SearchResponse": {
        "declaration": {
          "name": {
            "originalName": "SearchResponse",
            "camelCase": {
              "unsafeName": "searchResponse",
              "safeName": "searchResponse"
            },
            "pascalCase": {
              "unsafeName": "SearchResponse",
              "safeName": "SearchResponse"
            },
            "snakeCase": {
              "unsafeName": "search_response",
              "safeName": "search_response"
            },
            "screamingSnakeCase": {
              "unsafeName": "SEARCH_RESPONSE",
              "safeName": "SEARCH_RESPONSE"
            }
          },
          "fernFilepath": {
            "allParts": [],
            "packagePath": []
          }
        },
        "properties": [
          {
            "name": {
              "name": {
                "originalName": "results",
                "camelCase": {
                  "unsafeName": "results",
                  "safeName": "results"
                },
                "pascalCase": {
                  "unsafeName": "Results",
                  "safeName": "Results"
                },
                "snakeCase": {
                  "unsafeName": "results",
                  "safeName": "results"
                },
                "screamingSnakeCase": {
                  "unsafeName": "RESULTS",
                  "safeName": "RESULTS"
                }
              },
              "wireValue": "results"
            },
            "typeReference": {
              "value": {
                "value": {
                  "value": "STRING",
                  "type": "primitive"
                },
                "type": "list"
              },
              "type": "optional"
            }
          }
        ],
        "additionalProperties": false,
        "type": "object"
      }
    },
    "headers": [],
    "endpoints": {
      "endpoint_.search": {
        "declaration": {
          "name": {
            "originalName": "search",
            "camelCase": {
              "unsafeName": "search",
              "safeName": "search"
            },
            "pascalCase": {
              "unsafeName": "Search",
              "safeName": "Search"
            },
            "snakeCase": {
              "unsafeName": "search",
              "safeName": "search"
            },
            "screamingSnakeCase": {
              "unsafeName": "SEARCH",
              "safeName": "SEARCH"
            }
          },
          "fernFilepath": {
            "allParts": [],
            "packagePath": []
          }
        },
        "location": {
          "method": "GET",
          "path": "/search"
        },
        "request": {
          "declaration": {
            "name": {
              "originalName": "SearchRequest",
              "camelCase": {
                "unsafeName": "searchRequest",
                "safeName": "searchRequest"
              },
              "pascalCase": {
                "unsafeName": "SearchRequest",
                "safeName": "SearchRequest"
              },
              "snakeCase": {
                "unsafeName": "search_request",
                "safeName": "search_request"
              },
              "screamingSnakeCase": {
                "unsafeName": "SEARCH_REQUEST",
                "safeName": "SEARCH_REQUEST"
              }
            },
            "fernFilepath": {
              "allParts": [],
              "packagePath": []
            }
          },
          "pathParameters": [],
          "queryParameters": [
            {
              "name": {
                "name": {
                  "originalName": "filter",
                  "camelCase": {
                    "unsafeName": "filter",
                    "safeName": "filter"
                  },
                  "pascalCase": {
                    "unsafeName": "Filter",
                    "safeName": "Filter"
                  },
                  "snakeCase": {
                    "unsafeName": "filter",
                    "safeName": "filter"
                  },
                  "screamingSnakeCase": {
                    "unsafeName": "FILTER",
                    "safeName": "FILTER"
                  }
                },
                "wireValue": "filter"
              },
              "typeReference": {
                "value": {
                  "value": "type_:SearchRequestFilter",
                  "type": "named"
                },
                "type": "optional"
              }
            },
            {
              "name": {
                "name": {
                  "originalName": "sort",
                  "camelCase": {
                    "unsafeName": "sort",
                    "safeName": "sort"
                  },
                  "pascalCase": {
                    "unsafeName": "Sort",
                    "safeName": "Sort"
                  },
                  "snakeCase": {
                    "unsafeName": "sort",
                    "safeName": "sort"
                  },
                  "screamingSnakeCase": {
                    "unsafeName": "SORT",
                    "safeName": "SORT"
                  }
                },
                "wireValue": "sort"
              },
              "typeReference": {
                "value": {
                  "value": "type_:SearchRequestSort",
                  "type": "named"
                },
                "type": "optional"
              }
            },
            {
              "name": {
                "name": {
                  "originalName": "limit",
                  "camelCase": {
                    "unsafeName": "limit",
                    "safeName": "limit"
                  },
                  "pascalCase": {
                    "unsafeName": "Limit",
                    "safeName": "Limit"
                  },
                  "snakeCase": {
                    "unsafeName": "limit",
                    "safeName": "limit"
                  },
                  "screamingSnakeCase": {
                    "unsafeName": "LIMIT",
                    "safeName": "LIMIT"
                  }
                },
                "wireValue": "limit"
              },
              "typeReference": {
                "value": {
                  "value": "INTEGER",
                  "type": "primitive"
                },
                "type": "optional"
              }
            },
            {
              "name": {
                "name": {
                  "originalName": "tags",
                  "camelCase": {
                    "unsafeName": "tags",
                    "safeName": "tags"
                  },
                  "pascalCase": {
                    "unsafeName": "Tags",
                    "safeName": "Tags"
                  },
                  "snakeCase": {
                    "unsafeName": "tags",
                    "safeName": "tags"
                  },
                  "screamingSnakeCase": {
                    "unsafeName": "TAGS",
                    "safeName": "TAGS"
                  }
                },
                "wireValue": "tags"
              },
              "typeReference": {
                "value": {
                  "value": {
                    "value": "STRING",
                    "type": "primitive"
                  },
                  "type": "optional"
                },
                "type": "list"
              }
            }
          ],
          "headers": [],
          "metadata": {
            "includePathParameters": false,
            "onlyPathParameters": false
          },
          "type": "inlined"
        },
        "response": {
          "type": "json"
        },
        "examples": []
      }
    },
    "pathParameters": []
  },
  "subpackages": {},
  "rootPackage": {
    "fernFilepath": {
      "allParts": [],
      "packagePath": []
    },
    "service": "service_",
    "types": [
      "type_:SearchRequestFilterLocationCoordinates",
      "type_:SearchRequestFilterLocation",
      "type_:SearchRequestFilter",
      "type_:SearchRequestSort",
      "type_:SearchResponse"
    ],
    "errors": [],
    "subpackages": [],
    "hasEndpointsInTree": true
  },
  "sdkConfig": {
    "isAuthMandatory": false,
    "hasStreamingEndpoints": false,
    "hasPaginatedEndpoints": false,
    "hasFileDownloadEndpoints": false,
    "platformHeaders": {
      "language": "X-Fern-Language",
      "sdkName": "X-Fern-SDK-Name",
      "sdkVersion": "X-Fern-SDK-Version"
    }
  }
}