{
  "selfHosted": false,
  "apiName": {
    "originalName": "api",
    "pascalCase": {
      "unsafeName": "API",
      "safeName": "API"
    }
  },
  "apiDisplayName": "Test extension `x-fern-sdk-group-name` for schemas",
  "auth": {
    "requirement": "ALL",
    "schemes": []
  },
  "headers": [],
  "idempotencyHeaders": [],
  "types": {
    "type_user:User": {
      "docs": "This user object should be in user.yml",
      "name": {
        "name": "User",
        "fernFilepath": {
          "allParts": [
            "user"
          ],
          "packagePath": [],
          "file": "user"
        },
        "typeId": "type_user:User"
      },
      "shape": {
        "extends": [],
        "properties": [
          {
            "name": {
              "name": {
                "originalName": "id",
                "pascalCase": {
                  "unsafeName": "ID",
                  "safeName": "ID"
                }
              },
              "wireValue": "id"
            },
            "valueType": {
              "container": {
                "optional": {
                  "primitive": {
                    "v1": "STRING",
                    "v2": {
                      "validation": {
                        "format": "uuid"
                      },
                      "type": "string"
                    }
                  },
                  "type": "primitive"
                },
                "type": "optional"
              },
              "type": "container"
            },
            "v2Examples": {
              "userSpecifiedExamples": {},
              "autogeneratedExamples": {}
            }
          },
          {
            "name": {
              "name": "associatedPersons",
              "wireValue": "associatedPersons"
            },
            "valueType": {
              "container": {
                "optional": {
                  "container": {
                    "list": {
                      "name": "Person",
                      "fernFilepath": {
                        "allParts": [],
                        "packagePath": []
                      },
                      "typeId": "type_:Person",
                      "type": "named"
                    },
                    "type": "list"
                  },
                  "type": "container"
                },
                "type": "optional"
              },
              "type": "container"
            },
            "v2Examples": {
              "userSpecifiedExamples": {},
              "autogeneratedExamples": {}
            }
          }
        ],
        "extraProperties": false,
        "extendedProperties": [],
        "type": "object"
      },
      "referencedTypes": {},
      "encoding": {
        "json": {}
      },
      "userProvidedExamples": [],
      "autogeneratedExamples": []
    },
    "type_ids/user:UserId": {
      "name": {
        "name": {
          "originalName": "UserId",
          "camelCase": {
            "unsafeName": "userID",
            "safeName": "userID"
          },
          "pascalCase": {
            "unsafeName": "UserID",
            "safeName": "UserID"
          }
        },
        "fernFilepath": {
          "allParts": [
            {
              "originalName": "ids",
              "pascalCase": {
                "unsafeName": "IDs",
                "safeName": "IDs"
              }
            },
            "user"
          ],
          "packagePath": [
            {
              "originalName": "ids",
              "pascalCase": {
                "unsafeName": "IDs",
                "safeName": "IDs"
              }
            }
          ],
          "file": "user"
        },
        "typeId": "type_ids/user:UserId"
      },
      "shape": {
        "aliasOf": {
          "primitive": {
            "v1": "STRING",
            "v2": {
              "type": "string"
            }
          },
          "type": "primitive"
        },
        "resolvedType": {
          "primitive": {
            "v1": "STRING",
            "v2": {
              "type": "string"
            }
          },
          "type": "primitive"
        },
        "type": "alias"
      },
      "referencedTypes": {},
      "encoding": {
        "json": {}
      },
      "userProvidedExamples": [],
      "autogeneratedExamples": []
    },
    "type_ids/person:PersonId": {
      "name": {
        "name": {
          "originalName": "PersonId",
          "camelCase": {
            "unsafeName": "personID",
            "safeName": "personID"
          },
          "pascalCase": {
            "unsafeName": "PersonID",
            "safeName": "PersonID"
          }
        },
        "fernFilepath": {
          "allParts": [
            {
              "originalName": "ids",
              "pascalCase": {
                "unsafeName": "IDs",
                "safeName": "IDs"
              }
            },
            "person"
          ],
          "packagePath": [
            {
              "originalName": "ids",
              "pascalCase": {
                "unsafeName": "IDs",
                "safeName": "IDs"
              }
            }
          ],
          "file": "person"
        },
        "typeId": "type_ids/person:PersonId"
      },
      "shape": {
        "aliasOf": {
          "primitive": {
            "v1": "STRING",
            "v2": {
              "type": "string"
            }
          },
          "type": "primitive"
        },
        "resolvedType": {
          "primitive": {
            "v1": "STRING",
            "v2": {
              "type": "string"
            }
          },
          "type": "primitive"
        },
        "type": "alias"
      },
      "referencedTypes": {},
      "encoding": {
        "json": {}
      },
      "userProvidedExamples": [],
      "autogeneratedExamples": []
    },
    "type_:Person": {
      "name": {
        "name": "Person",
        "fernFilepath": {
          "allParts": [],
          "packagePath": []
        },
        "typeId": "type_:Person"
      },
      "shape": {
        "extends": [],
        "properties": [
          {
            "name": {
              "name": {
                "originalName": "id",
                "pascalCase": {
                  "unsafeName": "ID",
                  "safeName": "ID"
                }
              },
              "wireValue": "id"
            },
            "valueType": {
              "container": {
                "optional": {
                  "primitive": {
                    "v1": "STRING",
                    "v2": {
                      "validation": {
                        "format": "uuid"
                      },
                      "type": "string"
                    }
                  },
                  "type": "primitive"
                },
                "type": "optional"
              },
              "type": "container"
            },
            "v2Examples": {
              "userSpecifiedExamples": {},
              "autogeneratedExamples": {}
            }
          }
        ],
        "extraProperties": false,
        "extendedProperties": [],
        "type": "object"
      },
      "referencedTypes": {},
      "encoding": {
        "json": {}
      },
      "userProvidedExamples": [],
      "autogeneratedExamples": []
    }
  },
  "errors": {},
  "services": {
    "service_auth/user": {
      "name": {
        "fernFilepath": {
          "allParts": [
            "auth",
            "user"
          ],
          "packagePath": [
            "auth"
          ],
          "file": "user"
        }
      },
      "basePath": {
        "head": "",
        "parts": []
      },
      "headers": [],
      "pathParameters": [],
      "encoding": {
        "json": {}
      },
      "transport": {
        "type": "http"
      },
      "endpoints": [
        {
          "docs": "This endpoint should be in `auth/user.yml`",
          "id": "endpoint_auth/user.get",
          "name": "get",
          "auth": false,
          "idempotent": false,
          "method": "GET",
          "path": {
            "head": "/auth/user",
            "parts": []
          },
          "fullPath": {
            "head": "auth/user",
            "parts": []
          },
          "pathParameters": [],
          "allPathParameters": [],
          "queryParameters": [],
          "headers": [],
          "response": {
            "body": {
              "value": {
                "docs": "Success",
                "responseBodyType": {
                  "name": "User",
                  "fernFilepath": {
                    "allParts": [
                      "user"
                    ],
                    "packagePath": [],
                    "file": "user"
                  },
                  "typeId": "type_user:User",
                  "type": "named"
                },
                "type": "response"
              },
              "type": "json"
            },
            "statusCode": 200
          },
          "errors": [],
          "userSpecifiedExamples": [],
          "autogeneratedExamples": []
        }
      ]
    }
  },
  "constants": {
    "errorInstanceIdKey": {
      "name": {
        "originalName": "errorInstanceId",
        "camelCase": {
          "unsafeName": "errorInstanceID",
          "safeName": "errorInstanceID"
        },
        "pascalCase": {
          "unsafeName": "ErrorInstanceID",
          "safeName": "ErrorInstanceID"
        }
      },
      "wireValue": "errorInstanceId"
    }
  },
  "errorDiscriminationStrategy": {
    "type": "statusCode"
  },
  "pathParameters": [],
  "variables": [],
  "serviceTypeReferenceInfo": {
    "typesReferencedOnlyByService": {
      "service_auth/user": [
        "type_user:User",
        "type_:Person"
      ]
    },
    "sharedTypes": [
      "type_ids/user:UserId",
      "type_ids/person:PersonId"
    ]
  },
  "webhookGroups": {},
  "websocketChannels": {},
  "dynamic": {
    "version": "1.0.0",
    "types": {
      "type_user:User": {
        "declaration": {
          "name": {
            "originalName": "User",
            "camelCase": {
              "unsafeName": "user",
              "safeName": "user"
            },
            "pascalCase": {
              "unsafeName": "User",
              "safeName": "User"
            },
            "snakeCase": {
              "unsafeName": "user",
              "safeName": "user"
            },
            "screamingSnakeCase": {
              "unsafeName": "USER",
              "safeName": "USER"
            }
          },
          "fernFilepath": {
            "allParts": [
              {
                "originalName": "user",
                "camelCase": {
                  "unsafeName": "user",
                  "safeName": "user"
                },
                "pascalCase": {
                  "unsafeName": "User",
                  "safeName": "User"
                },
                "snakeCase": {
                  "unsafeName": "user",
                  "safeName": "user"
                },
                "screamingSnakeCase": {
                  "unsafeName": "USER",
                  "safeName": "USER"
                }
              }
            ],
            "packagePath": [],
            "file": {
              "originalName": "user",
              "camelCase": {
                "unsafeName": "user",
                "safeName": "user"
              },
              "pascalCase": {
                "unsafeName": "User",
                "safeName": "User"
              },
              "snakeCase": {
                "unsafeName": "user",
                "safeName": "user"
              },
              "screamingSnakeCase": {
                "unsafeName": "USER",
                "safeName": "USER"
              }
            }
          }
        },
        "properties": [
          {
            "name": {
              "name": {
                "originalName": "id",
                "camelCase": {
                  "unsafeName": "id",
                  "safeName": "id"
                },
                "pascalCase": {
                  "unsafeName": "ID",
                  "safeName": "ID"
                },
                "snakeCase": {
                  "unsafeName": "id",
                  "safeName": "id"
                },
                "screamingSnakeCase": {
                  "unsafeName": "ID",
                  "safeName": "ID"
                }
              },
              "wireValue": "id"
            },
            "typeReference": {
              "value": {
                "value": "STRING",
                "type": "primitive"
              },
              "type": "optional"
            }
          },
          {
            "name": {
              "name": {
                "originalName": "associatedPersons",
                "camelCase": {
                  "unsafeName": "associatedPersons",
                  "safeName": "associatedPersons"
                },
                "pascalCase": {
                  "unsafeName": "AssociatedPersons",
                  "safeName": "AssociatedPersons"
                },
                "snakeCase": {
                  "unsafeName": "associated_persons",
                  "safeName": "associated_persons"
                },
                "screamingSnakeCase": {
                  "unsafeName": "ASSOCIATED_PERSONS",
                  "safeName": "ASSOCIATED_PERSONS"
                }
              },
              "wireValue": "associatedPersons"
            },
            "typeReference": {
              "value": {
                "value": {
                  "value": "type_:Person",
                  "type": "named"
                },
                "type": "list"
              },
              "type": "optional"
            }
          }
        ],
        "additionalProperties": false,
        "type": "object"
      },
      "type_ids/user:UserId": {
        "declaration": {
          "name": {
            "originalName": "UserId",
            "camelCase": {
              "unsafeName": "userID",
              "safeName": "userID"
            },
            "pascalCase": {
              "unsafeName": "UserID",
              "safeName": "UserID"
            },
            "snakeCase": {
              "unsafeName": "user_id",
              "safeName": "user_id"
            },
            "screamingSnakeCase": {
              "unsafeName": "USER_ID",
              "safeName": "USER_ID"
            }
          },
          "fernFilepath": {
            "allParts": [
              {
                "originalName": "ids",
                "camelCase": {
                  "unsafeName": "ids",
                  "safeName": "ids"
                },
                "pascalCase": {
                  "unsafeName": "IDs",
                  "safeName": "IDs"
                },
                "snakeCase": {
                  "unsafeName": "ids",
                  "safeName": "ids"
                },
                "screamingSnakeCase": {
                  "unsafeName": "IDS",
                  "safeName": "IDS"
                }
              },
              {
                "originalName": "user",
                "camelCase": {
                  "unsafeName": "user",
                  "safeName": "user"
                },
                "pascalCase": {
                  "unsafeName": "User",
                  "safeName": "User"
                },
                "snakeCase": {
                  "unsafeName": "user",
                  "safeName": "user"
                },
                "screamingSnakeCase": {
                  "unsafeName": "USER",
                  "safeName": "USER"
                }
              }
            ],
            "packagePath": [
              {
                "originalName": "ids",
                "camelCase": {
                  "unsafeName": "ids",
                  "safeName": "ids"
                },
                "pascalCase": {
                  "unsafeName": "IDs",
                  "safeName": "IDs"
                },
                "snakeCase": {
                  "unsafeName": "ids",
                  "safeName": "ids"
                },
                "screamingSnakeCase": {
                  "unsafeName": "IDS",
                  "safeName": "IDS"
                }
              }
            ],
            "file": {
              "originalName": "user",
              "camelCase": {
                "unsafeName": "user",
                "safeName": "user"
              },
              "pascalCase": {
                "unsafeName": "User",
                "safeName": "User"
              },
              "snakeCase": {
                "unsafeName": "user",
                "safeName": "user"
              },
              "screamingSnakeCase": {
                "unsafeName": "USER",
                "safeName": "USER"
              }
            }
          }
        },
        "typeReference": {
          "value": "STRING",
          "type": "primitive"
        },
        "type": "alias"
      },
      "type_ids/person:PersonId": {
        "declaration": {
          "name": {
            "originalName": "PersonId",
            "camelCase": {
              "unsafeName": "personID",
              "safeName": "personID"
            },
            "pascalCase": {
              "unsafeName": "PersonID",
              "safeName": "PersonID"
            },
            "snakeCase": {
              "unsafeName": "person_id",
              "safeName": "person_id"
            },
            "screamingSnakeCase": {
              "unsafeName": "PERSON_ID",
              "safeName": "PERSON_ID"
            }
          },
          "fernFilepath": {
            "allParts": [
              {
                "originalName": "ids",
                "camelCase": {
                  "unsafeName": "ids",
                  "safeName": "ids"
                },
                "pascalCase": {
                  "unsafeName": "IDs",
                  "safeName": "IDs"
                },
                "snakeCase": {
                  "unsafeName": "ids",
                  "safeName": "ids"
                },
                "screamingSnakeCase": {
                  "unsafeName": "IDS",
                  "safeName": "IDS"
                }
              },
              {
                "originalName": "person",
                "camelCase": {
                  "unsafeName": "person",
                  "safeName": "person"
                },
                "pascalCase": {
                  "unsafeName": "Person",
                  "safeName": "Person"
                },
                "snakeCase": {
                  "unsafeName": "person",
                  "safeName": "person"
                },
                "screamingSnakeCase": {
                  "unsafeName": "PERSON",
                  "safeName": "PERSON"
                }
              }
            ],
            "packagePath": [
              {
                "originalName": "ids",
                "camelCase": {
                  "unsafeName": "ids",
                  "safeName": "ids"
                },
                "pascalCase": {
                  "unsafeName": "IDs",
                  "safeName": "IDs"
                },
                "snakeCase": {
                  "unsafeName": "ids",
                  "safeName": "ids"
                },
                "screamingSnakeCase": {
                  "unsafeName": "IDS",
                  "safeName": "IDS"
                }
              }
            ],
            "file": {
              "originalName": "person",
              "camelCase": {
                "unsafeName": "person",
                "safeName": "person"
              },
              "pascalCase": {
                "unsafeName": "Person",
                "safeName": "Person"
              },
              "snakeCase": {
                "unsafeName": "person",
                "safeName": "person"
              },
              "screamingSnakeCase": {
                "unsafeName": "PERSON",
                "safeName": "PERSON"
              }
            }
          }
        },
        "typeReference": {
          "value": "STRING",
          "type": "primitive"
        },
        "type": "alias"
      },
      "type_:Person": {
        "declaration": {
          "name": {
            "originalName": "Person",
            "camelCase": {
              "unsafeName": "person",
              "safeName": "person"
            },
            "pascalCase": {
              "unsafeName": "Person",
              "safeName": "Person"
            },
            "snakeCase": {
              "unsafeName": "person",
              "safeName": "person"
            },
            "screamingSnakeCase": {
              "unsafeName": "PERSON",
              "safeName": "PERSON"
            }
          },
          "fernFilepath": {
            "allParts": [],
            "packagePath": []
          }
        },
        "properties": [
          {
            "name": {
              "name": {
                "originalName": "id",
                "camelCase": {
                  "unsafeName": "id",
                  "safeName": "id"
                },
                "pascalCase": {
                  "unsafeName": "ID",
                  "safeName": "ID"
                },
                "snakeCase": {
                  "unsafeName": "id",
                  "safeName": "id"
                },
                "screamingSnakeCase": {
                  "unsafeName": "ID",
                  "safeName": "ID"
                }
              },
              "wireValue": "id"
            },
            "typeReference": {
              "value": {
                "value": "STRING",
                "type": "primitive"
              },
              "type": "optional"
            }
          }
        ],
        "additionalProperties": false,
        "type": "object"
      }
    },
    "headers": [],
    "endpoints": {
      "endpoint_auth/user.get": {
        "declaration": {
          "name": {
            "originalName": "get",
            "camelCase": {
              "unsafeName": "get",
              "safeName": "get"
            },
            "pascalCase": {
              "unsafeName": "Get",
              "safeName": "Get"
            },
            "snakeCase": {
              "unsafeName": "get",
              "safeName": "get"
            },
            "screamingSnakeCase": {
              "unsafeName": "GET",
              "safeName": "GET"
            }
          },
          "fernFilepath": {
            "allParts": [
              {
                "originalName": "auth",
                "camelCase": {
                  "unsafeName": "auth",
                  "safeName": "auth"
                },
                "pascalCase": {
                  "unsafeName": "Auth",
                  "safeName": "Auth"
                },
                "snakeCase": {
                  "unsafeName": "auth",
                  "safeName": "auth"
                },
                "screamingSnakeCase": {
                  "unsafeName": "AUTH",
                  "safeName": "AUTH"
                }
              },
              {
                "originalName": "user",
                "camelCase": {
                  "unsafeName": "user",
                  "safeName": "user"
                },
                "pascalCase": {
                  "unsafeName": "User",
                  "safeName": "User"
                },
                "snakeCase": {
                  "unsafeName": "user",
                  "safeName": "user"
                },
                "screamingSnakeCase": {
                  "unsafeName": "USER",
                  "safeName": "USER"
                }
              }
            ],
            "packagePath": [
              {
                "originalName": "auth",
                "camelCase": {
                  "unsafeName": "auth",
                  "safeName": "auth"
                },
                "pascalCase": {
                  "unsafeName": "Auth",
                  "safeName": "Auth"
                },
                "snakeCase": {
                  "unsafeName": "auth",
                  "safeName": "auth"
                },
                "screamingSnakeCase": {
                  "unsafeName": "AUTH",
                  "safeName": "AUTH"
                }
              }
            ],
            "file": {
              "originalName": "user",
              "camelCase": {
                "unsafeName": "user",
                "safeName": "user"
              },
              "pascalCase": {
                "unsafeName": "User",
                "safeName": "User"
              },
              "snakeCase": {
                "unsafeName": "user",
                "safeName": "user"
              },
              "screamingSnakeCase": {
                "unsafeName": "USER",
                "safeName": "USER"
              }
            }
          }
        },
        "location": {
          "method": "GET",
          "path": "/auth/user"
        },
        "request": {
          "pathParameters": [],
          "type": "body"
        },
        "response": {
          "type": "json"
        },
        "examples": []
      }
    },
    "pathParameters": []
  },
  "subpackages": {
    "subpackage_user": {
      "fernFilepath": {
        "allParts": [
          "user"
        ],
        "packagePath": [],
        "file": "user"
      },
      "name": "user",
      "types": [
        "type_user:User"
      ],
      "errors": [],
      "subpackages": [],
      "hasEndpointsInTree": false
    },
    "subpackage_auth": {
      "fernFilepath": {
        "allParts": [
          "auth"
        ],
        "packagePath": [
          "auth"
        ]
      },
      "name": "auth",
      "types": [],
      "errors": [],
      "subpackages": [
        "subpackage_auth/user"
      ],
      "hasEndpointsInTree": true
    },
    "subpackage_auth/user": {
      "fernFilepath": {
        "allParts": [
          "auth",
          "user"
        ],
        "packagePath": [
          "auth"
        ],
        "file": "user"
      },
      "name": "user",
      "service": "service_auth/user",
      "types": [],
      "errors": [],
      "subpackages": [],
      "hasEndpointsInTree": true
    },
    "subpackage_ids": {
      "fernFilepath": {
        "allParts": [
          {
            "originalName": "ids",
            "pascalCase": {
              "unsafeName": "IDs",
              "safeName": "IDs"
            }
          }
        ],
        "packagePath": [
          {
            "originalName": "ids",
            "pascalCase": {
              "unsafeName": "IDs",
              "safeName": "IDs"
            }
          }
        ]
      },
      "name": {
        "originalName": "ids",
        "pascalCase": {
          "unsafeName": "IDs",
          "safeName": "IDs"
        }
      },
      "types": [],
      "errors": [],
      "subpackages": [
        "subpackage_ids/user",
        "subpackage_ids/person"
      ],
      "hasEndpointsInTree": false
    },
    "subpackage_ids/user": {
      "fernFilepath": {
        "allParts": [
          {
            "originalName": "ids",
            "pascalCase": {
              "unsafeName": "IDs",
              "safeName": "IDs"
            }
          },
          "user"
        ],
        "packagePath": [
          {
            "originalName": "ids",
            "pascalCase": {
              "unsafeName": "IDs",
              "safeName": "IDs"
            }
          }
        ],
        "file": "user"
      },
      "name": "user",
      "types": [
        "type_ids/user:UserId"
      ],
      "errors": [],
      "subpackages": [],
      "hasEndpointsInTree": false
    },
    "subpackage_ids/person": {
      "fernFilepath": {
        "allParts": [
          {
            "originalName": "ids",
            "pascalCase": {
              "unsafeName": "IDs",
              "safeName": "IDs"
            }
          },
          "person"
        ],
        "packagePath": [
          {
            "originalName": "ids",
            "pascalCase": {
              "unsafeName": "IDs",
              "safeName": "IDs"
            }
          }
        ],
        "file": "person"
      },
      "name": "person",
      "types": [
        "type_ids/person:PersonId"
      ],
      "errors": [],
      "subpackages": [],
      "hasEndpointsInTree": false
    }
  },
  "rootPackage": {
    "fernFilepath": {
      "allParts": [],
      "packagePath": []
    },
    "types": [
      "type_:Person"
    ],
    "errors": [],
    "subpackages": [
      "subpackage_user",
      "subpackage_auth",
      "subpackage_ids"
    ],
    "hasEndpointsInTree": true
  },
  "sdkConfig": {
    "isAuthMandatory": false,
    "hasStreamingEndpoints": false,
    "hasPaginatedEndpoints": false,
    "hasFileDownloadEndpoints": false,
    "platformHeaders": {
      "language": "X-Fern-Language",
      "sdkName": "X-Fern-SDK-Name",
      "sdkVersion": "X-Fern-SDK-Version"
    }
  }
}