{
  "selfHosted": false,
  "apiName": {
    "originalName": "api",
    "pascalCase": {
      "unsafeName": "API",
      "safeName": "API"
    }
  },
  "apiDisplayName": "Test extension `x-fern-parameter-name` for parameters.",
  "auth": {
    "requirement": "ALL",
    "schemes": []
  },
  "headers": [
    {
      "name": {
        "name": "version",
        "wireValue": "X-API-Version"
      },
      "valueType": {
        "primitive": {
          "v1": "STRING",
          "v2": {
            "type": "string"
          }
        },
        "type": "primitive"
      },
      "v2Examples": {
        "userSpecifiedExamples": {},
        "autogeneratedExamples": {}
      }
    }
  ],
  "idempotencyHeaders": [],
  "types": {},
  "errors": {},
  "services": {
    "service_": {
      "name": {
        "fernFilepath": {
          "allParts": [],
          "packagePath": []
        }
      },
      "basePath": {
        "head": "",
        "parts": []
      },
      "headers": [],
      "pathParameters": [],
      "encoding": {
        "json": {}
      },
      "transport": {
        "type": "http"
      },
      "endpoints": [
        {
          "id": "endpoint_.get_user",
          "name": "get_user",
          "auth": false,
          "idempotent": false,
          "method": "GET",
          "path": {
            "head": "/user/",
            "parts": [
              {
                "pathParameter": "id",
                "tail": ""
              }
            ]
          },
          "fullPath": {
            "head": "user/",
            "parts": [
              {
                "pathParameter": "id",
                "tail": ""
              }
            ]
          },
          "pathParameters": [
            {
              "name": {
                "originalName": "id",
                "pascalCase": {
                  "unsafeName": "ID",
                  "safeName": "ID"
                }
              },
              "valueType": {
                "primitive": {
                  "v1": "STRING",
                  "v2": {
                    "type": "string"
                  }
                },
                "type": "primitive"
              },
              "location": "ENDPOINT",
              "v2Examples": {
                "userSpecifiedExamples": {},
                "autogeneratedExamples": {}
              }
            }
          ],
          "allPathParameters": [
            {
              "name": {
                "originalName": "id",
                "pascalCase": {
                  "unsafeName": "ID",
                  "safeName": "ID"
                }
              },
              "valueType": {
                "primitive": {
                  "v1": "STRING",
                  "v2": {
                    "type": "string"
                  }
                },
                "type": "primitive"
              },
              "location": "ENDPOINT",
              "v2Examples": {
                "userSpecifiedExamples": {},
                "autogeneratedExamples": {}
              }
            }
          ],
          "queryParameters": [
            {
              "name": {
                "name": "bar",
                "wireValue": "foo"
              },
              "valueType": {
                "primitive": {
                  "v1": "STRING",
                  "v2": {
                    "type": "string"
                  }
                },
                "type": "primitive"
              },
              "allowMultiple": false,
              "v2Examples": {
                "userSpecifiedExamples": {},
                "autogeneratedExamples": {}
              }
            }
          ],
          "headers": [],
          "sdkRequest": {
            "shape": {
              "wrapperName": "GetUserRequest",
              "bodyKey": "body",
              "includePathParameters": false,
              "onlyPathParameters": false,
              "type": "wrapper"
            },
            "requestParameterName": "request"
          },
          "response": {
            "body": {
              "value": {
                "docs": "Success!",
                "responseBodyType": {
                  "primitive": {
                    "v1": "STRING",
                    "v2": {
                      "type": "string"
                    }
                  },
                  "type": "primitive"
                },
                "type": "response"
              },
              "type": "json"
            },
            "statusCode": 200
          },
          "errors": [],
          "userSpecifiedExamples": [],
          "autogeneratedExamples": []
        }
      ]
    }
  },
  "constants": {
    "errorInstanceIdKey": {
      "name": {
        "originalName": "errorInstanceId",
        "camelCase": {
          "unsafeName": "errorInstanceID",
          "safeName": "errorInstanceID"
        },
        "pascalCase": {
          "unsafeName": "ErrorInstanceID",
          "safeName": "ErrorInstanceID"
        }
      },
      "wireValue": "errorInstanceId"
    }
  },
  "errorDiscriminationStrategy": {
    "type": "statusCode"
  },
  "pathParameters": [],
  "variables": [],
  "serviceTypeReferenceInfo": {
    "typesReferencedOnlyByService": {},
    "sharedTypes": []
  },
  "webhookGroups": {},
  "websocketChannels": {},
  "dynamic": {
    "version": "1.0.0",
    "types": {},
    "headers": [
      {
        "name": {
          "name": {
            "originalName": "version",
            "camelCase": {
              "unsafeName": "version",
              "safeName": "version"
            },
            "pascalCase": {
              "unsafeName": "Version",
              "safeName": "Version"
            },
            "snakeCase": {
              "unsafeName": "version",
              "safeName": "version"
            },
            "screamingSnakeCase": {
              "unsafeName": "VERSION",
              "safeName": "VERSION"
            }
          },
          "wireValue": "X-API-Version"
        },
        "typeReference": {
          "value": "STRING",
          "type": "primitive"
        }
      }
    ],
    "endpoints": {
      "endpoint_.get_user": {
        "declaration": {
          "name": {
            "originalName": "get_user",
            "camelCase": {
              "unsafeName": "getUser",
              "safeName": "getUser"
            },
            "pascalCase": {
              "unsafeName": "GetUser",
              "safeName": "GetUser"
            },
            "snakeCase": {
              "unsafeName": "get_user",
              "safeName": "get_user"
            },
            "screamingSnakeCase": {
              "unsafeName": "GET_USER",
              "safeName": "GET_USER"
            }
          },
          "fernFilepath": {
            "allParts": [],
            "packagePath": []
          }
        },
        "location": {
          "method": "GET",
          "path": "/user/{id}"
        },
        "request": {
          "declaration": {
            "name": {
              "originalName": "GetUserRequest",
              "camelCase": {
                "unsafeName": "getUserRequest",
                "safeName": "getUserRequest"
              },
              "pascalCase": {
                "unsafeName": "GetUserRequest",
                "safeName": "GetUserRequest"
              },
              "snakeCase": {
                "unsafeName": "get_user_request",
                "safeName": "get_user_request"
              },
              "screamingSnakeCase": {
                "unsafeName": "GET_USER_REQUEST",
                "safeName": "GET_USER_REQUEST"
              }
            },
            "fernFilepath": {
              "allParts": [],
              "packagePath": []
            }
          },
          "pathParameters": [
            {
              "name": {
                "name": {
                  "originalName": "id",
                  "camelCase": {
                    "unsafeName": "id",
                    "safeName": "id"
                  },
                  "pascalCase": {
                    "unsafeName": "ID",
                    "safeName": "ID"
                  },
                  "snakeCase": {
                    "unsafeName": "id",
                    "safeName": "id"
                  },
                  "screamingSnakeCase": {
                    "unsafeName": "ID",
                    "safeName": "ID"
                  }
                },
                "wireValue": "id"
              },
              "typeReference": {
                "value": "STRING",
                "type": "primitive"
              }
            }
          ],
          "queryParameters": [
            {
              "name": {
                "name": {
                  "originalName": "bar",
                  "camelCase": {
                    "unsafeName": "bar",
                    "safeName": "bar"
                  },
                  "pascalCase": {
                    "unsafeName": "Bar",
                    "safeName": "Bar"
                  },
                  "snakeCase": {
                    "unsafeName": "bar",
                    "safeName": "bar"
                  },
                  "screamingSnakeCase": {
                    "unsafeName": "BAR",
                    "safeName": "BAR"
                  }
                },
                "wireValue": "foo"
              },
              "typeReference": {
                "value": "STRING",
                "type": "primitive"
              }
            }
          ],
          "headers": [],
          "metadata": {
            "includePathParameters": false,
            "onlyPathParameters": false
          },
          "type": "inlined"
        },
        "response": {
          "type": "json"
        },
        "examples": []
      }
    },
    "pathParameters": []
  },
  "subpackages": {},
  "rootPackage": {
    "fernFilepath": {
      "allParts": [],
      "packagePath": []
    },
    "service": "service_",
    "types": [],
    "errors": [],
    "subpackages": [],
    "hasEndpointsInTree": true
  },
  "sdkConfig": {
    "isAuthMandatory": false,
    "hasStreamingEndpoints": false,
    "hasPaginatedEndpoints": false,
    "hasFileDownloadEndpoints": false,
    "platformHeaders": {
      "language": "X-Fern-Language",
      "sdkName": "X-Fern-SDK-Name",
      "sdkVersion": "X-Fern-SDK-Version"
    }
  }
}