# yaml-language-server: $schema=https://schema.buildwithfern.dev/generators-yml.json
api:
  path: ./openapi.yml
  audiences:
    - test
  origin: dummy
  overrides: ./openapi.overrides.yml
  settings:
    use-title: false
    respect-nullable-schemas: false
    idiomatic-request-names: false
    inline-path-parameters: false
groups: {}
