{
  "type": "object",
  "properties": {
    "type": {
      "type": "string",
      "enum": [
        "html",
        "markdown"
      ]
    }
  },
  "required": [
    "type"
  ],
  "oneOf": [
    {
      "properties": {
        "type": {
          "const": "html"
        },
        "value": {
          "type": "string"
        }
      },
      "required": [
        "type"
      ]
    },
    {
      "properties": {
        "type": {
          "const": "markdown"
        },
        "value": {
          "type": "string"
        }
      },
      "required": [
        "type"
      ]
    }
  ],
  "definitions": {}
}