// Vitest Snapshot v1, https://vitest.dev/guide/snapshot.html

exports[`Swift Language > makes enum 1`] = `"enum CodingKeys: String, CodingKey {case namecase fallbackContent = fallback_content}"`;

exports[`Swift Language > makes enum case 1`] = `"case fallbackContent = fallback_content"`;

exports[`Swift Language > makes file 1`] = `
"// Sample.swift
import Foundationimport UIKit
open class Room {
    class Person {
        func getName() {print("Hey!")}
    }
    enum RoomType {case bigcase small = sml}
    func openDoor() {print("Hey!")}
    public static func closeDoor() async throws -> Int {print("Hey!")}
}
"
`;

exports[`Swift Language > makes file header 1`] = `"This is the header to a file"`;

exports[`Swift Language > makes function 1`] = `
"fileprivate static func makePerson(name: String {
}, age: Int {
} =  FIX THIS) async {print("Hey!")}"
`;

exports[`Swift Language > makes import 1`] = `"import ExamplePackage"`;

exports[`Swift Language > makes primitives 1`] = `" let count: Int"`;

exports[`Swift Language > makes struct 1`] = `"public struct TopGun: Movie { let description: String}"`;

exports[`Swift Language > makes type 1`] = `
"open struct ExampleObject: Codable, NSObject {
    func fetchData() {print("Hey!")}
}"
`;
