{
  "type": "object",
  "properties": {
    "directory": {
      "type": "string"
    },
    "filename": {
      "type": "string"
    },
    "contents": {
      "type": "string"
    }
  },
  "required": [
    "directory",
    "filename",
    "contents"
  ],
  "additionalProperties": false,
  "definitions": {}
}