{
  "auth": {
    "requirement": "ALL",
    "schemes": []
  },
  "selfHosted": false,
  "types": {},
  "services": {
    "service_": {
      "name": {
        "fernFilepath": {
          "allParts": [],
          "packagePath": []
        }
      },
      "basePath": {
        "head": "",
        "parts": []
      },
      "headers": [],
      "pathParameters": [],
      "endpoints": [
        {
          "displayName": "Test upload",
          "method": "POST",
          "path": {
            "head": "/test",
            "parts": []
          },
          "pathParameters": [
            {
              "name": "corpus_key",
              "docs": "The unique key",
              "valueType": {
                "primitive": {
                  "v1": "STRING",
                  "v2": {
                    "validation": {},
                    "type": "string"
                  }
                },
                "type": "primitive"
              },
              "location": "ENDPOINT",
              "v2Examples": {
                "userSpecifiedExamples": {},
                "autogeneratedExamples": {
                  "corpus_key_example": "corpus_key"
                }
              }
            }
          ],
          "queryParameters": [],
          "headers": [],
          "errors": [],
          "auth": false,
          "userSpecifiedExamples": [],
          "autogeneratedExamples": [],
          "idempotent": false,
          "fullPath": {
            "head": "/test",
            "parts": []
          },
          "allPathParameters": [
            {
              "name": "corpus_key",
              "docs": "The unique key",
              "valueType": {
                "primitive": {
                  "v1": "STRING",
                  "v2": {
                    "validation": {},
                    "type": "string"
                  }
                },
                "type": "primitive"
              },
              "location": "ENDPOINT",
              "v2Examples": {
                "userSpecifiedExamples": {},
                "autogeneratedExamples": {
                  "corpus_key_example": "corpus_key"
                }
              }
            }
          ],
          "source": {
            "type": "openapi"
          },
          "audiences": [],
          "id": "endpoint_.testUpload",
          "name": "testUpload",
          "requestBody": {
            "contentType": "multipart/form-data",
            "docs": "Test request body\n",
            "name": "testUpload_Request",
            "properties": [
              {
                "name": {
                  "name": "metadata",
                  "wireValue": "metadata"
                },
                "valueType": {
                  "container": {
                    "optional": {
                      "container": {
                        "keyType": {
                          "primitive": {
                            "v1": "STRING",
                            "v2": {
                              "type": "string"
                            }
                          },
                          "type": "primitive"
                        },
                        "valueType": {
                          "type": "unknown"
                        },
                        "type": "map"
                      },
                      "type": "container"
                    },
                    "type": "optional"
                  },
                  "type": "container"
                },
                "docs": "Arbitrary object that will be attached as document metadata to the extracted document.",
                "v2Examples": {
                  "userSpecifiedExamples": {},
                  "autogeneratedExamples": {
                    "TestPostRequestBodyContentMultipartFormDataSchemaMetadata_example_autogenerated": {}
                  }
                },
                "contentType": "multipart/form-data",
                "type": "bodyProperty"
              },
              {
                "name": {
                  "name": "chunking_strategy",
                  "wireValue": "chunking_strategy"
                },
                "valueType": {
                  "container": {
                    "optional": {
                      "type": "unknown"
                    },
                    "type": "optional"
                  },
                  "type": "container"
                },
                "v2Examples": {
                  "userSpecifiedExamples": {},
                  "autogeneratedExamples": {
                    "TestPostRequestBodyContentMultipartFormDataSchemaChunkingStrategy_example_autogenerated": null
                  }
                },
                "contentType": "multipart/form-data",
                "type": "bodyProperty"
              },
              {
                "name": {
                  "name": "filename",
                  "wireValue": "filename"
                },
                "valueType": {
                  "container": {
                    "optional": {
                      "primitive": {
                        "v1": "STRING",
                        "v2": {
                          "validation": {},
                          "type": "string"
                        }
                      },
                      "type": "primitive"
                    },
                    "type": "optional"
                  },
                  "type": "container"
                },
                "docs": "Optional multipart section to override the filename.",
                "v2Examples": {
                  "userSpecifiedExamples": {},
                  "autogeneratedExamples": {
                    "TestPostRequestBodyContentMultipartFormDataSchemaFilename_example_autogenerated": "string"
                  }
                },
                "contentType": "multipart/form-data",
                "type": "bodyProperty"
              },
              {
                "value": {
                  "key": {
                    "name": {
                      "originalName": "file",
                      "pascalCase": {
                        "unsafeName": "File",
                        "safeName": "File_"
                      }
                    },
                    "wireValue": "file"
                  },
                  "isOptional": false,
                  "contentType": "multipart/form-data",
                  "docs": "Binary file contents. The file name of the file will be used as the document ID.",
                  "type": "file"
                },
                "type": "file"
              }
            ],
            "v2Examples": {
              "userSpecifiedExamples": {},
              "autogeneratedExamples": {
                "testUploadExample": {
                  "file": "string"
                }
              }
            },
            "type": "fileUpload"
          },
          "v2RequestBodies": {
            "requestBodies": [
              {
                "contentType": "multipart/form-data",
                "docs": "Test request body\n",
                "name": "testUpload_Request",
                "properties": [
                  {
                    "name": {
                      "name": "metadata",
                      "wireValue": "metadata"
                    },
                    "valueType": {
                      "container": {
                        "optional": {
                          "container": {
                            "keyType": {
                              "primitive": {
                                "v1": "STRING",
                                "v2": {
                                  "type": "string"
                                }
                              },
                              "type": "primitive"
                            },
                            "valueType": {
                              "type": "unknown"
                            },
                            "type": "map"
                          },
                          "type": "container"
                        },
                        "type": "optional"
                      },
                      "type": "container"
                    },
                    "docs": "Arbitrary object that will be attached as document metadata to the extracted document.",
                    "v2Examples": {
                      "userSpecifiedExamples": {},
                      "autogeneratedExamples": {
                        "TestPostRequestBodyContentMultipartFormDataSchemaMetadata_example_autogenerated": {}
                      }
                    },
                    "contentType": "multipart/form-data",
                    "type": "bodyProperty"
                  },
                  {
                    "name": {
                      "name": "chunking_strategy",
                      "wireValue": "chunking_strategy"
                    },
                    "valueType": {
                      "container": {
                        "optional": {
                          "type": "unknown"
                        },
                        "type": "optional"
                      },
                      "type": "container"
                    },
                    "v2Examples": {
                      "userSpecifiedExamples": {},
                      "autogeneratedExamples": {
                        "TestPostRequestBodyContentMultipartFormDataSchemaChunkingStrategy_example_autogenerated": null
                      }
                    },
                    "contentType": "multipart/form-data",
                    "type": "bodyProperty"
                  },
                  {
                    "name": {
                      "name": "filename",
                      "wireValue": "filename"
                    },
                    "valueType": {
                      "container": {
                        "optional": {
                          "primitive": {
                            "v1": "STRING",
                            "v2": {
                              "validation": {},
                              "type": "string"
                            }
                          },
                          "type": "primitive"
                        },
                        "type": "optional"
                      },
                      "type": "container"
                    },
                    "docs": "Optional multipart section to override the filename.",
                    "v2Examples": {
                      "userSpecifiedExamples": {},
                      "autogeneratedExamples": {
                        "TestPostRequestBodyContentMultipartFormDataSchemaFilename_example_autogenerated": "string"
                      }
                    },
                    "contentType": "multipart/form-data",
                    "type": "bodyProperty"
                  },
                  {
                    "value": {
                      "key": {
                        "name": {
                          "originalName": "file",
                          "pascalCase": {
                            "unsafeName": "File",
                            "safeName": "File_"
                          }
                        },
                        "wireValue": "file"
                      },
                      "isOptional": false,
                      "contentType": "multipart/form-data",
                      "docs": "Binary file contents. The file name of the file will be used as the document ID.",
                      "type": "file"
                    },
                    "type": "file"
                  }
                ],
                "v2Examples": {
                  "userSpecifiedExamples": {},
                  "autogeneratedExamples": {
                    "testUploadExample": {
                      "file": "string"
                    }
                  }
                },
                "type": "fileUpload"
              }
            ]
          },
          "response": {
            "statusCode": 201,
            "body": {
              "value": {
                "responseBodyType": {
                  "primitive": {
                    "v1": "STRING",
                    "v2": {
                      "validation": {},
                      "type": "string"
                    }
                  },
                  "type": "primitive"
                },
                "docs": "The sample response",
                "v2Examples": {
                  "userSpecifiedExamples": {},
                  "autogeneratedExamples": {
                    "testUploadExample": "string"
                  }
                },
                "type": "response"
              },
              "type": "json"
            }
          },
          "docs": "Test multipart request with different content types.\n",
          "v2Examples": {
            "autogeneratedExamples": {
              "testUploadExample_201": {
                "displayName": "testUploadExample",
                "request": {
                  "endpoint": {
                    "method": "POST",
                    "path": "/test"
                  },
                  "pathParameters": {
                    "corpus_key": "corpus_key"
                  },
                  "queryParameters": {},
                  "headers": {},
                  "requestBody": {
                    "file": "string"
                  }
                },
                "response": {
                  "statusCode": 201,
                  "body": {
                    "value": "string",
                    "type": "json"
                  }
                }
              }
            },
            "userSpecifiedExamples": {}
          },
          "v2Responses": {
            "responses": [
              {
                "statusCode": 201,
                "body": {
                  "value": {
                    "responseBodyType": {
                      "primitive": {
                        "v1": "STRING",
                        "v2": {
                          "validation": {},
                          "type": "string"
                        }
                      },
                      "type": "primitive"
                    },
                    "docs": "The sample response",
                    "v2Examples": {
                      "userSpecifiedExamples": {},
                      "autogeneratedExamples": {
                        "testUploadExample": "string"
                      }
                    },
                    "type": "response"
                  },
                  "type": "json"
                }
              }
            ]
          }
        },
        {
          "displayName": "Test with dual Content-Type request types",
          "method": "POST",
          "path": {
            "head": "/example",
            "parts": []
          },
          "pathParameters": [
            {
              "name": "corpus_key",
              "docs": "The unique key",
              "valueType": {
                "primitive": {
                  "v1": "STRING",
                  "v2": {
                    "validation": {},
                    "type": "string"
                  }
                },
                "type": "primitive"
              },
              "location": "ENDPOINT",
              "v2Examples": {
                "userSpecifiedExamples": {},
                "autogeneratedExamples": {
                  "corpus_key_example": "corpus_key"
                }
              }
            }
          ],
          "queryParameters": [],
          "headers": [],
          "errors": [],
          "auth": false,
          "userSpecifiedExamples": [],
          "autogeneratedExamples": [],
          "idempotent": false,
          "fullPath": {
            "head": "/example",
            "parts": []
          },
          "allPathParameters": [
            {
              "name": "corpus_key",
              "docs": "The unique key",
              "valueType": {
                "primitive": {
                  "v1": "STRING",
                  "v2": {
                    "validation": {},
                    "type": "string"
                  }
                },
                "type": "primitive"
              },
              "location": "ENDPOINT",
              "v2Examples": {
                "userSpecifiedExamples": {},
                "autogeneratedExamples": {
                  "corpus_key_example": "corpus_key"
                }
              }
            }
          ],
          "source": {
            "type": "openapi"
          },
          "audiences": [],
          "id": "endpoint_.testWithDualContentTypeRequestTypes",
          "name": "testWithDualContentTypeRequestTypes",
          "requestBody": {
            "contentType": "application/json",
            "docs": "Test request body\n",
            "name": "testWithDualContentTypeRequestTypes_Request",
            "extendedProperties": [],
            "extends": [],
            "properties": [
              {
                "name": {
                  "name": "metadata",
                  "wireValue": "metadata"
                },
                "valueType": {
                  "container": {
                    "optional": {
                      "container": {
                        "keyType": {
                          "primitive": {
                            "v1": "STRING",
                            "v2": {
                              "type": "string"
                            }
                          },
                          "type": "primitive"
                        },
                        "valueType": {
                          "type": "unknown"
                        },
                        "type": "map"
                      },
                      "type": "container"
                    },
                    "type": "optional"
                  },
                  "type": "container"
                },
                "docs": "Arbitrary object that will be attached as document metadata to the extracted document.",
                "v2Examples": {
                  "userSpecifiedExamples": {},
                  "autogeneratedExamples": {
                    "ExamplePostRequestBodyContentApplicationJsonSchemaMetadata_example_autogenerated": {}
                  }
                }
              }
            ],
            "extraProperties": false,
            "v2Examples": {
              "userSpecifiedExamples": {},
              "autogeneratedExamples": {
                "testWithDualContentTypeRequestTypesExample": {}
              }
            },
            "type": "inlinedRequestBody"
          },
          "v2RequestBodies": {
            "requestBodies": [
              {
                "contentType": "application/json",
                "docs": "Test request body\n",
                "name": "testWithDualContentTypeRequestTypes_Request",
                "extendedProperties": [],
                "extends": [],
                "properties": [
                  {
                    "name": {
                      "name": "metadata",
                      "wireValue": "metadata"
                    },
                    "valueType": {
                      "container": {
                        "optional": {
                          "container": {
                            "keyType": {
                              "primitive": {
                                "v1": "STRING",
                                "v2": {
                                  "type": "string"
                                }
                              },
                              "type": "primitive"
                            },
                            "valueType": {
                              "type": "unknown"
                            },
                            "type": "map"
                          },
                          "type": "container"
                        },
                        "type": "optional"
                      },
                      "type": "container"
                    },
                    "docs": "Arbitrary object that will be attached as document metadata to the extracted document.",
                    "v2Examples": {
                      "userSpecifiedExamples": {},
                      "autogeneratedExamples": {
                        "ExamplePostRequestBodyContentApplicationJsonSchemaMetadata_example_autogenerated": {}
                      }
                    }
                  }
                ],
                "extraProperties": false,
                "v2Examples": {
                  "userSpecifiedExamples": {},
                  "autogeneratedExamples": {
                    "testWithDualContentTypeRequestTypesExample": {}
                  }
                },
                "type": "inlinedRequestBody"
              },
              {
                "contentType": "application/x-www-form-urlencoded",
                "docs": "Test request body\n",
                "name": "testWithDualContentTypeRequestTypes_Request",
                "extendedProperties": [],
                "extends": [],
                "properties": [
                  {
                    "name": {
                      "name": "metadata",
                      "wireValue": "metadata"
                    },
                    "valueType": {
                      "container": {
                        "optional": {
                          "container": {
                            "keyType": {
                              "primitive": {
                                "v1": "STRING",
                                "v2": {
                                  "type": "string"
                                }
                              },
                              "type": "primitive"
                            },
                            "valueType": {
                              "type": "unknown"
                            },
                            "type": "map"
                          },
                          "type": "container"
                        },
                        "type": "optional"
                      },
                      "type": "container"
                    },
                    "docs": "Arbitrary object that will be attached as document metadata to the extracted document.",
                    "v2Examples": {
                      "userSpecifiedExamples": {},
                      "autogeneratedExamples": {
                        "ExamplePostRequestBodyContentApplicationXWwwFormUrlencodedSchemaMetadata_example_autogenerated": {}
                      }
                    }
                  }
                ],
                "extraProperties": false,
                "v2Examples": {
                  "userSpecifiedExamples": {},
                  "autogeneratedExamples": {
                    "testWithDualContentTypeRequestTypesExample": {}
                  }
                },
                "type": "inlinedRequestBody"
              }
            ]
          },
          "response": {
            "statusCode": 201,
            "body": {
              "value": {
                "responseBodyType": {
                  "primitive": {
                    "v1": "STRING",
                    "v2": {
                      "validation": {},
                      "type": "string"
                    }
                  },
                  "type": "primitive"
                },
                "docs": "The sample response",
                "v2Examples": {
                  "userSpecifiedExamples": {},
                  "autogeneratedExamples": {
                    "testWithDualContentTypeRequestTypesExample": "string"
                  }
                },
                "type": "response"
              },
              "type": "json"
            }
          },
          "docs": "Test request with dual content types.\n",
          "v2Examples": {
            "autogeneratedExamples": {
              "testWithDualContentTypeRequestTypesExample_201": {
                "displayName": "testWithDualContentTypeRequestTypesExample",
                "request": {
                  "endpoint": {
                    "method": "POST",
                    "path": "/example"
                  },
                  "pathParameters": {
                    "corpus_key": "corpus_key"
                  },
                  "queryParameters": {},
                  "headers": {},
                  "requestBody": {}
                },
                "response": {
                  "statusCode": 201,
                  "body": {
                    "value": "string",
                    "type": "json"
                  }
                }
              }
            },
            "userSpecifiedExamples": {}
          },
          "v2Responses": {
            "responses": [
              {
                "statusCode": 201,
                "body": {
                  "value": {
                    "responseBodyType": {
                      "primitive": {
                        "v1": "STRING",
                        "v2": {
                          "validation": {},
                          "type": "string"
                        }
                      },
                      "type": "primitive"
                    },
                    "docs": "The sample response",
                    "v2Examples": {
                      "userSpecifiedExamples": {},
                      "autogeneratedExamples": {
                        "testWithDualContentTypeRequestTypesExample": "string"
                      }
                    },
                    "type": "response"
                  },
                  "type": "json"
                }
              }
            ]
          }
        }
      ]
    }
  },
  "errors": {},
  "webhookGroups": {},
  "headers": [],
  "idempotencyHeaders": [],
  "pathParameters": [],
  "errorDiscriminationStrategy": {
    "type": "statusCode"
  },
  "variables": [],
  "serviceTypeReferenceInfo": {
    "sharedTypes": [],
    "typesReferencedOnlyByService": {}
  },
  "rootPackage": {
    "fernFilepath": {
      "allParts": [],
      "packagePath": []
    },
    "service": "service_",
    "types": [],
    "errors": [],
    "subpackages": [],
    "hasEndpointsInTree": false
  },
  "subpackages": {},
  "sdkConfig": {
    "hasFileDownloadEndpoints": false,
    "hasPaginatedEndpoints": false,
    "hasStreamingEndpoints": false,
    "isAuthMandatory": true,
    "platformHeaders": {
      "language": "",
      "sdkName": "",
      "sdkVersion": ""
    }
  },
  "apiName": "",
  "constants": {
    "errorInstanceIdKey": {
      "name": "errorInstanceId",
      "wireValue": "errorInstanceId"
    }
  }
}