{
  "auth": {
    "requirement": "ALL",
    "schemes": []
  },
  "selfHosted": false,
  "types": {
    "CreateCompletionRequest": {
      "name": {
        "typeId": "CreateCompletionRequest",
        "fernFilepath": {
          "allParts": [],
          "packagePath": []
        },
        "name": "CreateCompletionRequest"
      },
      "shape": {
        "properties": [
          {
            "name": {
              "name": "stream",
              "wireValue": "stream"
            },
            "valueType": {
              "container": {
                "optional": {
                  "primitive": {
                    "v1": "BOOLEAN",
                    "v2": {
                      "type": "boolean"
                    }
                  },
                  "type": "primitive"
                },
                "type": "optional"
              },
              "type": "container"
            },
            "v2Examples": {
              "userSpecifiedExamples": {},
              "autogeneratedExamples": {
                "CreateCompletionRequestStream_example_autogenerated": true
              }
            }
          },
          {
            "name": {
              "name": "prompt",
              "wireValue": "prompt"
            },
            "valueType": {
              "primitive": {
                "v1": "STRING",
                "v2": {
                  "validation": {},
                  "type": "string"
                }
              },
              "type": "primitive"
            },
            "v2Examples": {
              "userSpecifiedExamples": {},
              "autogeneratedExamples": {
                "CreateCompletionRequestPrompt_example_autogenerated": "string"
              }
            }
          }
        ],
        "extends": [],
        "extendedProperties": [],
        "extraProperties": false,
        "type": "object"
      },
      "autogeneratedExamples": [],
      "userProvidedExamples": [],
      "referencedTypes": {},
      "inline": false,
      "v2Examples": {
        "userSpecifiedExamples": {},
        "autogeneratedExamples": {
          "CreateCompletionRequest_example_autogenerated": {
            "prompt": "string"
          }
        }
      }
    },
    "Completion": {
      "name": {
        "typeId": "Completion",
        "fernFilepath": {
          "allParts": [],
          "packagePath": []
        },
        "name": "Completion"
      },
      "shape": {
        "properties": [
          {
            "name": {
              "name": "text",
              "wireValue": "text"
            },
            "valueType": {
              "container": {
                "optional": {
                  "primitive": {
                    "v1": "STRING",
                    "v2": {
                      "validation": {},
                      "type": "string"
                    }
                  },
                  "type": "primitive"
                },
                "type": "optional"
              },
              "type": "container"
            },
            "v2Examples": {
              "userSpecifiedExamples": {},
              "autogeneratedExamples": {
                "CompletionText_example_autogenerated": "string"
              }
            }
          }
        ],
        "extends": [],
        "extendedProperties": [],
        "extraProperties": false,
        "type": "object"
      },
      "autogeneratedExamples": [],
      "userProvidedExamples": [],
      "referencedTypes": {},
      "inline": false,
      "v2Examples": {
        "userSpecifiedExamples": {},
        "autogeneratedExamples": {
          "Completion_example_autogenerated": {}
        }
      }
    },
    "CompletionChunk": {
      "name": {
        "typeId": "CompletionChunk",
        "fernFilepath": {
          "allParts": [],
          "packagePath": []
        },
        "name": "CompletionChunk"
      },
      "shape": {
        "properties": [
          {
            "name": {
              "name": "text",
              "wireValue": "text"
            },
            "valueType": {
              "container": {
                "optional": {
                  "primitive": {
                    "v1": "STRING",
                    "v2": {
                      "validation": {},
                      "type": "string"
                    }
                  },
                  "type": "primitive"
                },
                "type": "optional"
              },
              "type": "container"
            },
            "v2Examples": {
              "userSpecifiedExamples": {},
              "autogeneratedExamples": {
                "CompletionChunkText_example_autogenerated": "string"
              }
            }
          }
        ],
        "extends": [],
        "extendedProperties": [],
        "extraProperties": false,
        "type": "object"
      },
      "autogeneratedExamples": [],
      "userProvidedExamples": [],
      "referencedTypes": {},
      "inline": false,
      "v2Examples": {
        "userSpecifiedExamples": {},
        "autogeneratedExamples": {
          "CompletionChunk_example_autogenerated": {}
        }
      }
    }
  },
  "services": {
    "service_chatCompletions": {
      "name": {
        "fernFilepath": {
          "allParts": [
            "chatCompletions"
          ],
          "packagePath": [],
          "file": "chatCompletions"
        }
      },
      "basePath": {
        "head": "",
        "parts": []
      },
      "headers": [],
      "pathParameters": [],
      "endpoints": [
        {
          "method": "POST",
          "path": {
            "head": "/completions/chat",
            "parts": []
          },
          "pathParameters": [],
          "queryParameters": [],
          "headers": [],
          "errors": [],
          "auth": false,
          "userSpecifiedExamples": [],
          "autogeneratedExamples": [],
          "idempotent": false,
          "fullPath": {
            "head": "/completions/chat",
            "parts": []
          },
          "allPathParameters": [],
          "source": {
            "type": "openapi"
          },
          "audiences": [],
          "id": "endpoint_chatCompletions.create",
          "name": "create",
          "requestBody": {
            "contentType": "application/json",
            "requestBodyType": {
              "fernFilepath": {
                "allParts": [],
                "packagePath": []
              },
              "name": "CreateCompletionRequest",
              "typeId": "CreateCompletionRequest",
              "inline": false,
              "type": "named"
            },
            "v2Examples": {
              "userSpecifiedExamples": {},
              "autogeneratedExamples": {
                "chatCompletionsCreateExample": {
                  "prompt": "string"
                }
              }
            },
            "type": "reference"
          },
          "v2RequestBodies": {
            "requestBodies": [
              {
                "contentType": "application/json",
                "requestBodyType": {
                  "fernFilepath": {
                    "allParts": [],
                    "packagePath": []
                  },
                  "name": "CreateCompletionRequest",
                  "typeId": "CreateCompletionRequest",
                  "inline": false,
                  "type": "named"
                },
                "v2Examples": {
                  "userSpecifiedExamples": {},
                  "autogeneratedExamples": {
                    "chatCompletionsCreateExample": {
                      "prompt": "string"
                    }
                  }
                },
                "type": "reference"
              }
            ]
          },
          "response": {
            "statusCode": 200,
            "body": {
              "value": {
                "docs": "Success!",
                "payload": {
                  "primitive": {
                    "v1": "STRING",
                    "v2": {
                      "validation": {},
                      "type": "string"
                    }
                  },
                  "type": "primitive"
                },
                "v2Examples": {
                  "userSpecifiedExamples": {},
                  "autogeneratedExamples": {
                    "chatCompletionsCreateExample": "string"
                  }
                },
                "type": "sse"
              },
              "type": "streaming"
            }
          },
          "v2Examples": {
            "autogeneratedExamples": {
              "chatCompletionsCreateExample_base_200": {
                "displayName": "chatCompletionsCreateExample",
                "request": {
                  "endpoint": {
                    "method": "POST",
                    "path": "/completions/chat"
                  },
                  "pathParameters": {},
                  "queryParameters": {},
                  "headers": {},
                  "requestBody": {
                    "prompt": "string"
                  }
                },
                "response": {
                  "statusCode": 200
                }
              }
            },
            "userSpecifiedExamples": {}
          },
          "v2Responses": {
            "responses": [
              {
                "statusCode": 200,
                "body": {
                  "value": {
                    "docs": "Success!",
                    "payload": {
                      "primitive": {
                        "v1": "STRING",
                        "v2": {
                          "validation": {},
                          "type": "string"
                        }
                      },
                      "type": "primitive"
                    },
                    "v2Examples": {
                      "userSpecifiedExamples": {},
                      "autogeneratedExamples": {
                        "chatCompletionsCreateExample": "string"
                      }
                    },
                    "type": "sse"
                  },
                  "type": "streaming"
                }
              }
            ]
          }
        }
      ]
    }
  },
  "errors": {},
  "webhookGroups": {},
  "headers": [],
  "idempotencyHeaders": [],
  "pathParameters": [],
  "errorDiscriminationStrategy": {
    "type": "statusCode"
  },
  "variables": [],
  "serviceTypeReferenceInfo": {
    "sharedTypes": [],
    "typesReferencedOnlyByService": {}
  },
  "rootPackage": {
    "fernFilepath": {
      "allParts": [],
      "packagePath": []
    },
    "types": [
      "CreateCompletionRequest",
      "Completion",
      "CompletionChunk"
    ],
    "errors": [],
    "subpackages": [
      "subpackage_chatCompletions"
    ],
    "hasEndpointsInTree": false
  },
  "subpackages": {
    "subpackage_chatCompletions": {
      "name": "chatCompletions",
      "fernFilepath": {
        "allParts": [
          "chatCompletions"
        ],
        "packagePath": [],
        "file": "chatCompletions"
      },
      "service": "service_chatCompletions",
      "types": [],
      "errors": [],
      "subpackages": [],
      "hasEndpointsInTree": false
    }
  },
  "sdkConfig": {
    "hasFileDownloadEndpoints": false,
    "hasPaginatedEndpoints": false,
    "hasStreamingEndpoints": false,
    "isAuthMandatory": true,
    "platformHeaders": {
      "language": "",
      "sdkName": "",
      "sdkVersion": ""
    }
  },
  "apiName": "",
  "constants": {
    "errorInstanceIdKey": {
      "name": "errorInstanceId",
      "wireValue": "errorInstanceId"
    }
  }
}