{
  "auth": {
    "requirement": "ALL",
    "schemes": []
  },
  "selfHosted": false,
  "types": {
    "SpeechModel": {
      "name": {
        "typeId": "SpeechModel",
        "fernFilepath": {
          "allParts": [],
          "packagePath": []
        },
        "name": "SpeechModel"
      },
      "shape": {
        "values": [
          {
            "name": {
              "name": "Nano",
              "wireValue": "nano"
            },
            "docs": "The Nano tier is a lightweight model that is optimized for speed and cost."
          }
        ],
        "type": "enum"
      },
      "autogeneratedExamples": [],
      "userProvidedExamples": [],
      "docs": "The speech model to use for the transcription.",
      "referencedTypes": {},
      "inline": false,
      "v2Examples": {
        "userSpecifiedExamples": {},
        "autogeneratedExamples": {
          "SpeechModel_example_autogenerated": "nano"
        }
      }
    }
  },
  "services": {},
  "errors": {},
  "webhookGroups": {},
  "headers": [],
  "idempotencyHeaders": [],
  "pathParameters": [],
  "errorDiscriminationStrategy": {
    "type": "statusCode"
  },
  "variables": [],
  "serviceTypeReferenceInfo": {
    "sharedTypes": [],
    "typesReferencedOnlyByService": {}
  },
  "rootPackage": {
    "fernFilepath": {
      "allParts": [],
      "packagePath": []
    },
    "types": [
      "SpeechModel"
    ],
    "errors": [],
    "subpackages": [],
    "hasEndpointsInTree": false
  },
  "subpackages": {},
  "sdkConfig": {
    "hasFileDownloadEndpoints": false,
    "hasPaginatedEndpoints": false,
    "hasStreamingEndpoints": false,
    "isAuthMandatory": true,
    "platformHeaders": {
      "language": "",
      "sdkName": "",
      "sdkVersion": ""
    }
  },
  "apiName": "",
  "constants": {
    "errorInstanceIdKey": {
      "name": "errorInstanceId",
      "wireValue": "errorInstanceId"
    }
  }
}