version https://git-lfs.github.com/spec/v1
oid sha256:a33f9096205e55ec8825745fcd9e7eedc1446bc18f9bb1bbf06aca29a8fd3c7f
size 16260232
