version https://git-lfs.github.com/spec/v1
oid sha256:f4f3a80a5ede5de9ede0441dba1fa1660ca54b421c02d87133586f77017db642
size 17514419
