{
  "auth": {
    "requirement": "ALL",
    "schemes": []
  },
  "selfHosted": false,
  "types": {
    "TreeCreateLocation": {
      "name": {
        "typeId": "TreeCreateLocation",
        "fernFilepath": {
          "allParts": [],
          "packagePath": []
        },
        "name": "TreeCreateLocation"
      },
      "shape": {
        "properties": [
          {
            "name": {
              "name": "latitude",
              "wireValue": "latitude"
            },
            "valueType": {
              "container": {
                "optional": {
                  "primitive": {
                    "v1": "DOUBLE",
                    "v2": {
                      "validation": {},
                      "type": "double"
                    }
                  },
                  "type": "primitive"
                },
                "type": "optional"
              },
              "type": "container"
            },
            "v2Examples": {
              "userSpecifiedExamples": {},
              "autogeneratedExamples": {
                "TreeCreateLocationLatitude_example_autogenerated": 1.1
              }
            }
          },
          {
            "name": {
              "name": "longitude",
              "wireValue": "longitude"
            },
            "valueType": {
              "container": {
                "optional": {
                  "primitive": {
                    "v1": "DOUBLE",
                    "v2": {
                      "validation": {},
                      "type": "double"
                    }
                  },
                  "type": "primitive"
                },
                "type": "optional"
              },
              "type": "container"
            },
            "v2Examples": {
              "userSpecifiedExamples": {},
              "autogeneratedExamples": {
                "TreeCreateLocationLongitude_example_autogenerated": 1.1
              }
            }
          }
        ],
        "extends": [],
        "extendedProperties": [],
        "extraProperties": false,
        "type": "object"
      },
      "autogeneratedExamples": [],
      "userProvidedExamples": [],
      "referencedTypes": {},
      "inline": false,
      "v2Examples": {
        "userSpecifiedExamples": {},
        "autogeneratedExamples": {
          "TreeCreateLocation_example_autogenerated": {}
        }
      }
    },
    "TreeCreate": {
      "name": {
        "typeId": "TreeCreate",
        "fernFilepath": {
          "allParts": [],
          "packagePath": []
        },
        "name": "TreeCreate"
      },
      "shape": {
        "properties": [
          {
            "name": {
              "name": "species",
              "wireValue": "species"
            },
            "valueType": {
              "primitive": {
                "v1": "STRING",
                "v2": {
                  "validation": {},
                  "type": "string"
                }
              },
              "type": "primitive"
            },
            "v2Examples": {
              "userSpecifiedExamples": {},
              "autogeneratedExamples": {
                "TreeCreateSpecies_example_autogenerated": "string"
              }
            }
          },
          {
            "name": {
              "name": "height",
              "wireValue": "height"
            },
            "valueType": {
              "primitive": {
                "v1": "DOUBLE",
                "v2": {
                  "validation": {},
                  "type": "double"
                }
              },
              "type": "primitive"
            },
            "v2Examples": {
              "userSpecifiedExamples": {},
              "autogeneratedExamples": {
                "TreeCreateHeight_example_autogenerated": 1.1
              }
            }
          },
          {
            "name": {
              "name": "age",
              "wireValue": "age"
            },
            "valueType": {
              "primitive": {
                "v1": "STRING",
                "v2": {
                  "validation": {},
                  "type": "string"
                }
              },
              "type": "primitive"
            },
            "v2Examples": {
              "userSpecifiedExamples": {},
              "autogeneratedExamples": {
                "TreeCreateAge_example_autogenerated": "string"
              }
            }
          },
          {
            "name": {
              "name": "location",
              "wireValue": "location"
            },
            "valueType": {
              "fernFilepath": {
                "allParts": [],
                "packagePath": []
              },
              "name": "TreeCreateLocation",
              "typeId": "TreeCreateLocation",
              "inline": false,
              "type": "named"
            },
            "v2Examples": {
              "userSpecifiedExamples": {},
              "autogeneratedExamples": {
                "TreeCreateLocation_example_autogenerated": {}
              }
            }
          }
        ],
        "extends": [],
        "extendedProperties": [],
        "extraProperties": false,
        "type": "object"
      },
      "autogeneratedExamples": [],
      "userProvidedExamples": [],
      "referencedTypes": {},
      "inline": false,
      "v2Examples": {
        "userSpecifiedExamples": {},
        "autogeneratedExamples": {
          "TreeCreate_example_autogenerated": {
            "age": "string",
            "location": {}
          }
        }
      }
    },
    "TreeBase": {
      "name": {
        "typeId": "TreeBase",
        "fernFilepath": {
          "allParts": [],
          "packagePath": []
        },
        "name": "TreeBase"
      },
      "shape": {
        "properties": [
          {
            "name": {
              "name": "species",
              "wireValue": "species"
            },
            "valueType": {
              "container": {
                "optional": {
                  "primitive": {
                    "v1": "STRING",
                    "v2": {
                      "validation": {},
                      "type": "string"
                    }
                  },
                  "type": "primitive"
                },
                "type": "optional"
              },
              "type": "container"
            },
            "v2Examples": {
              "userSpecifiedExamples": {},
              "autogeneratedExamples": {
                "TreeBaseSpecies_example_autogenerated": "string"
              }
            }
          },
          {
            "name": {
              "name": "height",
              "wireValue": "height"
            },
            "valueType": {
              "container": {
                "optional": {
                  "primitive": {
                    "v1": "DOUBLE",
                    "v2": {
                      "validation": {},
                      "type": "double"
                    }
                  },
                  "type": "primitive"
                },
                "type": "optional"
              },
              "type": "container"
            },
            "v2Examples": {
              "userSpecifiedExamples": {},
              "autogeneratedExamples": {
                "TreeBaseHeight_example_autogenerated": 1.1
              }
            }
          }
        ],
        "extends": [],
        "extendedProperties": [],
        "extraProperties": false,
        "type": "object"
      },
      "autogeneratedExamples": [],
      "userProvidedExamples": [],
      "referencedTypes": {},
      "inline": false,
      "v2Examples": {
        "userSpecifiedExamples": {},
        "autogeneratedExamples": {
          "TreeBase_example_autogenerated": {}
        }
      }
    }
  },
  "services": {
    "service_": {
      "name": {
        "fernFilepath": {
          "allParts": [],
          "packagePath": []
        }
      },
      "basePath": {
        "head": "",
        "parts": []
      },
      "headers": [],
      "pathParameters": [],
      "endpoints": [
        {
          "displayName": "Create a new tree",
          "method": "POST",
          "path": {
            "head": "/trees",
            "parts": []
          },
          "pathParameters": [],
          "queryParameters": [],
          "headers": [],
          "errors": [],
          "auth": false,
          "userSpecifiedExamples": [],
          "autogeneratedExamples": [
            {
              "example": {
                "id": "d0cf59d0",
                "url": "/trees",
                "endpointHeaders": [],
                "endpointPathParameters": [],
                "queryParameters": [],
                "servicePathParameters": [],
                "serviceHeaders": [],
                "rootPathParameters": [],
                "request": {
                  "jsonExample": {
                    "species": "species",
                    "height": 1.1,
                    "age": "age",
                    "location": {}
                  },
                  "shape": {
                    "shape": {
                      "properties": [
                        {
                          "name": {
                            "name": "species",
                            "wireValue": "species"
                          },
                          "originalTypeDeclaration": {
                            "typeId": "TreeCreate",
                            "fernFilepath": {
                              "allParts": [],
                              "packagePath": []
                            },
                            "name": "TreeCreate"
                          },
                          "value": {
                            "jsonExample": "species",
                            "shape": {
                              "primitive": {
                                "string": {
                                  "original": "species"
                                },
                                "type": "string"
                              },
                              "type": "primitive"
                            }
                          }
                        },
                        {
                          "name": {
                            "name": "height",
                            "wireValue": "height"
                          },
                          "originalTypeDeclaration": {
                            "typeId": "TreeCreate",
                            "fernFilepath": {
                              "allParts": [],
                              "packagePath": []
                            },
                            "name": "TreeCreate"
                          },
                          "value": {
                            "jsonExample": 1.1,
                            "shape": {
                              "primitive": {
                                "double": 1.1,
                                "type": "double"
                              },
                              "type": "primitive"
                            }
                          }
                        },
                        {
                          "name": {
                            "name": "age",
                            "wireValue": "age"
                          },
                          "originalTypeDeclaration": {
                            "typeId": "TreeCreate",
                            "fernFilepath": {
                              "allParts": [],
                              "packagePath": []
                            },
                            "name": "TreeCreate"
                          },
                          "value": {
                            "jsonExample": "age",
                            "shape": {
                              "primitive": {
                                "string": {
                                  "original": "age"
                                },
                                "type": "string"
                              },
                              "type": "primitive"
                            }
                          }
                        },
                        {
                          "name": {
                            "name": "location",
                            "wireValue": "location"
                          },
                          "originalTypeDeclaration": {
                            "typeId": "TreeCreate",
                            "fernFilepath": {
                              "allParts": [],
                              "packagePath": []
                            },
                            "name": "TreeCreate"
                          },
                          "value": {
                            "jsonExample": {},
                            "shape": {
                              "shape": {
                                "properties": [
                                  {
                                    "name": {
                                      "name": "latitude",
                                      "wireValue": "latitude"
                                    },
                                    "originalTypeDeclaration": {
                                      "typeId": "TreeCreateLocation",
                                      "fernFilepath": {
                                        "allParts": [],
                                        "packagePath": []
                                      },
                                      "name": "TreeCreateLocation"
                                    },
                                    "value": {
                                      "shape": {
                                        "container": {
                                          "valueType": {
                                            "primitive": {
                                              "v1": "DOUBLE",
                                              "v2": {
                                                "validation": {},
                                                "type": "double"
                                              }
                                            },
                                            "type": "primitive"
                                          },
                                          "type": "optional"
                                        },
                                        "type": "container"
                                      }
                                    }
                                  },
                                  {
                                    "name": {
                                      "name": "longitude",
                                      "wireValue": "longitude"
                                    },
                                    "originalTypeDeclaration": {
                                      "typeId": "TreeCreateLocation",
                                      "fernFilepath": {
                                        "allParts": [],
                                        "packagePath": []
                                      },
                                      "name": "TreeCreateLocation"
                                    },
                                    "value": {
                                      "shape": {
                                        "container": {
                                          "valueType": {
                                            "primitive": {
                                              "v1": "DOUBLE",
                                              "v2": {
                                                "validation": {},
                                                "type": "double"
                                              }
                                            },
                                            "type": "primitive"
                                          },
                                          "type": "optional"
                                        },
                                        "type": "container"
                                      }
                                    }
                                  }
                                ],
                                "type": "object"
                              },
                              "typeName": {
                                "typeId": "TreeCreateLocation",
                                "fernFilepath": {
                                  "allParts": [],
                                  "packagePath": []
                                },
                                "name": "TreeCreateLocation"
                              },
                              "type": "named"
                            }
                          }
                        }
                      ],
                      "type": "object"
                    },
                    "typeName": {
                      "typeId": "TreeCreate",
                      "fernFilepath": {
                        "allParts": [],
                        "packagePath": []
                      },
                      "name": "TreeCreate"
                    },
                    "type": "named"
                  },
                  "type": "reference"
                },
                "response": {
                  "value": {
                    "value": {
                      "jsonExample": "string",
                      "shape": {
                        "primitive": {
                          "string": {
                            "original": "string"
                          },
                          "type": "string"
                        },
                        "type": "primitive"
                      }
                    },
                    "type": "body"
                  },
                  "type": "ok"
                }
              }
            }
          ],
          "idempotent": false,
          "fullPath": {
            "head": "/trees",
            "parts": []
          },
          "allPathParameters": [],
          "source": {
            "type": "openapi"
          },
          "audiences": [],
          "id": "endpoint_.createTree",
          "name": "createTree",
          "requestBody": {
            "contentType": "application/json",
            "requestBodyType": {
              "fernFilepath": {
                "allParts": [],
                "packagePath": []
              },
              "name": "TreeCreate",
              "typeId": "TreeCreate",
              "inline": false,
              "type": "named"
            },
            "v2Examples": {
              "userSpecifiedExamples": {},
              "autogeneratedExamples": {
                "createTreeExample": {
                  "age": "string",
                  "location": {}
                }
              }
            },
            "type": "reference"
          },
          "v2RequestBodies": {
            "requestBodies": [
              {
                "contentType": "application/json",
                "requestBodyType": {
                  "fernFilepath": {
                    "allParts": [],
                    "packagePath": []
                  },
                  "name": "TreeCreate",
                  "typeId": "TreeCreate",
                  "inline": false,
                  "type": "named"
                },
                "v2Examples": {
                  "userSpecifiedExamples": {},
                  "autogeneratedExamples": {
                    "createTreeExample": {
                      "age": "string",
                      "location": {}
                    }
                  }
                },
                "type": "reference"
              }
            ]
          },
          "response": {
            "statusCode": 201,
            "body": {
              "value": {
                "responseBodyType": {
                  "primitive": {
                    "v1": "STRING",
                    "v2": {
                      "validation": {},
                      "type": "string"
                    }
                  },
                  "type": "primitive"
                },
                "docs": "Tree created successfully",
                "v2Examples": {
                  "userSpecifiedExamples": {},
                  "autogeneratedExamples": {
                    "createTreeExample": "string"
                  }
                },
                "type": "response"
              },
              "type": "json"
            }
          },
          "v2Examples": {
            "autogeneratedExamples": {
              "createTreeExample_201": {
                "displayName": "createTreeExample",
                "request": {
                  "endpoint": {
                    "method": "POST",
                    "path": "/trees"
                  },
                  "pathParameters": {},
                  "queryParameters": {},
                  "headers": {},
                  "requestBody": {
                    "age": "string",
                    "location": {}
                  }
                },
                "response": {
                  "statusCode": 201,
                  "body": {
                    "value": "string",
                    "type": "json"
                  }
                }
              }
            },
            "userSpecifiedExamples": {}
          },
          "v2Responses": {
            "responses": [
              {
                "statusCode": 201,
                "body": {
                  "value": {
                    "responseBodyType": {
                      "primitive": {
                        "v1": "STRING",
                        "v2": {
                          "validation": {},
                          "type": "string"
                        }
                      },
                      "type": "primitive"
                    },
                    "docs": "Tree created successfully",
                    "v2Examples": {
                      "userSpecifiedExamples": {},
                      "autogeneratedExamples": {
                        "createTreeExample": "string"
                      }
                    },
                    "type": "response"
                  },
                  "type": "json"
                }
              }
            ]
          }
        }
      ]
    }
  },
  "errors": {},
  "webhookGroups": {},
  "headers": [],
  "idempotencyHeaders": [],
  "pathParameters": [],
  "errorDiscriminationStrategy": {
    "type": "statusCode"
  },
  "variables": [],
  "serviceTypeReferenceInfo": {
    "sharedTypes": [],
    "typesReferencedOnlyByService": {}
  },
  "rootPackage": {
    "fernFilepath": {
      "allParts": [],
      "packagePath": []
    },
    "service": "service_",
    "types": [
      "TreeCreate",
      "TreeBase"
    ],
    "errors": [],
    "subpackages": [],
    "hasEndpointsInTree": false
  },
  "subpackages": {},
  "sdkConfig": {
    "hasFileDownloadEndpoints": false,
    "hasPaginatedEndpoints": false,
    "hasStreamingEndpoints": false,
    "isAuthMandatory": true,
    "platformHeaders": {
      "language": "",
      "sdkName": "",
      "sdkVersion": ""
    }
  },
  "apiName": "",
  "constants": {
    "errorInstanceIdKey": {
      "name": "errorInstanceId",
      "wireValue": "errorInstanceId"
    }
  }
}