{
  "auth": {
    "requirement": "ALL",
    "schemes": []
  },
  "selfHosted": false,
  "types": {
    "Pet": {
      "name": {
        "typeId": "Pet",
        "fernFilepath": {
          "allParts": [],
          "packagePath": []
        },
        "name": "Pet"
      },
      "shape": {
        "properties": [
          {
            "name": {
              "name": "id",
              "wireValue": "id"
            },
            "valueType": {
              "primitive": {
                "v1": "LONG",
                "v2": {
                  "type": "long"
                }
              },
              "type": "primitive"
            },
            "v2Examples": {
              "userSpecifiedExamples": {},
              "autogeneratedExamples": {
                "PetId_example_autogenerated": 1
              }
            }
          },
          {
            "name": {
              "name": "name",
              "wireValue": "name"
            },
            "valueType": {
              "primitive": {
                "v1": "STRING",
                "v2": {
                  "validation": {},
                  "type": "string"
                }
              },
              "type": "primitive"
            },
            "v2Examples": {
              "userSpecifiedExamples": {},
              "autogeneratedExamples": {
                "PetName_example_autogenerated": "string"
              }
            }
          },
          {
            "name": {
              "name": "tag",
              "wireValue": "tag"
            },
            "valueType": {
              "container": {
                "optional": {
                  "primitive": {
                    "v1": "STRING",
                    "v2": {
                      "validation": {},
                      "type": "string"
                    }
                  },
                  "type": "primitive"
                },
                "type": "optional"
              },
              "type": "container"
            },
            "v2Examples": {
              "userSpecifiedExamples": {},
              "autogeneratedExamples": {
                "PetTag_example_autogenerated": "string"
              }
            }
          }
        ],
        "extends": [],
        "extendedProperties": [],
        "extraProperties": false,
        "type": "object"
      },
      "autogeneratedExamples": [],
      "userProvidedExamples": [],
      "referencedTypes": {},
      "inline": false,
      "v2Examples": {
        "userSpecifiedExamples": {},
        "autogeneratedExamples": {
          "Pet_example_autogenerated": {
            "id": 1,
            "name": "string"
          }
        }
      }
    }
  },
  "services": {},
  "errors": {},
  "webhookGroups": {
    "CreatePet": [
      {
        "id": ".CreatePet",
        "name": "CreatePet",
        "method": "POST",
        "headers": [],
        "payload": {
          "payloadType": {
            "fernFilepath": {
              "allParts": [],
              "packagePath": []
            },
            "name": "Pet",
            "typeId": "Pet",
            "inline": false,
            "type": "named"
          },
          "type": "reference"
        },
        "examples": [],
        "v2Examples": {
          "autogeneratedExamples": {},
          "userSpecifiedExamples": {
            "Example 1": {
              "name": "Example 1",
              "payload": {
                "id": 123,
                "name": "Scratch",
                "tag": "Cat"
              }
            }
          }
        }
      }
    ]
  },
  "headers": [],
  "idempotencyHeaders": [],
  "pathParameters": [],
  "errorDiscriminationStrategy": {
    "type": "statusCode"
  },
  "variables": [],
  "serviceTypeReferenceInfo": {
    "sharedTypes": [],
    "typesReferencedOnlyByService": {}
  },
  "rootPackage": {
    "fernFilepath": {
      "allParts": [],
      "packagePath": []
    },
    "types": [
      "Pet"
    ],
    "errors": [],
    "subpackages": [],
    "webhooks": "CreatePet",
    "hasEndpointsInTree": false
  },
  "subpackages": {},
  "sdkConfig": {
    "hasFileDownloadEndpoints": false,
    "hasPaginatedEndpoints": false,
    "hasStreamingEndpoints": false,
    "isAuthMandatory": true,
    "platformHeaders": {
      "language": "",
      "sdkName": "",
      "sdkVersion": ""
    }
  },
  "apiName": "",
  "constants": {
    "errorInstanceIdKey": {
      "name": "errorInstanceId",
      "wireValue": "errorInstanceId"
    }
  }
}