// Jest Snapshot v1, https://goo.gl/fbAQLP

exports[`file-upload file-upload parse open api 1`] = `
{
  "channel": [],
  "description": null,
  "endpoints": [
    {
      "audiences": [],
      "authed": false,
      "availability": null,
      "description": null,
      "errorStatusCode": [],
      "examples": [],
      "generatedRequestName": "UploadFileRequest",
      "headers": [],
      "internal": null,
      "method": "POST",
      "operationId": "upload-file",
      "path": "/upload",
      "pathParameters": [],
      "queryParameters": [],
      "request": {
        "description": null,
        "name": null,
        "properties": [
          {
            "description": null,
            "key": "file",
            "schema": {
              "isArray": false,
              "isOptional": false,
              "type": "file",
            },
          },
          {
            "description": null,
            "key": "maybe_file",
            "schema": {
              "isArray": false,
              "isOptional": true,
              "type": "file",
            },
          },
          {
            "description": null,
            "key": "file_list",
            "schema": {
              "isArray": true,
              "isOptional": false,
              "type": "file",
            },
          },
          {
            "description": null,
            "key": "maybe_file_list",
            "schema": {
              "isArray": true,
              "isOptional": true,
              "type": "file",
            },
          },
        ],
        "type": "multipart",
      },
      "requestNameOverride": null,
      "response": null,
      "sdkName": null,
      "server": [],
      "summary": "Upload a file",
      "tags": [],
    },
  ],
  "errors": {},
  "globalHeaders": null,
  "hasEndpointsMarkedInternal": false,
  "nonRequestReferencedSchemas": [],
  "schemas": {},
  "securitySchemes": {},
  "servers": [],
  "tags": {
    "orderedTagIds": null,
    "tagsById": {},
  },
  "title": "Test file upload",
  "variables": {},
  "webhooks": [],
}
`;
