{
  "selfHosted": false,
  "apiName": {
    "originalName": "api",
    "camelCase": {
      "unsafeName": "api",
      "safeName": "api"
    },
    "snakeCase": {
      "unsafeName": "api",
      "safeName": "api"
    },
    "screamingSnakeCase": {
      "unsafeName": "API",
      "safeName": "API"
    },
    "pascalCase": {
      "unsafeName": "API",
      "safeName": "API"
    }
  },
  "apiDisplayName": "Default Content Type",
  "auth": {
    "requirement": "ALL",
    "schemes": []
  },
  "headers": [],
  "idempotencyHeaders": [],
  "types": {
    "type_:GenerateContentResponse": {
      "name": {
        "name": {
          "originalName": "GenerateContentResponse",
          "camelCase": {
            "unsafeName": "generateContentResponse",
            "safeName": "generateContentResponse"
          },
          "snakeCase": {
            "unsafeName": "generate_content_response",
            "safeName": "generate_content_response"
          },
          "screamingSnakeCase": {
            "unsafeName": "GENERATE_CONTENT_RESPONSE",
            "safeName": "GENERATE_CONTENT_RESPONSE"
          },
          "pascalCase": {
            "unsafeName": "GenerateContentResponse",
            "safeName": "GenerateContentResponse"
          }
        },
        "fernFilepath": {
          "allParts": [],
          "packagePath": []
        },
        "typeId": "type_:GenerateContentResponse"
      },
      "shape": {
        "extends": [],
        "properties": [
          {
            "name": {
              "name": {
                "originalName": "bar",
                "camelCase": {
                  "unsafeName": "bar",
                  "safeName": "bar"
                },
                "snakeCase": {
                  "unsafeName": "bar",
                  "safeName": "bar"
                },
                "screamingSnakeCase": {
                  "unsafeName": "BAR",
                  "safeName": "BAR"
                },
                "pascalCase": {
                  "unsafeName": "Bar",
                  "safeName": "Bar"
                }
              },
              "wireValue": "bar"
            },
            "valueType": {
              "container": {
                "optional": {
                  "primitive": {
                    "v1": "STRING",
                    "v2": {
                      "type": "string"
                    }
                  },
                  "type": "primitive"
                },
                "type": "optional"
              },
              "type": "container"
            },
            "v2Examples": {
              "userSpecifiedExamples": {},
              "autogeneratedExamples": {}
            }
          }
        ],
        "extraProperties": false,
        "extendedProperties": [],
        "type": "object"
      },
      "referencedTypes": {},
      "encoding": {
        "json": {}
      },
      "userProvidedExamples": [],
      "autogeneratedExamples": []
    }
  },
  "errors": {},
  "services": {
    "service_generativelanguage": {
      "name": {
        "fernFilepath": {
          "allParts": [
            {
              "originalName": "generativelanguage",
              "camelCase": {
                "unsafeName": "generativelanguage",
                "safeName": "generativelanguage"
              },
              "snakeCase": {
                "unsafeName": "generativelanguage",
                "safeName": "generativelanguage"
              },
              "screamingSnakeCase": {
                "unsafeName": "GENERATIVELANGUAGE",
                "safeName": "GENERATIVELANGUAGE"
              },
              "pascalCase": {
                "unsafeName": "Generativelanguage",
                "safeName": "Generativelanguage"
              }
            }
          ],
          "packagePath": [],
          "file": {
            "originalName": "generativelanguage",
            "camelCase": {
              "unsafeName": "generativelanguage",
              "safeName": "generativelanguage"
            },
            "snakeCase": {
              "unsafeName": "generativelanguage",
              "safeName": "generativelanguage"
            },
            "screamingSnakeCase": {
              "unsafeName": "GENERATIVELANGUAGE",
              "safeName": "GENERATIVELANGUAGE"
            },
            "pascalCase": {
              "unsafeName": "Generativelanguage",
              "safeName": "Generativelanguage"
            }
          }
        }
      },
      "basePath": {
        "head": "",
        "parts": []
      },
      "headers": [],
      "pathParameters": [],
      "encoding": {
        "json": {}
      },
      "transport": {
        "type": "http"
      },
      "endpoints": [
        {
          "id": "endpoint_generativelanguage.GenerateContent",
          "name": {
            "originalName": "GenerateContent",
            "camelCase": {
              "unsafeName": "generateContent",
              "safeName": "generateContent"
            },
            "snakeCase": {
              "unsafeName": "generate_content",
              "safeName": "generate_content"
            },
            "screamingSnakeCase": {
              "unsafeName": "GENERATE_CONTENT",
              "safeName": "GENERATE_CONTENT"
            },
            "pascalCase": {
              "unsafeName": "GenerateContent",
              "safeName": "GenerateContent"
            }
          },
          "auth": false,
          "idempotent": false,
          "method": "POST",
          "path": {
            "head": "/generateContent",
            "parts": []
          },
          "fullPath": {
            "head": "generateContent",
            "parts": []
          },
          "pathParameters": [
            {
              "name": {
                "originalName": "model",
                "camelCase": {
                  "unsafeName": "model",
                  "safeName": "model"
                },
                "snakeCase": {
                  "unsafeName": "model",
                  "safeName": "model"
                },
                "screamingSnakeCase": {
                  "unsafeName": "MODEL",
                  "safeName": "MODEL"
                },
                "pascalCase": {
                  "unsafeName": "Model",
                  "safeName": "Model"
                }
              },
              "valueType": {
                "primitive": {
                  "v1": "STRING",
                  "v2": {
                    "type": "string"
                  }
                },
                "type": "primitive"
              },
              "location": "ENDPOINT",
              "v2Examples": {
                "userSpecifiedExamples": {},
                "autogeneratedExamples": {}
              }
            }
          ],
          "allPathParameters": [
            {
              "name": {
                "originalName": "model",
                "camelCase": {
                  "unsafeName": "model",
                  "safeName": "model"
                },
                "snakeCase": {
                  "unsafeName": "model",
                  "safeName": "model"
                },
                "screamingSnakeCase": {
                  "unsafeName": "MODEL",
                  "safeName": "MODEL"
                },
                "pascalCase": {
                  "unsafeName": "Model",
                  "safeName": "Model"
                }
              },
              "valueType": {
                "primitive": {
                  "v1": "STRING",
                  "v2": {
                    "type": "string"
                  }
                },
                "type": "primitive"
              },
              "location": "ENDPOINT",
              "v2Examples": {
                "userSpecifiedExamples": {},
                "autogeneratedExamples": {}
              }
            }
          ],
          "queryParameters": [],
          "headers": [],
          "response": {
            "body": {
              "value": {
                "docs": "Successful operation",
                "responseBodyType": {
                  "name": {
                    "originalName": "GenerateContentResponse",
                    "camelCase": {
                      "unsafeName": "generateContentResponse",
                      "safeName": "generateContentResponse"
                    },
                    "snakeCase": {
                      "unsafeName": "generate_content_response",
                      "safeName": "generate_content_response"
                    },
                    "screamingSnakeCase": {
                      "unsafeName": "GENERATE_CONTENT_RESPONSE",
                      "safeName": "GENERATE_CONTENT_RESPONSE"
                    },
                    "pascalCase": {
                      "unsafeName": "GenerateContentResponse",
                      "safeName": "GenerateContentResponse"
                    }
                  },
                  "fernFilepath": {
                    "allParts": [],
                    "packagePath": []
                  },
                  "typeId": "type_:GenerateContentResponse",
                  "type": "named"
                },
                "type": "response"
              },
              "type": "json"
            }
          },
          "errors": [],
          "userSpecifiedExamples": [],
          "autogeneratedExamples": []
        }
      ]
    }
  },
  "constants": {
    "errorInstanceIdKey": {
      "name": {
        "originalName": "errorInstanceId",
        "camelCase": {
          "unsafeName": "errorInstanceID",
          "safeName": "errorInstanceID"
        },
        "snakeCase": {
          "unsafeName": "error_instance_id",
          "safeName": "error_instance_id"
        },
        "screamingSnakeCase": {
          "unsafeName": "ERROR_INSTANCE_ID",
          "safeName": "ERROR_INSTANCE_ID"
        },
        "pascalCase": {
          "unsafeName": "ErrorInstanceID",
          "safeName": "ErrorInstanceID"
        }
      },
      "wireValue": "errorInstanceId"
    }
  },
  "environments": {
    "defaultEnvironment": "Default",
    "environments": {
      "environments": [
        {
          "id": "Default",
          "name": {
            "originalName": "Default",
            "camelCase": {
              "unsafeName": "default",
              "safeName": "default"
            },
            "snakeCase": {
              "unsafeName": "default",
              "safeName": "default"
            },
            "screamingSnakeCase": {
              "unsafeName": "DEFAULT",
              "safeName": "DEFAULT"
            },
            "pascalCase": {
              "unsafeName": "Default",
              "safeName": "Default"
            }
          },
          "url": "https://ai.com"
        }
      ],
      "type": "singleBaseUrl"
    }
  },
  "errorDiscriminationStrategy": {
    "type": "statusCode"
  },
  "pathParameters": [],
  "variables": [],
  "serviceTypeReferenceInfo": {
    "typesReferencedOnlyByService": {
      "service_generativelanguage": [
        "type_:GenerateContentResponse"
      ]
    },
    "sharedTypes": []
  },
  "webhookGroups": {},
  "websocketChannels": {},
  "dynamic": {
    "version": "1.0.0",
    "types": {
      "type_:GenerateContentResponse": {
        "declaration": {
          "name": {
            "originalName": "GenerateContentResponse",
            "camelCase": {
              "unsafeName": "generateContentResponse",
              "safeName": "generateContentResponse"
            },
            "snakeCase": {
              "unsafeName": "generate_content_response",
              "safeName": "generate_content_response"
            },
            "screamingSnakeCase": {
              "unsafeName": "GENERATE_CONTENT_RESPONSE",
              "safeName": "GENERATE_CONTENT_RESPONSE"
            },
            "pascalCase": {
              "unsafeName": "GenerateContentResponse",
              "safeName": "GenerateContentResponse"
            }
          },
          "fernFilepath": {
            "allParts": [],
            "packagePath": []
          }
        },
        "properties": [
          {
            "name": {
              "name": {
                "originalName": "bar",
                "camelCase": {
                  "unsafeName": "bar",
                  "safeName": "bar"
                },
                "snakeCase": {
                  "unsafeName": "bar",
                  "safeName": "bar"
                },
                "screamingSnakeCase": {
                  "unsafeName": "BAR",
                  "safeName": "BAR"
                },
                "pascalCase": {
                  "unsafeName": "Bar",
                  "safeName": "Bar"
                }
              },
              "wireValue": "bar"
            },
            "typeReference": {
              "value": {
                "value": "STRING",
                "type": "primitive"
              },
              "type": "optional"
            }
          }
        ],
        "additionalProperties": false,
        "type": "object"
      }
    },
    "headers": [],
    "endpoints": {
      "endpoint_generativelanguage.GenerateContent": {
        "declaration": {
          "name": {
            "originalName": "GenerateContent",
            "camelCase": {
              "unsafeName": "generateContent",
              "safeName": "generateContent"
            },
            "snakeCase": {
              "unsafeName": "generate_content",
              "safeName": "generate_content"
            },
            "screamingSnakeCase": {
              "unsafeName": "GENERATE_CONTENT",
              "safeName": "GENERATE_CONTENT"
            },
            "pascalCase": {
              "unsafeName": "GenerateContent",
              "safeName": "GenerateContent"
            }
          },
          "fernFilepath": {
            "allParts": [
              {
                "originalName": "generativelanguage",
                "camelCase": {
                  "unsafeName": "generativelanguage",
                  "safeName": "generativelanguage"
                },
                "snakeCase": {
                  "unsafeName": "generativelanguage",
                  "safeName": "generativelanguage"
                },
                "screamingSnakeCase": {
                  "unsafeName": "GENERATIVELANGUAGE",
                  "safeName": "GENERATIVELANGUAGE"
                },
                "pascalCase": {
                  "unsafeName": "Generativelanguage",
                  "safeName": "Generativelanguage"
                }
              }
            ],
            "packagePath": [],
            "file": {
              "originalName": "generativelanguage",
              "camelCase": {
                "unsafeName": "generativelanguage",
                "safeName": "generativelanguage"
              },
              "snakeCase": {
                "unsafeName": "generativelanguage",
                "safeName": "generativelanguage"
              },
              "screamingSnakeCase": {
                "unsafeName": "GENERATIVELANGUAGE",
                "safeName": "GENERATIVELANGUAGE"
              },
              "pascalCase": {
                "unsafeName": "Generativelanguage",
                "safeName": "Generativelanguage"
              }
            }
          }
        },
        "location": {
          "method": "POST",
          "path": "/generateContent"
        },
        "request": {
          "pathParameters": [
            {
              "name": {
                "name": {
                  "originalName": "model",
                  "camelCase": {
                    "unsafeName": "model",
                    "safeName": "model"
                  },
                  "snakeCase": {
                    "unsafeName": "model",
                    "safeName": "model"
                  },
                  "screamingSnakeCase": {
                    "unsafeName": "MODEL",
                    "safeName": "MODEL"
                  },
                  "pascalCase": {
                    "unsafeName": "Model",
                    "safeName": "Model"
                  }
                },
                "wireValue": "model"
              },
              "typeReference": {
                "value": "STRING",
                "type": "primitive"
              }
            }
          ],
          "type": "body"
        },
        "response": {
          "type": "json"
        },
        "examples": []
      }
    },
    "pathParameters": [],
    "environments": {
      "defaultEnvironment": "Default",
      "environments": {
        "environments": [
          {
            "id": "Default",
            "name": {
              "originalName": "Default",
              "camelCase": {
                "unsafeName": "default",
                "safeName": "default"
              },
              "snakeCase": {
                "unsafeName": "default",
                "safeName": "default"
              },
              "screamingSnakeCase": {
                "unsafeName": "DEFAULT",
                "safeName": "DEFAULT"
              },
              "pascalCase": {
                "unsafeName": "Default",
                "safeName": "Default"
              }
            },
            "url": "https://ai.com"
          }
        ],
        "type": "singleBaseUrl"
      }
    }
  },
  "subpackages": {
    "subpackage_generativelanguage": {
      "fernFilepath": {
        "allParts": [
          {
            "originalName": "generativelanguage",
            "camelCase": {
              "unsafeName": "generativelanguage",
              "safeName": "generativelanguage"
            },
            "snakeCase": {
              "unsafeName": "generativelanguage",
              "safeName": "generativelanguage"
            },
            "screamingSnakeCase": {
              "unsafeName": "GENERATIVELANGUAGE",
              "safeName": "GENERATIVELANGUAGE"
            },
            "pascalCase": {
              "unsafeName": "Generativelanguage",
              "safeName": "Generativelanguage"
            }
          }
        ],
        "packagePath": [],
        "file": {
          "originalName": "generativelanguage",
          "camelCase": {
            "unsafeName": "generativelanguage",
            "safeName": "generativelanguage"
          },
          "snakeCase": {
            "unsafeName": "generativelanguage",
            "safeName": "generativelanguage"
          },
          "screamingSnakeCase": {
            "unsafeName": "GENERATIVELANGUAGE",
            "safeName": "GENERATIVELANGUAGE"
          },
          "pascalCase": {
            "unsafeName": "Generativelanguage",
            "safeName": "Generativelanguage"
          }
        }
      },
      "name": {
        "originalName": "generativelanguage",
        "camelCase": {
          "unsafeName": "generativelanguage",
          "safeName": "generativelanguage"
        },
        "snakeCase": {
          "unsafeName": "generativelanguage",
          "safeName": "generativelanguage"
        },
        "screamingSnakeCase": {
          "unsafeName": "GENERATIVELANGUAGE",
          "safeName": "GENERATIVELANGUAGE"
        },
        "pascalCase": {
          "unsafeName": "Generativelanguage",
          "safeName": "Generativelanguage"
        }
      },
      "service": "service_generativelanguage",
      "types": [],
      "errors": [],
      "subpackages": [],
      "hasEndpointsInTree": true
    }
  },
  "rootPackage": {
    "fernFilepath": {
      "allParts": [],
      "packagePath": []
    },
    "types": [
      "type_:GenerateContentResponse"
    ],
    "errors": [],
    "subpackages": [
      "subpackage_generativelanguage"
    ],
    "hasEndpointsInTree": true
  },
  "sdkConfig": {
    "isAuthMandatory": false,
    "hasStreamingEndpoints": false,
    "hasPaginatedEndpoints": false,
    "hasFileDownloadEndpoints": false,
    "platformHeaders": {
      "language": "X-Fern-Language",
      "sdkName": "X-Fern-SDK-Name",
      "sdkVersion": "X-Fern-SDK-Version"
    }
  }
}