{
  "auth": {
    "requirement": "ALL",
    "schemes": []
  },
  "types": {
    "Error": {
      "name": {
        "typeId": "Error",
        "fernFilepath": {
          "allParts": [],
          "packagePath": []
        },
        "name": {
          "originalName": "Error",
          "camelCase": {
            "unsafeName": "error",
            "safeName": "error"
          },
          "snakeCase": {
            "unsafeName": "error",
            "safeName": "error"
          },
          "screamingSnakeCase": {
            "unsafeName": "ERROR",
            "safeName": "ERROR"
          },
          "pascalCase": {
            "unsafeName": "Error",
            "safeName": "Error_"
          }
        }
      },
      "shape": {
        "properties": [
          {
            "name": {
              "name": {
                "originalName": "code",
                "camelCase": {
                  "unsafeName": "code",
                  "safeName": "code"
                },
                "snakeCase": {
                  "unsafeName": "code",
                  "safeName": "code"
                },
                "screamingSnakeCase": {
                  "unsafeName": "CODE",
                  "safeName": "CODE"
                },
                "pascalCase": {
                  "unsafeName": "Code",
                  "safeName": "Code"
                }
              },
              "wireValue": "code"
            },
            "valueType": {
              "container": {
                "optional": {
                  "primitive": {
                    "v1": "INTEGER",
                    "v2": {
                      "validation": {},
                      "type": "integer"
                    }
                  },
                  "type": "primitive"
                },
                "type": "optional"
              },
              "type": "container"
            },
            "v2Examples": {
              "userSpecifiedExamples": {},
              "autogeneratedExamples": {
                "ErrorCode_example_autogenerated": 42
              }
            }
          },
          {
            "name": {
              "name": {
                "originalName": "message",
                "camelCase": {
                  "unsafeName": "message",
                  "safeName": "message"
                },
                "snakeCase": {
                  "unsafeName": "message",
                  "safeName": "message"
                },
                "screamingSnakeCase": {
                  "unsafeName": "MESSAGE",
                  "safeName": "MESSAGE"
                },
                "pascalCase": {
                  "unsafeName": "Message",
                  "safeName": "Message"
                }
              },
              "wireValue": "message"
            },
            "valueType": {
              "container": {
                "optional": {
                  "primitive": {
                    "v1": "STRING",
                    "v2": {
                      "validation": {},
                      "type": "string"
                    }
                  },
                  "type": "primitive"
                },
                "type": "optional"
              },
              "type": "container"
            },
            "v2Examples": {
              "userSpecifiedExamples": {},
              "autogeneratedExamples": {
                "ErrorMessage_example_autogenerated": "foo"
              }
            }
          }
        ],
        "extends": [],
        "extendedProperties": [],
        "extraProperties": false,
        "type": "object"
      },
      "autogeneratedExamples": [],
      "userProvidedExamples": [],
      "referencedTypes": {},
      "inline": false,
      "v2Examples": {
        "userSpecifiedExamples": {},
        "autogeneratedExamples": {
          "Error_example_autogenerated": {}
        }
      }
    }
  },
  "services": {
    "service_": {
      "name": {
        "fernFilepath": {
          "allParts": [],
          "packagePath": []
        }
      },
      "basePath": {
        "head": "",
        "parts": []
      },
      "headers": [],
      "pathParameters": [],
      "endpoints": [
        {
          "id": "listAllPets",
          "displayName": "List all pets",
          "method": "GET",
          "name": {
            "originalName": "listAllPets",
            "camelCase": {
              "unsafeName": "listAllPets",
              "safeName": "listAllPets"
            },
            "snakeCase": {
              "unsafeName": "list_all_pets",
              "safeName": "list_all_pets"
            },
            "screamingSnakeCase": {
              "unsafeName": "LIST_ALL_PETS",
              "safeName": "LIST_ALL_PETS"
            },
            "pascalCase": {
              "unsafeName": "ListAllPets",
              "safeName": "ListAllPets"
            }
          },
          "path": {
            "head": "/pets",
            "parts": []
          },
          "pathParameters": [],
          "queryParameters": [],
          "headers": [],
          "response": {
            "statusCode": 200,
            "body": {
              "value": {
                "responseBodyType": {
                  "fernFilepath": {
                    "allParts": [],
                    "packagePath": []
                  },
                  "name": {
                    "originalName": "Pet",
                    "camelCase": {
                      "unsafeName": "pet",
                      "safeName": "pet"
                    },
                    "snakeCase": {
                      "unsafeName": "pet",
                      "safeName": "pet"
                    },
                    "screamingSnakeCase": {
                      "unsafeName": "PET",
                      "safeName": "PET"
                    },
                    "pascalCase": {
                      "unsafeName": "Pet",
                      "safeName": "Pet"
                    }
                  },
                  "typeId": "Pet",
                  "inline": false,
                  "type": "named"
                },
                "docs": "A list of pets",
                "v2Examples": {
                  "userSpecifiedExamples": {},
                  "autogeneratedExamples": {
                    "listAllPets_example": {
                      "name": "foo",
                      "photoUrls": [
                        "foo"
                      ]
                    }
                  }
                },
                "type": "response"
              },
              "type": "json"
            }
          },
          "errors": [],
          "auth": false,
          "userSpecifiedExamples": [],
          "autogeneratedExamples": [],
          "idempotent": false,
          "fullPath": {
            "head": "/pets",
            "parts": []
          },
          "allPathParameters": [],
          "v2Examples": {
            "autogeneratedExamples": {},
            "userSpecifiedExamples": {}
          }
        }
      ]
    }
  },
  "errors": {},
  "webhookGroups": {},
  "headers": [],
  "idempotencyHeaders": [],
  "pathParameters": [],
  "errorDiscriminationStrategy": {
    "type": "statusCode"
  },
  "variables": [],
  "serviceTypeReferenceInfo": {
    "sharedTypes": [],
    "typesReferencedOnlyByService": {}
  },
  "rootPackage": {
    "fernFilepath": {
      "allParts": [],
      "packagePath": []
    },
    "service": "service_",
    "types": [
      "Error"
    ],
    "errors": [],
    "subpackages": [],
    "hasEndpointsInTree": false
  },
  "subpackages": {},
  "sdkConfig": {
    "hasFileDownloadEndpoints": false,
    "hasPaginatedEndpoints": false,
    "hasStreamingEndpoints": false,
    "isAuthMandatory": true,
    "platformHeaders": {
      "language": "",
      "sdkName": "",
      "sdkVersion": ""
    }
  },
  "apiName": {
    "originalName": "",
    "camelCase": {
      "unsafeName": "",
      "safeName": ""
    },
    "snakeCase": {
      "unsafeName": "",
      "safeName": ""
    },
    "screamingSnakeCase": {
      "unsafeName": "",
      "safeName": ""
    },
    "pascalCase": {
      "unsafeName": "",
      "safeName": ""
    }
  },
  "constants": {
    "errorInstanceIdKey": {
      "name": {
        "originalName": "errorInstanceId",
        "camelCase": {
          "unsafeName": "errorInstanceId",
          "safeName": "errorInstanceId"
        },
        "snakeCase": {
          "unsafeName": "error_instance_id",
          "safeName": "error_instance_id"
        },
        "screamingSnakeCase": {
          "unsafeName": "ERROR_INSTANCE_ID",
          "safeName": "ERROR_INSTANCE_ID"
        },
        "pascalCase": {
          "unsafeName": "ErrorInstanceId",
          "safeName": "ErrorInstanceId"
        }
      },
      "wireValue": "errorInstanceId"
    }
  }
}