{
  "apiDisplayName": "Inlined path parameters",
  "headers": [],
  "idempotencyHeaders": [],
  "types": {},
  "services": {},
  "webhookGroups": {},
  "errors": {},
  "pathParameters": [],
  "errorDiscriminationStrategy": {
    "type": "statusCode"
  },
  "variables": [],
  "serviceTypeReferenceInfo": {
    "typesReferencedOnlyByService": {},
    "sharedTypes": []
  }
}