{
  "apiName": {
    "originalName": "",
    "camelCase": {
      "unsafeName": "",
      "safeName": ""
    },
    "snakeCase": {
      "unsafeName": "",
      "safeName": ""
    },
    "screamingSnakeCase": {
      "unsafeName": "",
      "safeName": ""
    },
    "pascalCase": {
      "unsafeName": "",
      "safeName": ""
    }
  },
  "auth": {
    "requirement": "ALL",
    "schemes": []
  },
  "headers": [],
  "environments": {
    "defaultEnvironment": "default",
    "environments": {
      "environments": [
        {
          "id": "default",
          "name": {
            "originalName": "Default",
            "camelCase": {
              "unsafeName": "default",
              "safeName": "default_"
            },
            "snakeCase": {
              "unsafeName": "default",
              "safeName": "default_"
            },
            "screamingSnakeCase": {
              "unsafeName": "DEFAULT",
              "safeName": "DEFAULT"
            },
            "pascalCase": {
              "unsafeName": "Default",
              "safeName": "Default"
            }
          },
          "url": "https://api.acme.com"
        }
      ],
      "type": "singleBaseUrl"
    }
  },
  "types": {},
  "constants": {
    "errorInstanceIdKey": {
      "name": {
        "originalName": "errorInstanceId",
        "camelCase": {
          "unsafeName": "errorInstanceId",
          "safeName": "errorInstanceId"
        },
        "snakeCase": {
          "unsafeName": "error_instance_id",
          "safeName": "error_instance_id"
        },
        "screamingSnakeCase": {
          "unsafeName": "ERROR_INSTANCE_ID",
          "safeName": "ERROR_INSTANCE_ID"
        },
        "pascalCase": {
          "unsafeName": "ErrorInstanceId",
          "safeName": "ErrorInstanceId"
        }
      },
      "wireValue": "errorInstanceId"
    }
  },
  "errors": {},
  "services": {
    "": {
      "name": {
        "fernFilepath": {
          "allParts": [
            {
              "originalName": "",
              "camelCase": {
                "unsafeName": "",
                "safeName": ""
              },
              "snakeCase": {
                "unsafeName": "",
                "safeName": ""
              },
              "screamingSnakeCase": {
                "unsafeName": "",
                "safeName": ""
              },
              "pascalCase": {
                "unsafeName": "",
                "safeName": ""
              }
            }
          ],
          "packagePath": [],
          "file": {
            "originalName": "",
            "camelCase": {
              "unsafeName": "",
              "safeName": ""
            },
            "snakeCase": {
              "unsafeName": "",
              "safeName": ""
            },
            "screamingSnakeCase": {
              "unsafeName": "",
              "safeName": ""
            },
            "pascalCase": {
              "unsafeName": "",
              "safeName": ""
            }
          }
        }
      },
      "basePath": {
        "head": "",
        "parts": []
      },
      "headers": [],
      "pathParameters": [],
      "endpoints": [
        {
          "id": ".exampleEndpoint",
          "displayName": "Example endpoint",
          "method": "GET",
          "name": {
            "originalName": "exampleEndpoint",
            "camelCase": {
              "unsafeName": "exampleEndpoint",
              "safeName": "exampleEndpoint"
            },
            "snakeCase": {
              "unsafeName": "example_endpoint",
              "safeName": "example_endpoint"
            },
            "screamingSnakeCase": {
              "unsafeName": "EXAMPLE_ENDPOINT",
              "safeName": "EXAMPLE_ENDPOINT"
            },
            "pascalCase": {
              "unsafeName": "ExampleEndpoint",
              "safeName": "ExampleEndpoint"
            }
          },
          "path": {
            "head": "/example",
            "parts": []
          },
          "pathParameters": [],
          "queryParameters": [],
          "headers": [],
          "errors": [],
          "auth": false,
          "userSpecifiedExamples": [],
          "autogeneratedExamples": [
            {
              "example": {
                "id": "154d0996",
                "url": "/example",
                "endpointHeaders": [],
                "endpointPathParameters": [],
                "queryParameters": [],
                "servicePathParameters": [],
                "serviceHeaders": [],
                "rootPathParameters": [],
                "response": {
                  "value": {
                    "type": "body"
                  },
                  "type": "ok"
                }
              }
            }
          ],
          "idempotent": false,
          "fullPath": {
            "head": "/example",
            "parts": []
          },
          "allPathParameters": []
        }
      ]
    }
  },
  "webhookGroups": {},
  "subpackages": {},
  "websocketChannels": {},
  "rootPackage": {
    "service": "",
    "types": [],
    "errors": [],
    "subpackages": [],
    "fernFilepath": {
      "allParts": [],
      "packagePath": []
    },
    "hasEndpointsInTree": false
  },
  "idempotencyHeaders": [],
  "pathParameters": [],
  "errorDiscriminationStrategy": {
    "type": "statusCode"
  },
  "variables": [],
  "serviceTypeReferenceInfo": {
    "sharedTypes": [],
    "typesReferencedOnlyByService": {}
  },
  "sdkConfig": {
    "hasFileDownloadEndpoints": false,
    "hasPaginatedEndpoints": false,
    "hasStreamingEndpoints": false,
    "isAuthMandatory": true,
    "platformHeaders": {
      "language": "",
      "sdkName": "",
      "sdkVersion": ""
    }
  }
}