{
  "type": "object",
  "properties": {
    "type": {
      "type": "string",
      "enum": [
        "foo",
        "empty1",
        "empty2"
      ]
    }
  },
  "required": [
    "type"
  ],
  "oneOf": [
    {
      "properties": {
        "type": {
          "const": "foo"
        },
        "name": {
          "type": "string"
        }
      },
      "required": [
        "type",
        "name"
      ]
    },
    {
      "properties": {
        "type": {
          "const": "empty1"
        }
      },
      "required": [
        "type"
      ]
    },
    {
      "properties": {
        "type": {
          "const": "empty2"
        }
      },
      "required": [
        "type"
      ]
    }
  ],
  "definitions": {}
}