{
  "apiName": {
    "originalName": "",
    "camelCase": {
      "unsafeName": "",
      "safeName": ""
    },
    "snakeCase": {
      "unsafeName": "",
      "safeName": ""
    },
    "screamingSnakeCase": {
      "unsafeName": "",
      "safeName": ""
    },
    "pascalCase": {
      "unsafeName": "",
      "safeName": ""
    }
  },
  "selfHosted": false,
  "auth": {
    "requirement": "ALL",
    "schemes": []
  },
  "headers": [],
  "types": {
    "UploadWithContentTypePostRequestBodyContentMultipartFormDataSchemaMetadata": {
      "name": {
        "typeId": "UploadWithContentTypePostRequestBodyContentMultipartFormDataSchemaMetadata",
        "fernFilepath": {
          "allParts": [],
          "packagePath": []
        },
        "name": {
          "originalName": "UploadWithContentTypePostRequestBodyContentMultipartFormDataSchemaMetadata",
          "camelCase": {
            "unsafeName": "uploadWithContentTypePostRequestBodyContentMultipartFormDataSchemaMetadata",
            "safeName": "uploadWithContentTypePostRequestBodyContentMultipartFormDataSchemaMetadata"
          },
          "snakeCase": {
            "unsafeName": "upload_with_content_type_post_request_body_content_multipart_form_data_schema_metadata",
            "safeName": "upload_with_content_type_post_request_body_content_multipart_form_data_schema_metadata"
          },
          "screamingSnakeCase": {
            "unsafeName": "UPLOAD_WITH_CONTENT_TYPE_POST_REQUEST_BODY_CONTENT_MULTIPART_FORM_DATA_SCHEMA_METADATA",
            "safeName": "UPLOAD_WITH_CONTENT_TYPE_POST_REQUEST_BODY_CONTENT_MULTIPART_FORM_DATA_SCHEMA_METADATA"
          },
          "pascalCase": {
            "unsafeName": "UploadWithContentTypePostRequestBodyContentMultipartFormDataSchemaMetadata",
            "safeName": "UploadWithContentTypePostRequestBodyContentMultipartFormDataSchemaMetadata"
          }
        }
      },
      "shape": {
        "properties": [],
        "extends": [],
        "extendedProperties": [],
        "extraProperties": false,
        "type": "object"
      },
      "autogeneratedExamples": [],
      "userProvidedExamples": [],
      "docs": "This is a metadata field",
      "referencedTypes": {},
      "inline": false,
      "v2Examples": {
        "userSpecifiedExamples": {},
        "autogeneratedExamples": {
          "UploadWithContentTypePostRequestBodyContentMultipartFormDataSchemaMetadata_example_autogenerated": {}
        }
      }
    },
    "UploadWithContentTypePostRequestBodyContentMultipartFormDataSchemaData": {
      "name": {
        "typeId": "UploadWithContentTypePostRequestBodyContentMultipartFormDataSchemaData",
        "fernFilepath": {
          "allParts": [],
          "packagePath": []
        },
        "name": {
          "originalName": "UploadWithContentTypePostRequestBodyContentMultipartFormDataSchemaData",
          "camelCase": {
            "unsafeName": "uploadWithContentTypePostRequestBodyContentMultipartFormDataSchemaData",
            "safeName": "uploadWithContentTypePostRequestBodyContentMultipartFormDataSchemaData"
          },
          "snakeCase": {
            "unsafeName": "upload_with_content_type_post_request_body_content_multipart_form_data_schema_data",
            "safeName": "upload_with_content_type_post_request_body_content_multipart_form_data_schema_data"
          },
          "screamingSnakeCase": {
            "unsafeName": "UPLOAD_WITH_CONTENT_TYPE_POST_REQUEST_BODY_CONTENT_MULTIPART_FORM_DATA_SCHEMA_DATA",
            "safeName": "UPLOAD_WITH_CONTENT_TYPE_POST_REQUEST_BODY_CONTENT_MULTIPART_FORM_DATA_SCHEMA_DATA"
          },
          "pascalCase": {
            "unsafeName": "UploadWithContentTypePostRequestBodyContentMultipartFormDataSchemaData",
            "safeName": "UploadWithContentTypePostRequestBodyContentMultipartFormDataSchemaData"
          }
        }
      },
      "shape": {
        "properties": [
          {
            "name": {
              "name": {
                "originalName": "datum",
                "camelCase": {
                  "unsafeName": "datum",
                  "safeName": "datum"
                },
                "snakeCase": {
                  "unsafeName": "datum",
                  "safeName": "datum"
                },
                "screamingSnakeCase": {
                  "unsafeName": "DATUM",
                  "safeName": "DATUM"
                },
                "pascalCase": {
                  "unsafeName": "Datum",
                  "safeName": "Datum"
                }
              },
              "wireValue": "datum"
            },
            "valueType": {
              "container": {
                "optional": {
                  "primitive": {
                    "v1": "STRING",
                    "v2": {
                      "validation": {},
                      "type": "string"
                    }
                  },
                  "type": "primitive"
                },
                "type": "optional"
              },
              "type": "container"
            },
            "v2Examples": {
              "userSpecifiedExamples": {},
              "autogeneratedExamples": {
                "UploadWithContentTypePostRequestBodyContentMultipartFormDataSchemaDataDatum_example_autogenerated": "foo"
              }
            }
          }
        ],
        "extends": [],
        "extendedProperties": [],
        "extraProperties": false,
        "type": "object"
      },
      "autogeneratedExamples": [],
      "userProvidedExamples": [],
      "referencedTypes": {},
      "inline": false,
      "v2Examples": {
        "userSpecifiedExamples": {},
        "autogeneratedExamples": {
          "UploadWithContentTypePostRequestBodyContentMultipartFormDataSchemaData_example_autogenerated": {}
        }
      }
    }
  },
  "constants": {
    "errorInstanceIdKey": {
      "name": {
        "originalName": "errorInstanceId",
        "camelCase": {
          "unsafeName": "errorInstanceId",
          "safeName": "errorInstanceId"
        },
        "snakeCase": {
          "unsafeName": "error_instance_id",
          "safeName": "error_instance_id"
        },
        "screamingSnakeCase": {
          "unsafeName": "ERROR_INSTANCE_ID",
          "safeName": "ERROR_INSTANCE_ID"
        },
        "pascalCase": {
          "unsafeName": "ErrorInstanceId",
          "safeName": "ErrorInstanceId"
        }
      },
      "wireValue": "errorInstanceId"
    }
  },
  "errors": {},
  "services": {
    "service_": {
      "name": {
        "fernFilepath": {
          "allParts": [],
          "packagePath": []
        }
      },
      "basePath": {
        "head": "",
        "parts": []
      },
      "endpoints": [
        {
          "displayName": "Upload a file",
          "method": "POST",
          "path": {
            "head": "/upload",
            "parts": []
          },
          "pathParameters": [],
          "queryParameters": [],
          "headers": [],
          "errors": [],
          "auth": false,
          "userSpecifiedExamples": [],
          "autogeneratedExamples": [],
          "idempotent": false,
          "fullPath": {
            "head": "/upload",
            "parts": []
          },
          "allPathParameters": [],
          "source": {
            "type": "openapi"
          },
          "audiences": [],
          "id": "endpoint_.upload-file",
          "name": {
            "originalName": "upload-file",
            "camelCase": {
              "unsafeName": "uploadFile",
              "safeName": "uploadFile"
            },
            "snakeCase": {
              "unsafeName": "upload_file",
              "safeName": "upload_file"
            },
            "screamingSnakeCase": {
              "unsafeName": "UPLOAD_FILE",
              "safeName": "UPLOAD_FILE"
            },
            "pascalCase": {
              "unsafeName": "UploadFile",
              "safeName": "UploadFile"
            }
          },
          "requestBody": {
            "contentType": "multipart/form-data",
            "name": {
              "originalName": "upload-file_Request",
              "camelCase": {
                "unsafeName": "uploadFileRequest",
                "safeName": "uploadFileRequest"
              },
              "snakeCase": {
                "unsafeName": "upload_file_request",
                "safeName": "upload_file_request"
              },
              "screamingSnakeCase": {
                "unsafeName": "UPLOAD_FILE_REQUEST",
                "safeName": "UPLOAD_FILE_REQUEST"
              },
              "pascalCase": {
                "unsafeName": "UploadFileRequest",
                "safeName": "UploadFileRequest"
              }
            },
            "properties": [
              {
                "value": {
                  "key": {
                    "name": {
                      "originalName": "file",
                      "camelCase": {
                        "unsafeName": "file",
                        "safeName": "file"
                      },
                      "snakeCase": {
                        "unsafeName": "file",
                        "safeName": "file"
                      },
                      "screamingSnakeCase": {
                        "unsafeName": "FILE",
                        "safeName": "FILE"
                      },
                      "pascalCase": {
                        "unsafeName": "File",
                        "safeName": "File_"
                      }
                    },
                    "wireValue": "file"
                  },
                  "isOptional": false,
                  "contentType": "multipart/form-data",
                  "docs": "The file to upload",
                  "type": "file"
                },
                "type": "file"
              },
              {
                "value": {
                  "key": {
                    "name": {
                      "originalName": "maybe_file",
                      "camelCase": {
                        "unsafeName": "maybeFile",
                        "safeName": "maybeFile"
                      },
                      "snakeCase": {
                        "unsafeName": "maybe_file",
                        "safeName": "maybe_file"
                      },
                      "screamingSnakeCase": {
                        "unsafeName": "MAYBE_FILE",
                        "safeName": "MAYBE_FILE"
                      },
                      "pascalCase": {
                        "unsafeName": "MaybeFile",
                        "safeName": "MaybeFile"
                      }
                    },
                    "wireValue": "maybe_file"
                  },
                  "isOptional": true,
                  "contentType": "multipart/form-data",
                  "docs": "An optional file to upload",
                  "type": "file"
                },
                "type": "file"
              }
            ],
            "v2Examples": {
              "userSpecifiedExamples": {},
              "autogeneratedExamples": {
                "uploadFileExample": {
                  "file": "foo"
                }
              }
            },
            "type": "fileUpload"
          },
          "v2Examples": {
            "autogeneratedExamples": {
              "uploadFileExample": {
                "request": {
                  "endpoint": {
                    "method": "POST",
                    "path": "/upload"
                  },
                  "pathParameters": {},
                  "queryParameters": {},
                  "headers": {},
                  "requestBody": {
                    "file": "foo"
                  }
                },
                "response": {}
              }
            },
            "userSpecifiedExamples": {}
          }
        },
        {
          "displayName": "Upload a list of files",
          "method": "POST",
          "path": {
            "head": "/upload-list",
            "parts": []
          },
          "pathParameters": [],
          "queryParameters": [],
          "headers": [],
          "errors": [],
          "auth": false,
          "userSpecifiedExamples": [],
          "autogeneratedExamples": [],
          "idempotent": false,
          "fullPath": {
            "head": "/upload-list",
            "parts": []
          },
          "allPathParameters": [],
          "source": {
            "type": "openapi"
          },
          "audiences": [],
          "id": "endpoint_.upload-list",
          "name": {
            "originalName": "upload-list",
            "camelCase": {
              "unsafeName": "uploadList",
              "safeName": "uploadList"
            },
            "snakeCase": {
              "unsafeName": "upload_list",
              "safeName": "upload_list"
            },
            "screamingSnakeCase": {
              "unsafeName": "UPLOAD_LIST",
              "safeName": "UPLOAD_LIST"
            },
            "pascalCase": {
              "unsafeName": "UploadList",
              "safeName": "UploadList"
            }
          },
          "requestBody": {
            "contentType": "multipart/form-data",
            "name": {
              "originalName": "upload-list_Request",
              "camelCase": {
                "unsafeName": "uploadListRequest",
                "safeName": "uploadListRequest"
              },
              "snakeCase": {
                "unsafeName": "upload_list_request",
                "safeName": "upload_list_request"
              },
              "screamingSnakeCase": {
                "unsafeName": "UPLOAD_LIST_REQUEST",
                "safeName": "UPLOAD_LIST_REQUEST"
              },
              "pascalCase": {
                "unsafeName": "UploadListRequest",
                "safeName": "UploadListRequest"
              }
            },
            "properties": [
              {
                "value": {
                  "key": {
                    "name": {
                      "originalName": "list_file",
                      "camelCase": {
                        "unsafeName": "listFile",
                        "safeName": "listFile"
                      },
                      "snakeCase": {
                        "unsafeName": "list_file",
                        "safeName": "list_file"
                      },
                      "screamingSnakeCase": {
                        "unsafeName": "LIST_FILE",
                        "safeName": "LIST_FILE"
                      },
                      "pascalCase": {
                        "unsafeName": "ListFile",
                        "safeName": "ListFile"
                      }
                    },
                    "wireValue": "list_file"
                  },
                  "isOptional": false,
                  "contentType": "multipart/form-data",
                  "type": "fileArray"
                },
                "type": "file"
              },
              {
                "value": {
                  "key": {
                    "name": {
                      "originalName": "maybe_list_file",
                      "camelCase": {
                        "unsafeName": "maybeListFile",
                        "safeName": "maybeListFile"
                      },
                      "snakeCase": {
                        "unsafeName": "maybe_list_file",
                        "safeName": "maybe_list_file"
                      },
                      "screamingSnakeCase": {
                        "unsafeName": "MAYBE_LIST_FILE",
                        "safeName": "MAYBE_LIST_FILE"
                      },
                      "pascalCase": {
                        "unsafeName": "MaybeListFile",
                        "safeName": "MaybeListFile"
                      }
                    },
                    "wireValue": "maybe_list_file"
                  },
                  "isOptional": true,
                  "contentType": "multipart/form-data",
                  "type": "fileArray"
                },
                "type": "file"
              }
            ],
            "v2Examples": {
              "userSpecifiedExamples": {},
              "autogeneratedExamples": {
                "uploadListExample": {
                  "list_file": [
                    "foo"
                  ]
                }
              }
            },
            "type": "fileUpload"
          },
          "v2Examples": {
            "autogeneratedExamples": {
              "uploadListExample": {
                "request": {
                  "endpoint": {
                    "method": "POST",
                    "path": "/upload-list"
                  },
                  "pathParameters": {},
                  "queryParameters": {},
                  "headers": {},
                  "requestBody": {
                    "list_file": [
                      "foo"
                    ]
                  }
                },
                "response": {}
              }
            },
            "userSpecifiedExamples": {}
          }
        },
        {
          "displayName": "Upload a file with a content type",
          "method": "POST",
          "path": {
            "head": "/upload-with-content-type",
            "parts": []
          },
          "pathParameters": [],
          "queryParameters": [],
          "headers": [],
          "errors": [],
          "auth": false,
          "userSpecifiedExamples": [],
          "autogeneratedExamples": [],
          "idempotent": false,
          "fullPath": {
            "head": "/upload-with-content-type",
            "parts": []
          },
          "allPathParameters": [],
          "source": {
            "type": "openapi"
          },
          "audiences": [],
          "id": "endpoint_.upload-with-content-type",
          "name": {
            "originalName": "upload-with-content-type",
            "camelCase": {
              "unsafeName": "uploadWithContentType",
              "safeName": "uploadWithContentType"
            },
            "snakeCase": {
              "unsafeName": "upload_with_content_type",
              "safeName": "upload_with_content_type"
            },
            "screamingSnakeCase": {
              "unsafeName": "UPLOAD_WITH_CONTENT_TYPE",
              "safeName": "UPLOAD_WITH_CONTENT_TYPE"
            },
            "pascalCase": {
              "unsafeName": "UploadWithContentType",
              "safeName": "UploadWithContentType"
            }
          },
          "requestBody": {
            "contentType": "multipart/form-data",
            "name": {
              "originalName": "upload-with-content-type_Request",
              "camelCase": {
                "unsafeName": "uploadWithContentTypeRequest",
                "safeName": "uploadWithContentTypeRequest"
              },
              "snakeCase": {
                "unsafeName": "upload_with_content_type_request",
                "safeName": "upload_with_content_type_request"
              },
              "screamingSnakeCase": {
                "unsafeName": "UPLOAD_WITH_CONTENT_TYPE_REQUEST",
                "safeName": "UPLOAD_WITH_CONTENT_TYPE_REQUEST"
              },
              "pascalCase": {
                "unsafeName": "UploadWithContentTypeRequest",
                "safeName": "UploadWithContentTypeRequest"
              }
            },
            "properties": [
              {
                "value": {
                  "key": {
                    "name": {
                      "originalName": "file",
                      "camelCase": {
                        "unsafeName": "file",
                        "safeName": "file"
                      },
                      "snakeCase": {
                        "unsafeName": "file",
                        "safeName": "file"
                      },
                      "screamingSnakeCase": {
                        "unsafeName": "FILE",
                        "safeName": "FILE"
                      },
                      "pascalCase": {
                        "unsafeName": "File",
                        "safeName": "File_"
                      }
                    },
                    "wireValue": "file"
                  },
                  "isOptional": false,
                  "contentType": "multipart/form-data",
                  "docs": "The file to upload",
                  "type": "file"
                },
                "type": "file"
              },
              {
                "value": {
                  "key": {
                    "name": {
                      "originalName": "maybe_file",
                      "camelCase": {
                        "unsafeName": "maybeFile",
                        "safeName": "maybeFile"
                      },
                      "snakeCase": {
                        "unsafeName": "maybe_file",
                        "safeName": "maybe_file"
                      },
                      "screamingSnakeCase": {
                        "unsafeName": "MAYBE_FILE",
                        "safeName": "MAYBE_FILE"
                      },
                      "pascalCase": {
                        "unsafeName": "MaybeFile",
                        "safeName": "MaybeFile"
                      }
                    },
                    "wireValue": "maybe_file"
                  },
                  "isOptional": true,
                  "contentType": "multipart/form-data",
                  "docs": "An optional file to upload",
                  "type": "file"
                },
                "type": "file"
              },
              {
                "name": {
                  "name": {
                    "originalName": "metadata",
                    "camelCase": {
                      "unsafeName": "metadata",
                      "safeName": "metadata"
                    },
                    "snakeCase": {
                      "unsafeName": "metadata",
                      "safeName": "metadata"
                    },
                    "screamingSnakeCase": {
                      "unsafeName": "METADATA",
                      "safeName": "METADATA"
                    },
                    "pascalCase": {
                      "unsafeName": "Metadata",
                      "safeName": "Metadata"
                    }
                  },
                  "wireValue": "metadata"
                },
                "valueType": {
                  "container": {
                    "optional": {
                      "fernFilepath": {
                        "allParts": [],
                        "packagePath": []
                      },
                      "name": {
                        "originalName": "UploadWithContentTypePostRequestBodyContentMultipartFormDataSchemaMetadata",
                        "camelCase": {
                          "unsafeName": "uploadWithContentTypePostRequestBodyContentMultipartFormDataSchemaMetadata",
                          "safeName": "uploadWithContentTypePostRequestBodyContentMultipartFormDataSchemaMetadata"
                        },
                        "snakeCase": {
                          "unsafeName": "upload_with_content_type_post_request_body_content_multipart_form_data_schema_metadata",
                          "safeName": "upload_with_content_type_post_request_body_content_multipart_form_data_schema_metadata"
                        },
                        "screamingSnakeCase": {
                          "unsafeName": "UPLOAD_WITH_CONTENT_TYPE_POST_REQUEST_BODY_CONTENT_MULTIPART_FORM_DATA_SCHEMA_METADATA",
                          "safeName": "UPLOAD_WITH_CONTENT_TYPE_POST_REQUEST_BODY_CONTENT_MULTIPART_FORM_DATA_SCHEMA_METADATA"
                        },
                        "pascalCase": {
                          "unsafeName": "UploadWithContentTypePostRequestBodyContentMultipartFormDataSchemaMetadata",
                          "safeName": "UploadWithContentTypePostRequestBodyContentMultipartFormDataSchemaMetadata"
                        }
                      },
                      "typeId": "UploadWithContentTypePostRequestBodyContentMultipartFormDataSchemaMetadata",
                      "inline": false,
                      "type": "named"
                    },
                    "type": "optional"
                  },
                  "type": "container"
                },
                "docs": "This is a metadata field",
                "v2Examples": {
                  "userSpecifiedExamples": {},
                  "autogeneratedExamples": {
                    "UploadWithContentTypePostRequestBodyContentMultipartFormDataSchemaMetadata_example_autogenerated": {}
                  }
                },
                "contentType": "application/json",
                "style": "json",
                "type": "bodyProperty"
              },
              {
                "name": {
                  "name": {
                    "originalName": "data",
                    "camelCase": {
                      "unsafeName": "data",
                      "safeName": "data"
                    },
                    "snakeCase": {
                      "unsafeName": "data",
                      "safeName": "data"
                    },
                    "screamingSnakeCase": {
                      "unsafeName": "DATA",
                      "safeName": "DATA"
                    },
                    "pascalCase": {
                      "unsafeName": "Data",
                      "safeName": "Data"
                    }
                  },
                  "wireValue": "data"
                },
                "valueType": {
                  "container": {
                    "optional": {
                      "fernFilepath": {
                        "allParts": [],
                        "packagePath": []
                      },
                      "name": {
                        "originalName": "UploadWithContentTypePostRequestBodyContentMultipartFormDataSchemaData",
                        "camelCase": {
                          "unsafeName": "uploadWithContentTypePostRequestBodyContentMultipartFormDataSchemaData",
                          "safeName": "uploadWithContentTypePostRequestBodyContentMultipartFormDataSchemaData"
                        },
                        "snakeCase": {
                          "unsafeName": "upload_with_content_type_post_request_body_content_multipart_form_data_schema_data",
                          "safeName": "upload_with_content_type_post_request_body_content_multipart_form_data_schema_data"
                        },
                        "screamingSnakeCase": {
                          "unsafeName": "UPLOAD_WITH_CONTENT_TYPE_POST_REQUEST_BODY_CONTENT_MULTIPART_FORM_DATA_SCHEMA_DATA",
                          "safeName": "UPLOAD_WITH_CONTENT_TYPE_POST_REQUEST_BODY_CONTENT_MULTIPART_FORM_DATA_SCHEMA_DATA"
                        },
                        "pascalCase": {
                          "unsafeName": "UploadWithContentTypePostRequestBodyContentMultipartFormDataSchemaData",
                          "safeName": "UploadWithContentTypePostRequestBodyContentMultipartFormDataSchemaData"
                        }
                      },
                      "typeId": "UploadWithContentTypePostRequestBodyContentMultipartFormDataSchemaData",
                      "inline": false,
                      "type": "named"
                    },
                    "type": "optional"
                  },
                  "type": "container"
                },
                "v2Examples": {
                  "userSpecifiedExamples": {},
                  "autogeneratedExamples": {
                    "UploadWithContentTypePostRequestBodyContentMultipartFormDataSchemaData_example_autogenerated": {}
                  }
                },
                "contentType": "multipart/form-data",
                "type": "bodyProperty"
              }
            ],
            "v2Examples": {
              "userSpecifiedExamples": {},
              "autogeneratedExamples": {
                "uploadWithContentTypeExample": {
                  "file": "foo"
                }
              }
            },
            "type": "fileUpload"
          },
          "v2Examples": {
            "autogeneratedExamples": {
              "uploadWithContentTypeExample": {
                "request": {
                  "endpoint": {
                    "method": "POST",
                    "path": "/upload-with-content-type"
                  },
                  "pathParameters": {},
                  "queryParameters": {},
                  "headers": {},
                  "requestBody": {
                    "file": "foo"
                  }
                },
                "response": {}
              }
            },
            "userSpecifiedExamples": {}
          }
        }
      ],
      "pathParameters": [],
      "headers": [],
      "audiences": []
    }
  },
  "webhookGroups": {},
  "subpackages": {},
  "websocketChannels": {},
  "rootPackage": {
    "service": "service_",
    "types": [],
    "errors": [],
    "subpackages": [],
    "fernFilepath": {
      "allParts": [],
      "packagePath": []
    },
    "hasEndpointsInTree": false
  },
  "idempotencyHeaders": [],
  "pathParameters": [],
  "errorDiscriminationStrategy": {
    "type": "statusCode"
  },
  "variables": [],
  "serviceTypeReferenceInfo": {
    "sharedTypes": [],
    "typesReferencedOnlyByService": {}
  },
  "sdkConfig": {
    "hasFileDownloadEndpoints": false,
    "hasPaginatedEndpoints": false,
    "hasStreamingEndpoints": false,
    "isAuthMandatory": true,
    "platformHeaders": {
      "language": "",
      "sdkName": "",
      "sdkVersion": ""
    }
  },
  "audiences": []
}